******************************************************************************
               TMS320C6x Linker PC v8.3.3                      
******************************************************************************
>> Linked Tue Oct 29 13:54:09 2019

OUTPUT FILE NAME:   <3D_people_count_68xx_dss.xe674>
ENTRY POINT SYMBOL: "_c_int00"  address: 007f4f60


MEMORY CONFIGURATION

         name            origin    length      used     unused   attr    fill
----------------------  --------  ---------  --------  --------  ----  --------
PAGE 0:
  L2SRAM_UMAP1          007e0000   00020000  0001ba5c  000045a4  RWIX
  L2SRAM_UMAP0          00800000   00020000  0001fffa  00000006  RWIX
  L1PSRAM               00e00000   00007000  00006da0  00000260  RWIX
  L1DSRAM               00f00000   00004000  00004000  00000000  RWIX
  L3SRAM                20090000   00030000  00018080  00017f80  RWIX
  HWA_RAM               21030000   00010000  00000000  00010000  RWIX
  HSRAM                 21080000   00008000  00004b80  00003480  RWIX

PAGE 1:
  L3SRAM                20090000   00030000  00021000  0000f000  RWIX


SEGMENT ALLOCATION MAP

run origin  load origin   length   init length attrs members
----------  ----------- ---------- ----------- ----- -------
007e0000    007e0000    00018840   00018840    r-x
  007e0000    007e0000    00000200   00000200    r-x .vecs
  007e0200    007e0200    00018640   00018640    r-x .text
007f8840    007f8840    000026d8   00000000    rw-
  007f8840    007f8840    00001ed4   00000000    rw- .far
  007fa718    007fa718    00000800   00000000    rw- .stack
007faf18    007faf18    00000a88   00000964    rw-
  007faf18    007faf18    00000964   00000964    rw- .fardata.1
  007fb880    007fb880    00000120   00000000    rw- .cio
007fb9a0    007fb9a0    0000009c   0000009c    r--
  007fb9a0    007fb9a0    0000009c   0000009c    r-- .switch
007fba3c    007fba3c    00000008   00000008    rw-
  007fba3c    007fba3c    00000008   00000008    rw- .neardata
007fba48    007fba48    00000020   00000020    r--
  007fba48    007fba48    00000020   00000020    r-- .ovly
00800000    00800000    00019f00   00000000    rw-
  00800000    00800000    00019f00   00000000    rw- .dpc_l2Heap
00819f00    00819f00    00003022   00003022    r--
  00819f00    00819f00    00003022   00003022    r-- .const
0081cf28    0081cf28    00002c00   00000000    rw-
  0081cf28    0081cf28    00002c00   00000000    rw- systemHeap
0081fb28    0081fb28    000004d8   000004d8    rw-
  0081fb28    0081fb28    000004d8   000004d8    rw- .fardata.2
00e00000    20090000    00006da0   00006da0    r-x
  00e00000    20090000    00006da0   00006da0    r-x .fastCode
00f00000    00f00000    00004000   00000000    rw-
  00f00000    00f00000    00004000   00000000    rw- .dpc_l1Heap
2009b920    2009b920    00007f00   00007f00    rwx
  2009b920    2009b920    00007f00   00007f00    rwx .overlaidCode
200a3820    200a3820    00001da0   00001da0    r-x
  200a3820    200a3820    00001da0   00001da0    r-x .unUsedCode
200bd540    200bd540    00002ac0   00002ac0    r-x
  200bd540    200bd540    00002ac0   00002ac0    r-x .slowCode
21080000    20096da0    00004b80   00004b80    r-x
  21080000    20096da0    00004b80   00004b80    r-x .hsramCode
20090000    20090000    00021000   00000000    rw-
  20090000    20090000    00021000   00000000    rw- .l3data


SECTION ALLOCATION MAP

 output                                  attributes/
section   page    origin      length       input sections
--------  ----  ----------  ----------   ----------------
.vecs      0    007e0000    00000200     
                  007e0000    00000200     pcount3D_dss_pe674.oe674 (.vecs)

.text      0    007e0200    00018640     
                  007e0200    00004080     RADARDEMO_aoaEst2DCaponBF_angleEst.oe674 (.text:RADARDEMO_aoaEst2DCaponBF_aeEstElevOnly)
                  007e4280    00001500     RADARDEMO_aoaEst2DCaponBF_angleEst.oe674 (.text:RADARDEMO_aoaEst2DCaponBF_aeEstZoomin)
                  007e5780    00000ca0     RADARDEMO_aoaEst2DCaponBF_staticHeatMapEst.oe674 (.text:RADARDEMO_aoaEstimationBFSinglePeak_static)
                  007e6420    00000ba0     sysbios.ae674 : BIOS.obj (.text:xdc_runtime_System_doPrint__I)
                  007e6fc0    00000a40     radarProcess.oe674 (.text:DPU_radarProcess_process)
                  007e7a00    00000900     RADARDEMO_aoaEst2DCaponBF.oe674 (.text:RADARDEMO_aoaEst2DCaponBF_run)
                  007e8300    000007a0     RADARDEMO_aoaEst2DCaponBF.oe674 (.text:RADARDEMO_aoaEst2DCaponBF_static_run)
                  007e8aa0    00000780     sysbios.ae674 : BIOS.obj (.text:ti_sysbios_family_c64p_Exception_handler__I)
                  007e9220    000006a0                   : BIOS.obj (.text:ti_sysbios_knl_Semaphore_pend__E)
                  007e98c0    00000680                   : BIOS.obj (.text:ti_sysbios_heaps_HeapMem_allocUnprotected__E)
                  007e9f40    00000660                   : BIOS.obj (.text:ti_sysbios_heaps_HeapMem_freeUnprotected__E)
                  007ea5a0    000005a0                   : BIOS.obj (.text:ti_sysbios_knl_Task_Instance_finalize__E)
                  007eab40    00000440                   : BIOS.obj (.text:ti_sysbios_knl_Task_Instance_init__E)
                  007eaf80    000003e0                   : BIOS.obj (.text:ti_sysbios_knl_Task_sleep__E)
                  007eb360    000003e0                   : BIOS.obj (.text:ti_sysbios_utils_Load_updateThreadContexts__E)
                  007eb740    000003a0     dsplib.ae674 : DSPF_sp_fftSPxSP.oe674 (.text:optimized)
                  007ebae0    00000360     libdpm_xwr68xx.ae674 : dpm_msg.oe674 (.text:DPM_msgRecv)
                  007ebe40    00000300     sysbios.ae674 : BIOS.obj (.text:xdc_runtime_LoggerBuf_write8__E)
                  007ec140    000002e0                   : BIOS.obj (.text:ti_sysbios_heaps_HeapMem_Instance_init__E)
                  007ec420    000002e0                   : BIOS.obj (.text:xdc_runtime_Core_createObject__I)
                  007ec700    000002c0                   : BIOS.obj (.text:ti_sysbios_knl_Task_postInit__I)
                  007ec9c0    000002c0                   : BIOS.obj (.text:ti_sysbios_timers_rti_Timer_Module_startup__E)
                  007ecc80    000002a0                   : BIOS.obj (.text:ti_sysbios_family_c64p_EventCombiner_dispatch__E)
                  007ecf20    000002a0                   : BIOS.obj (.text:ti_sysbios_timers_rti_Timer_getFreq__E)
                  007ed1c0    00000280                   : BIOS.obj (.text:ti_sysbios_family_c64p_Cache_Module_startup__E)
                  007ed440    00000280                   : BIOS.obj (.text:xdc_runtime_Startup_startMods__I)
                  007ed6c0    00000260     rts6740_elf.lib : imath64.c.obj (.text:__c6xabi_divull)
                  007ed920    00000260     sysbios.ae674 : BIOS.obj (.text:ti_sysbios_gates_GateMutex_enter__E)
                  007edb80    00000240                   : BIOS.obj (.text:ti_sysbios_family_c64p_Exception_internalHandler__I)
                  007eddc0    00000240                   : BIOS.obj (.text:xdc_runtime_Error_policyDefault__E)
                  007ee000    00000240     pcount3D_dss_pe674.oe674 (.text:xdc_runtime_System_printfExtend__I)
                  007ee240    00000220     libmailbox_xwr68xx.ae674 : mailbox.oe674 (.text:Mailbox_write)
                  007ee460    00000220     sysbios.ae674 : BIOS.obj (.text:ti_sysbios_family_c64p_EventCombiner_dispatchPlug__E)
                  007ee680    00000220                   : BIOS.obj (.text:ti_sysbios_family_c64p_EventCombiner_enableEvent__E)
                  007ee8a0    00000220                   : BIOS.obj (.text:xdc_runtime_LoggerBuf_write4__E)
                  007eeac0    00000200     libdpm_xwr68xx.ae674 : dpm_msg.oe674 (.text:DPM_msgResultHandler)
                  007eecc0    00000200     sysbios.ae674 : c64p_Hwi_disp_always.obj (.text:_ti_sysbios_family_c64p_Hwi_dispatchAlways)
                  007eeec0    00000200                   : BIOS.obj (.text:ti_sysbios_family_c64p_EventCombiner_disableEvent__E)
                  007ef0c0    00000200                   : BIOS.obj (.text:ti_sysbios_utils_Load_idleFxn__E)
                  007ef2c0    00000200                   : BIOS.obj (.text:xdc_runtime_Core_constructObject__I)
                  007ef4c0    000001e0     RADARDEMO_aoaEst2DCaponBF_DopplerEst.oe674 (.text:RADARDEMO_aoaEst2DCaponBF_dopperEstInput)
                  007ef6a0    000001e0     sysbios.ae674 : BIOS.obj (.text:ti_sysbios_knl_Semaphore_post__E)
                  007ef880    000001c0     objectdetection.oe674 (.text:DPC_ObjectDetection_execute)
                  007efa40    000001c0     objectdetection.oe674 (.text:DPC_ObjectDetection_ioctl)
                  007efc00    000001c0     libmailbox_xwr68xx.ae674 : mailbox.oe674 (.text:Mailbox_read)
                  007efdc0    000001c0     RADARDEMO_detectionCFAR.oe674 (.text:RADARDEMO_detectionCFAR_run)
                  007eff80    000001c0     libsoc_xwr68xx.ae674 : soc.oe674 (.text:SOC_deregisterSysIntListener)
                  007f0140    000001c0     sysbios.ae674 : BIOS.obj (.text:ti_sysbios_knl_Swi_restoreHwi__E)
                  007f0300    000001c0                   : BIOS.obj (.text:ti_sysbios_knl_Task_checkStacks__E)
                  007f04c0    000001c0                   : BIOS.obj (.text:xdc_runtime_Text_putSite__E)
                  007f0680    000001a0                   : BIOS.obj (.text:ti_sysbios_family_c64p_Cache_getL2InitSize__I)
                  007f0820    000001a0                   : BIOS.obj (.text:ti_sysbios_heaps_HeapBuf_Module_startup__E)
                  007f09c0    000001a0                   : BIOS.obj (.text:ti_sysbios_knl_Swi_runLoop__I)
                  007f0b60    000001a0                   : BIOS.obj (.text:ti_sysbios_knl_Task_exit__E)
                  007f0d00    000001a0                   : BIOS.obj (.text:ti_sysbios_timers_rti_Timer_startup__E)
                  007f0ea0    00000180     libdpm_xwr68xx.ae674 : dpm_core.oe674 (.text:DPM_ioctl)
                  007f1020    00000180     sysbios.ae674 : c64p_Exception_asm.obj (.text)
                  007f11a0    00000180                   : BIOS.obj (.text:ti_sysbios_knl_Task_schedule__I)
                  007f1320    00000180                   : BIOS.obj (.text:ti_sysbios_utils_Load_startup__E)
                  007f14a0    00000160     libdpm_xwr68xx.ae674 : dpm_msg.oe674 (.text:DPM_msgResponseHandler)
                  007f1600    00000160     libsoc_xwr68xx.ae674 : soc.oe674 (.text:SOC_registerSysIntListener)
                  007f1760    00000160                          : soc_xwr68xx.oe674 (.text:SOC_ungateClock)
                  007f18c0    00000160     sysbios.ae674 : BIOS.obj (.text:ti_sysbios_family_c64p_Cache_getL1DInitSize__I)
                  007f1a20    00000160                   : BIOS.obj (.text:ti_sysbios_family_c64p_Cache_getL1PInitSize__I)
                  007f1b80    00000160                   : BIOS.obj (.text:ti_sysbios_family_c64p_Hwi_Module_startup__E)
                  007f1ce0    00000160                   : BIOS.obj (.text:xdc_runtime_Core_deleteObject__I)
                  007f1e40    00000160                   : BIOS.obj (.text:xdc_runtime_LoggerBuf_getFilterLevel__E)
                  007f1fa0    00000160                   : BIOS.obj (.text:xdc_runtime_LoggerBuf_setFilterLevel__E)
                  007f2100    00000140                   : BIOS.obj (.text:ti_sysbios_knl_Semaphore_Instance_init__E)
                  007f2240    00000140                   : BIOS.obj (.text:ti_sysbios_knl_Task_Module_startup__E)
                  007f2380    00000140                   : BIOS.obj (.text:ti_sysbios_knl_Task_startCore__E)
                  007f24c0    00000140                   : BIOS.obj (.text:ti_sysbios_timers_rti_Timer_initDevice__I)
                  007f2600    00000140                   : BIOS.obj (.text:ti_sysbios_utils_Load_addTask__E)
                  007f2740    00000140                   : BIOS.obj (.text:ti_sysbios_utils_Load_updateLoads__E)
                  007f2880    00000140                   : BIOS.obj (.text:xdc_runtime_Memory_alloc__E)
                  007f29c0    00000140                   : BIOS.obj (.text:xdc_runtime_Text_putLab__E)
                  007f2b00    00000140                   : BIOS.obj (.text:xdc_runtime_Text_putMod__E)
                  007f2c40    00000140                   : BIOS.obj (.text:xdc_runtime_Text_visitRope2__I)
                  007f2d80    00000120     libdpm_xwr68xx.ae674 : dpm_msg.oe674 (.text:DPM_msgDPCCfgHandler)
                  007f2ea0    00000120     boot.ae674 : autoinit.oe674 (.text:_auto_init_elf)
                  007f2fc0    00000120     sysbios.ae674 : BIOS.obj (.text:ti_sysbios_knl_Clock_workFunc__E)
                  007f30e0    00000120                   : BIOS.obj (.text:ti_sysbios_timers_rti_Timer_setPeriodMicroSecs__E)
                  007f3200    00000120                   : BIOS.obj (.text:ti_sysbios_utils_Load_taskCreateHook__E)
                  007f3320    00000120                   : BIOS.obj (.text:ti_sysbios_utils_Load_taskDeleteHook__E)
                  007f3440    00000100     libmailbox_xwr68xx.ae674 : mailbox.oe674 (.text:Mailbox_readFlush)
                  007f3540    00000100     libsoc_xwr68xx.ae674 : soc_xwr68xx.oe674 (.text:SOC_translateAddress)
                  007f3640    00000100     sysbios.ae674 : BIOS.obj (.text:xdc_runtime_Error_print__E)
                  007f3740    00000100                   : BIOS.obj (.text:xdc_runtime_Startup_exec__E)
                  007f3840    000000e0     libdpm_xwr68xx.ae674 : dpm_core.oe674 (.text:DPM_execute)
                  007f3920    000000e0                          : dpm_pipe.oe674 (.text:DPM_pipeSend)
                  007f3a00    000000e0     libmailbox_xwr68xx.ae674 : mailbox.oe674 (.text:Mailbox_boxFullISRMssDss)
                  007f3ae0    000000e0     rts6740_elf.lib : exit.c.obj (.text:exit)
                  007f3bc0    000000e0                     : memset.c.obj (.text:memset)
                  007f3ca0    000000e0     sysbios.ae674 : BIOS.obj (.text:ti_sysbios_utils_Load_updateCurrentThreadTime__E)
                  007f3d80    000000c0     objectdetection.oe674 (.text:DPC_ObjectDetection_frameStart)
                  007f3e40    000000c0     libdpm_xwr68xx.ae674 : dpm_mailbox.oe674 (.text:DPM_mboxRemoteMailboxCallbackFxn)
                  007f3f00    000000c0                          : dpm_core.oe674 (.text:DPM_sendResult)
                  007f3fc0    000000c0     libmailbox_xwr68xx.ae674 : mailbox.oe674 (.text:Mailbox_boxFullISRProcessing)
                  007f4080    000000c0     dss_main.oe674 (.text:Pcount3DDemo_DPC_RadarProc_reportFxn)
                  007f4140    000000c0     objectdetection.oe674 (.text:_DPC_Objdet_Assert)
                  007f4200    000000c0     sysbios.ae674 : BIOS.obj (.text:ti_sysbios_family_c64p_Hwi_dispatchCore__I)
                  007f42c0    000000c0                   : BIOS.obj (.text:ti_sysbios_heaps_HeapMem_alloc__E)
                  007f4380    000000c0                   : BIOS.obj (.text:ti_sysbios_heaps_HeapMem_getStats__E)
                  007f4440    000000c0                   : BIOS.obj (.text:ti_sysbios_knl_Swi_schedule__I)
                  007f4500    000000c0                   : BIOS.obj (.text:ti_sysbios_knl_Task_allBlockedFunction__I)
                  007f45c0    000000c0     pcount3D_dss_pe674.oe674 (.text:ti_sysbios_knl_Task_create)
                  007f4680    000000c0     sysbios.ae674 : BIOS.obj (.text:ti_sysbios_knl_Task_stat__E)
                  007f4740    000000c0                   : BIOS.obj (.text:ti_sysbios_utils_Load_taskSwitchHook__E)
                  007f4800    000000c0     rts6740_elf.lib : tls.c.obj (.text:tls:init:__TI_tls_init)
                  007f48c0    000000c0     sysbios.ae674 : BIOS.obj (.text:xdc_runtime_Assert_raise__I)
                  007f4980    000000c0                   : BIOS.obj (.text:xdc_runtime_LoggerBuf_Instance_init__E)
                  007f4a40    000000c0     pcount3D_dss_pe674.oe674 (.text:xdc_runtime_LoggerBuf_Object__create__S)
                  007f4b00    000000a0     libdpm_xwr68xx.ae674 : dpm_msg.oe674 (.text:DPM_msgStartHandler)
                  007f4ba0    000000a0                          : dpm_msg.oe674 (.text:DPM_msgStopHandler)
                  007f4c40    000000a0                          : dpm_core.oe674 (.text:DPM_notifyExecute)
                  007f4ce0    000000a0                          : dpm_pipe.oe674 (.text:DPM_pipeRecv)
                  007f4d80    000000a0     libmailbox_xwr68xx.ae674 : mailbox.oe674 (.text:Mailbox_boxEmptyISRProcessing)
                  007f4e20    000000a0     dss_main.oe674 (.text:Pcount3DDemo_DPC_RadarProc_dpmTask)
                  007f4ec0    000000a0     libsoc_xwr68xx.ae674 : soc.oe674 (.text:SOC_SystemISR)
                  007f4f60    000000a0     boot.ae674 : boot.oe674 (.text:_c_int00)
                  007f5000    000000a0     rts6740_elf.lib : memcpy64.asm.obj (.text:memcpy)
                  007f50a0    000000a0     sysbios.ae674 : BIOS.obj (.text:ti_sysbios_family_c64p_Exception_Module_startup__E)
                  007f5140    000000a0                   : BIOS.obj (.text:ti_sysbios_family_c64p_Hwi_dispatchC__I)
                  007f51e0    000000a0                   : BIOS.obj (.text:ti_sysbios_family_c64p_Hwi_getStackInfo__E)
                  007f5280    000000a0                   : BIOS.obj (.text:ti_sysbios_hal_Hwi_checkStack)
                  007f5320    000000a0                   : BIOS.obj (.text:ti_sysbios_knl_Semaphore_pendTimeout__I)
                  007f53c0    000000a0                   : BIOS.obj (.text:xdc_runtime_Core_assignLabel__I)
                  007f5460    000000a0                   : BIOS.obj (.text:xdc_runtime_Core_assignParams__I)
                  007f5500    000000a0                   : BIOS.obj (.text:xdc_runtime_LoggerBuf_Module_startup__E)
                  007f55a0    000000a0                   : BIOS.obj (.text:xdc_runtime_System_atexit__E)
                  007f5640    000000a0                   : BIOS.obj (.text:xdc_runtime_System_exit__E)
                  007f56e0    000000a0                   : BIOS.obj (.text:xdc_runtime_Text_printVisFxn__I)
                  007f5780    000000a0                   : BIOS.obj (.text:xdc_runtime_Text_xprintf__I)
                  007f5820    00000080     objectdetection.oe674 (.text:DPC_ObjectDetection_start)
                  007f58a0    00000080     objectdetection.oe674 (.text:DPC_ObjectDetection_stop)
                  007f5920    00000080     libdpm_xwr68xx.ae674 : dpm_mailbox.oe674 (.text:DPM_mboxSendResult)
                  007f59a0    00000080                          : dpm_core.oe674 (.text:DPM_synch)
                  007f5a20    00000080     sysbios.ae674 : c62_TaskSupport_asm.obj (.text:_ti_sysbios_family_c62_TaskSupport_swap__E)
                  007f5aa0    00000080     pcount3D_dss_pe674.oe674 (.text:ti_sysbios_BIOS_atExitFunc__I)
                  007f5b20    00000080     pcount3D_dss_pe674.oe674 (.text:ti_sysbios_BIOS_registerRTSLock__I)
                  007f5ba0    00000080     pcount3D_dss_pe674.oe674 (.text:ti_sysbios_gates_GateHwi_Object__create__S)
                  007f5c20    00000080     pcount3D_dss_pe674.oe674 (.text:ti_sysbios_gates_GateMutex_Object__create__S)
                  007f5ca0    00000080     pcount3D_dss_pe674.oe674 (.text:ti_sysbios_heaps_HeapMem_Object__create__S)
                  007f5d20    00000080     sysbios.ae674 : BIOS.obj (.text:ti_sysbios_heaps_HeapMem_init__I)
                  007f5da0    00000080     pcount3D_dss_pe674.oe674 (.text:ti_sysbios_knl_Clock_doTick__I)
                  007f5e20    00000080     sysbios.ae674 : BIOS.obj (.text:ti_sysbios_knl_Idle_run__E)
                  007f5ea0    00000080     pcount3D_dss_pe674.oe674 (.text:ti_sysbios_knl_Semaphore_create)
                  007f5f20    00000080     sysbios.ae674 : BIOS.obj (.text:ti_sysbios_knl_Swi_post__E)
                  007f5fa0    00000080                   : BIOS.obj (.text:ti_sysbios_knl_Swi_startup__E)
                  007f6020    00000080                   : BIOS.obj (.text:ti_sysbios_knl_Task_processVitalTaskFlag__I)
                  007f60a0    00000080                   : BIOS.obj (.text:ti_sysbios_knl_Task_restore__E)
                  007f6120    00000080                   : BIOS.obj (.text:ti_sysbios_knl_Task_sleepTimeout__I)
                  007f61a0    00000080     pcount3D_dss_pe674.oe674 (.text:ti_sysbios_rts_MemAlloc_alloc)
                  007f6220    00000080     sysbios.ae674 : BIOS.obj (.text:ti_sysbios_timers_rti_Timer_setPeriod__E)
                  007f62a0    00000080                   : BIOS.obj (.text:ti_sysbios_timers_rti_Timer_stop__E)
                  007f6320    00000080                   : BIOS.obj (.text:xdc_runtime_System_avprintf__E)
                  007f63a0    00000080                   : BIOS.obj (.text:xdc_runtime_System_vprintf__E)
                  007f6420    00000060     libdpm_xwr68xx.ae674 : dpm_listlib.oe674 (.text:DPM_listCat)
                  007f6480    00000060                          : dpm_mailbox.oe674 (.text:DPM_mboxDeinit)
                  007f64e0    00000060                          : dpm_msg.oe674 (.text:DPM_msgInitHeader)
                  007f6540    00000060     libmailbox_xwr68xx.ae674 : mailbox.oe674 (.text:Mailbox_Config_init)
                  007f65a0    00000060     libsoc_xwr68xx.ae674 : soc_xwr68xx.oe674 (.text:SOC_setDSSLinkState)
                  007f6600    00000060                          : soc.oe674 (.text:SOC_unhaltBSS)
                  007f6660    00000060     sysbios.ae674 : c64p_Hwi_asm_switch.obj (.text:_ti_sysbios_family_c64p_Hwi_switchAndDispatch__I)
                  007f66c0    00000060                   : c64p_Hwi_asm_switch.obj (.text:_ti_sysbios_family_xxx_Hwi_switchAndRunFunc)
                  007f6720    00000060     rts6740_elf.lib : memccpy.c.obj (.text:memccpy)
                  007f6780    00000060     pcount3D_dss_pe674.oe674 (.text:ti_sysbios_BIOS_errorRaiseHook__I)
                  007f67e0    00000060     pcount3D_dss_pe674.oe674 (.text:ti_sysbios_BIOS_removeRTSLock__I)
                  007f6840    00000060     pcount3D_dss_pe674.oe674 (.text:ti_sysbios_BIOS_startFunc__I)
                  007f68a0    00000060     sysbios.ae674 : BIOS.obj (.text:ti_sysbios_family_c62_TaskSupport_stackUsed__E)
                  007f6900    00000060                   : BIOS.obj (.text:ti_sysbios_family_c62_TaskSupport_start__E)
                  007f6960    00000060                   : BIOS.obj (.text:ti_sysbios_family_c64p_Cache_setMar__E)
                  007f69c0    00000060                   : BIOS.obj (.text:ti_sysbios_family_c64p_EventCombiner_Module_startup__E)
                  007f6a20    00000060                   : BIOS.obj (.text:ti_sysbios_family_c64p_EventCombiner_unused__E)
                  007f6a80    00000060     pcount3D_dss_pe674.oe674 (.text:ti_sysbios_gates_GateMutex_Object__delete__S)
                  007f6ae0    00000060     sysbios.ae674 : BIOS.obj (.text:ti_sysbios_hal_Hwi_initStack)
                  007f6b40    00000060                   : BIOS.obj (.text:ti_sysbios_heaps_HeapMem_free__E)
                  007f6ba0    00000060                   : BIOS.obj (.text:ti_sysbios_knl_Clock_Module_startup__E)
                  007f6c00    00000060     pcount3D_dss_pe674.oe674 (.text:ti_sysbios_knl_Queue_construct)
                  007f6c60    00000060     pcount3D_dss_pe674.oe674 (.text:ti_sysbios_knl_Semaphore_Object__delete__S)
                  007f6cc0    00000060     pcount3D_dss_pe674.oe674 (.text:ti_sysbios_knl_Semaphore_construct)
                  007f6d20    00000060     sysbios.ae674 : BIOS.obj (.text:ti_sysbios_knl_Swi_Module_startup__E)
                  007f6d80    00000060                   : BIOS.obj (.text:ti_sysbios_knl_Task_enter__I)
                  007f6de0    00000060     pcount3D_dss_pe674.oe674 (.text:xdc_runtime_LoggerBuf_Object__delete__S)
                  007f6e40    00000060     sysbios.ae674 : BIOS.obj (.text:xdc_runtime_SysStd_abort__E)
                  007f6ea0    00000040     libsoc_xwr68xx.ae674 : soc.oe674 (.text:CSL_FEXTR)
                  007f6ee0    00000040                          : soc_xwr68xx.oe674 (.text:CSL_FEXTR)
                  007f6f20    00000040     libmailbox_xwr68xx.ae674 : mailbox.oe674 (.text:CSL_FINSR)
                  007f6f60    00000040     libsoc_xwr68xx.ae674 : soc.oe674 (.text:CSL_FINSR)
                  007f6fa0    00000040                          : soc_xwr68xx.oe674 (.text:CSL_FINSR)
                  007f6fe0    00000040                          : soc_xwr68xx_dss.oe674 (.text:CSL_FINSR)
                  007f7020    00000040     objectdetection.oe674 (.text:DPC_ObjectDetection_dataInjection)
                  007f7060    00000040     libdpm_xwr68xx.ae674 : dpm_listlib.oe674 (.text:DPM_listAdd)
                  007f70a0    00000040                          : dpm_listlib.oe674 (.text:DPM_listRemove)
                  007f70e0    00000040                          : dpm_mailbox.oe674 (.text:DPM_mboxMsgSend)
                  007f7120    00000040                          : dpm_msg.oe674 (.text:DPM_msgAssertHandler)
                  007f7160    00000040                          : dpm_msg.oe674 (.text:DPM_msgBSSFaultHandler)
                  007f71a0    00000040                          : dpm_msg.oe674 (.text:DPM_msgDPCInfoHandler)
                  007f71e0    00000040                          : dpm_pipe.oe674 (.text:DPM_pipeDequeue)
                  007f7220    00000040     libosal_xwr68xx.ae674 : HwiP_tirtos.oe674 (.text:HwiP_create)
                  007f7260    00000040                           : HwiP_tirtos.oe674 (.text:HwiP_delete)
                  007f72a0    00000040     libmailbox_xwr68xx.ae674 : mailbox.oe674 (.text:Mailbox_boxEmptyISRBss)
                  007f72e0    00000040                              : mailbox.oe674 (.text:Mailbox_boxEmptyISRMssDss)
                  007f7320    00000040                              : mailbox.oe674 (.text:Mailbox_boxFullISRBss)
                  007f7360    00000040     dss_main.oe674 (.text:Pcount3DDemo_DPC_processInterFrameBeginCallBackFxn)
                  007f73a0    00000040     libsoc_xwr68xx.ae674 : soc_xwr68xx_dss.oe674 (.text:SOC_getInAddr_LUTType)
                  007f73e0    00000040                          : soc_xwr68xx_dss.oe674 (.text:SOC_getOutAddr_LUTType)
                  007f7420    00000040                          : soc_xwr68xx.oe674 (.text:SOC_isMSSOperational)
                  007f7460    00000040     rts6740_elf.lib : args_main.c.obj (.text:_args_main)
                  007f74a0    00000040     sysbios.ae674 : c62_TaskSupport_asm.obj (.text:_ti_sysbios_family_c62_TaskSupport_buildTaskStack)
                  007f74e0    00000040     pcount3D_dss_pe674.oe674 (.text:free)
                  007f7520    00000040     pcount3D_dss_pe674.oe674 (.text:ti_sysbios_BIOS_exitFunc__I)
                  007f7560    00000040     pcount3D_dss_pe674.oe674 (.text:ti_sysbios_BIOS_rtsLock__I)
                  007f75a0    00000040     pcount3D_dss_pe674.oe674 (.text:ti_sysbios_BIOS_rtsUnlock__I)
                  007f75e0    00000040     sysbios.ae674 : BIOS.obj (.text:ti_sysbios_family_c64p_Hwi_disableInterrupt__E)
                  007f7620    00000040                   : BIOS.obj (.text:ti_sysbios_family_c64p_Hwi_enableInterrupt__E)
                  007f7660    00000040     pcount3D_dss_pe674.oe674 (.text:ti_sysbios_gates_GateHwi_Handle__label__S)
                  007f76a0    00000040     pcount3D_dss_pe674.oe674 (.text:ti_sysbios_gates_GateHwi_Object__delete__S)
                  007f76e0    00000040     pcount3D_dss_pe674.oe674 (.text:ti_sysbios_gates_GateMutex_Handle__label__S)
                  007f7720    00000040     sysbios.ae674 : BIOS.obj (.text:ti_sysbios_gates_GateMutex_Instance_init__E)
                  007f7760    00000040                   : BIOS.obj (.text:ti_sysbios_gates_GateMutex_leave__E)
                  007f77a0    00000040     pcount3D_dss_pe674.oe674 (.text:ti_sysbios_heaps_HeapMem_Handle__label__S)
                  007f77e0    00000040     pcount3D_dss_pe674.oe674 (.text:ti_sysbios_heaps_HeapMem_Object__delete__S)
                  007f7820    00000040     pcount3D_dss_pe674.oe674 (.text:ti_sysbios_heaps_HeapMem_Object__get__S)
                  007f7860    00000040     pcount3D_dss_pe674.oe674 (.text:ti_sysbios_knl_Semaphore_destruct)
                  007f78a0    00000040     pcount3D_dss_pe674.oe674 (.text:ti_sysbios_knl_Swi_Object__get__S)
                  007f78e0    00000040     pcount3D_dss_pe674.oe674 (.text:ti_sysbios_knl_Task_Object__get__S)
                  007f7920    00000040     sysbios.ae674 : BIOS.obj (.text:ti_sysbios_timers_rti_Timer_periodicStub__E)
                  007f7960    00000040                   : BIOS.obj (.text:xdc_runtime_Error_init__E)
                  007f79a0    00000040     pcount3D_dss_pe674.oe674 (.text:xdc_runtime_LoggerBuf_Handle__label__S)
                  007f79e0    00000040     sysbios.ae674 : BIOS.obj (.text:xdc_runtime_LoggerBuf_Instance_finalize__E)
                  007f7a20    00000040     pcount3D_dss_pe674.oe674 (.text:xdc_runtime_LoggerBuf_Object__get__S)
                  007f7a60    00000040     sysbios.ae674 : BIOS.obj (.text:xdc_runtime_LoggerBuf_write0__E)
                  007f7aa0    00000040                   : BIOS.obj (.text:xdc_runtime_LoggerBuf_write1__E)
                  007f7ae0    00000040                   : BIOS.obj (.text:xdc_runtime_LoggerBuf_write2__E)
                  007f7b20    00000040     pcount3D_dss_pe674.oe674 (.text:xdc_runtime_System_aprintf__E)
                  007f7b60    00000040     pcount3D_dss_pe674.oe674 (.text:xdc_runtime_System_printf__E)
                  007f7ba0    00000020     libdpm_xwr68xx.ae674 : dpm_core.oe674 (.text:DPM_chirpISR)
                  007f7bc0    00000020                          : dpm_core.oe674 (.text:DPM_frameStartISR)
                  007f7be0    00000020                          : dpm_mailbox.oe674 (.text:DPM_mboxSynch)
                  007f7c00    00000020     libosal_xwr68xx.ae674 : HwiP_tirtos.oe674 (.text:HwiP_Params_init)
                  007f7c20    00000020                           : HwiP_tirtos.oe674 (.text:HwiP_disable)
                  007f7c40    00000020                           : HwiP_tirtos.oe674 (.text:HwiP_disableInterrupt)
                  007f7c60    00000020                           : HwiP_tirtos.oe674 (.text:HwiP_enableInterrupt)
                  007f7c80    00000020                           : HwiP_tirtos.oe674 (.text:HwiP_restore)
                  007f7ca0    00000020                           : MemoryP_tirtos.oe674 (.text:MemoryP_ctrlAlloc)
                  007f7cc0    00000020                           : MemoryP_tirtos.oe674 (.text:MemoryP_ctrlFree)
                  007f7ce0    00000020     dss_main.oe674 (.text:Pcount3DDemo_DPC_processFrameBeginCallBackFxn)
                  007f7d00    00000020     dss_main.oe674 (.text:Pcount3DDemo_sleep)
                  007f7d20    00000020     libosal_xwr68xx.ae674 : SemaphoreP_tirtos.oe674 (.text:SemaphoreP_Params_init)
                  007f7d40    00000020                           : SemaphoreP_tirtos.oe674 (.text:SemaphoreP_delete)
                  007f7d60    00000020                           : SemaphoreP_tirtos.oe674 (.text:SemaphoreP_pend)
                  007f7d80    00000020                           : SemaphoreP_tirtos.oe674 (.text:SemaphoreP_post)
                  007f7da0    00000020                           : DebugP_tirtos.oe674 (.text:_DebugP_assert)
                  007f7dc0    00000020     rts6740_elf.lib : errno.c.obj (.text:__c6xabi_errno_addr)
                  007f7de0    00000020                     : push.asm.obj (.text:__pop_rts)
                  007f7e00    00000020                     : push.asm.obj (.text:__push_rts)
                  007f7e20    00000020                     : _lock.c.obj (.text:_nop)
                  007f7e40    00000020                     : _lock.c.obj (.text:_register_lock)
                  007f7e60    00000020                     : _lock.c.obj (.text:_register_unlock)
                  007f7e80    00000020                     : signbit.c.obj (.text:_signbit)
                  007f7ea0    00000020     sysbios.ae674 : c62_TaskSupport_asm.obj (.text:_ti_sysbios_family_c62_TaskSupport_glue)
                  007f7ec0    00000020     rts6740_elf.lib : exit.c.obj (.text:abort)
                  007f7ee0    00000020     cycle_measure.oe674 (.text:cache_wbInvAllL2Wait)
                  007f7f00    00000020     rts6740_elf.lib : fputc.c.obj (.text:putchar)
                  007f7f20    00000020     pcount3D_dss_pe674.oe674 (.text:ti_sysbios_BIOS_RtsGateProxy_enter__E)
                  007f7f40    00000020     pcount3D_dss_pe674.oe674 (.text:ti_sysbios_BIOS_RtsGateProxy_leave__E)
                  007f7f60    00000020     sysbios.ae674 : BIOS.obj (.text:ti_sysbios_BIOS_getCpuFreq__E)
                  007f7f80    00000020                   : BIOS.obj (.text:ti_sysbios_BIOS_linkedWithIncorrectBootLibrary__E)
                  007f7fa0    00000020     pcount3D_dss_pe674.oe674 (.text:ti_sysbios_BIOS_nullFunc__I)
                  007f7fc0    00000020     sysbios.ae674 : BIOS.obj (.text:ti_sysbios_BIOS_setThreadType__E)
                  007f7fe0    00000020                   : BIOS.obj (.text:ti_sysbios_BIOS_start__E)
                  007f8000    00000020     pcount3D_dss_pe674.oe674 (.text:ti_sysbios_family_c62_TaskSupport_Module__startupDone__S)
                  007f8020    00000020     sysbios.ae674 : BIOS.obj (.text:ti_sysbios_family_c62_TaskSupport_checkStack__E)
                  007f8040    00000020                   : BIOS.obj (.text:ti_sysbios_family_c62_TaskSupport_getStackAlignment__E)
                  007f8060    00000020     pcount3D_dss_pe674.oe674 (.text:ti_sysbios_family_c64p_Hwi_Module__startupDone__F)
                  007f8080    00000020     sysbios.ae674 : BIOS.obj (.text:ti_sysbios_family_c64p_Hwi_clearInterrupt__E)
                  007f80a0    00000020                   : BIOS.obj (.text:ti_sysbios_family_c64p_Hwi_startup__E)
                  007f80c0    00000020                   : BIOS.obj (.text:ti_sysbios_family_c64p_Hwi_switchFromBootStack__E)
                  007f80e0    00000020                   : BIOS.obj (.text:ti_sysbios_family_c64p_TimestampProvider_Module_startup__E)
                  007f8100    00000020                   : BIOS.obj (.text:ti_sysbios_family_c64p_TimestampProvider_get32__E)
                  007f8120    00000020                   : BIOS.obj (.text:ti_sysbios_family_c64p_TimestampProvider_get64__E)
                  007f8140    00000020                   : BIOS.obj (.text:ti_sysbios_gates_GateHwi_Instance_init__E)
                  007f8160    00000020                   : BIOS.obj (.text:ti_sysbios_gates_GateHwi_enter__E)
                  007f8180    00000020                   : BIOS.obj (.text:ti_sysbios_gates_GateHwi_leave__E)
                  007f81a0    00000020                   : BIOS.obj (.text:ti_sysbios_gates_GateHwi_query__E)
                  007f81c0    00000020                   : BIOS.obj (.text:ti_sysbios_gates_GateMutex_Instance_finalize__E)
                  007f81e0    00000020                   : BIOS.obj (.text:ti_sysbios_gates_GateMutex_query__E)
                  007f8200    00000020                   : BIOS.obj (.text:ti_sysbios_hal_Hwi_Module_startup__E)
                  007f8220    00000020     pcount3D_dss_pe674.oe674 (.text:ti_sysbios_heaps_HeapBuf_Object__get__S)
                  007f8240    00000020     pcount3D_dss_pe674.oe674 (.text:ti_sysbios_heaps_HeapMem_Module_GateProxy_enter__E)
                  007f8260    00000020     pcount3D_dss_pe674.oe674 (.text:ti_sysbios_heaps_HeapMem_Module_GateProxy_leave__E)
                  007f8280    00000020     sysbios.ae674 : BIOS.obj (.text:ti_sysbios_heaps_HeapMem_isBlocking__E)
                  007f82a0    00000020     pcount3D_dss_pe674.oe674 (.text:ti_sysbios_knl_Clock_TimerProxy_getMaxTicks__E)
                  007f82c0    00000020     sysbios.ae674 : BIOS.obj (.text:ti_sysbios_knl_Clock_logTick__E)
                  007f82e0    00000020                   : BIOS.obj (.text:ti_sysbios_knl_Idle_loop__E)
                  007f8300    00000020                   : BIOS.obj (.text:ti_sysbios_knl_Queue_Instance_init__E)
                  007f8320    00000020     pcount3D_dss_pe674.oe674 (.text:ti_sysbios_knl_Queue_Object__get__S)
                  007f8340    00000020     pcount3D_dss_pe674.oe674 (.text:ti_sysbios_knl_Queue_destruct)
                  007f8360    00000020     sysbios.ae674 : BIOS.obj (.text:ti_sysbios_knl_Queue_empty__E)
                  007f8380    00000020                   : BIOS.obj (.text:ti_sysbios_knl_Semaphore_Instance_finalize__E)
                  007f83a0    00000020     pcount3D_dss_pe674.oe674 (.text:ti_sysbios_knl_Semaphore_Params__init__S)
                  007f83c0    00000020     pcount3D_dss_pe674.oe674 (.text:ti_sysbios_knl_Semaphore_delete)
                  007f83e0    00000020     sysbios.ae674 : BIOS.obj (.text:ti_sysbios_knl_Swi_disable__E)
                  007f8400    00000020     pcount3D_dss_pe674.oe674 (.text:ti_sysbios_knl_Task_Params__init__S)
                  007f8420    00000020     sysbios.ae674 : BIOS.obj (.text:ti_sysbios_knl_Task_disable__E)
                  007f8440    00000020                   : BIOS.obj (.text:ti_sysbios_knl_Task_startup__E)
                  007f8460    00000020     pcount3D_dss_pe674.oe674 (.text:ti_sysbios_timers_rti_Timer_Module__startupDone__F)
                  007f8480    00000020     sysbios.ae674 : BIOS.obj (.text:ti_sysbios_timers_rti_Timer_getMaxTicks__E)
                  007f84a0    00000020                   : BIOS.obj (.text:ti_sysbios_utils_Load_getCPULoad__E)
                  007f84c0    00000020                   : BIOS.obj (.text:ti_sysbios_utils_Load_taskRegHook__E)
                  007f84e0    00000020     pcount3D_dss_pe674.oe674 (.text:xdc_runtime_IHeap_alloc)
                  007f8500    00000020     pcount3D_dss_pe674.oe674 (.text:xdc_runtime_IHeap_free)
                  007f8520    00000020     pcount3D_dss_pe674.oe674 (.text:xdc_runtime_LoggerBuf_Module_GateProxy_enter__E)
                  007f8540    00000020     pcount3D_dss_pe674.oe674 (.text:xdc_runtime_LoggerBuf_Module_GateProxy_leave__E)
                  007f8560    00000020     sysbios.ae674 : BIOS.obj (.text:xdc_runtime_LoggerBuf_disable__E)
                  007f8580    00000020                   : BIOS.obj (.text:xdc_runtime_LoggerBuf_enable__E)
                  007f85a0    00000020                   : BIOS.obj (.text:xdc_runtime_Memory_free__E)
                  007f85c0    00000020     pcount3D_dss_pe674.oe674 (.text:xdc_runtime_Startup_exec__I)
                  007f85e0    00000020     pcount3D_dss_pe674.oe674 (.text:xdc_runtime_Startup_reset__I)
                  007f8600    00000020     sysbios.ae674 : BIOS.obj (.text:xdc_runtime_Startup_rtsDone__E)
                  007f8620    00000020                   : BIOS.obj (.text:xdc_runtime_SysStd_exit__E)
                  007f8640    00000020                   : BIOS.obj (.text:xdc_runtime_SysStd_putch__E)
                  007f8660    00000020                   : BIOS.obj (.text:xdc_runtime_SysStd_ready__E)
                  007f8680    00000020     pcount3D_dss_pe674.oe674 (.text:xdc_runtime_System_Module_GateProxy_enter__E)
                  007f86a0    00000020     pcount3D_dss_pe674.oe674 (.text:xdc_runtime_System_Module_GateProxy_leave__E)
                  007f86c0    00000020     sysbios.ae674 : BIOS.obj (.text:xdc_runtime_System_Module_startup__E)
                  007f86e0    00000020     pcount3D_dss_pe674.oe674 (.text:xdc_runtime_Text_visitRope__I)
                  007f8700    00000010     rts6740_elf.lib : fputc.c.obj ($Tramp$S$$fputc)
                  007f8710    00000010                     : fflush.c.obj ($Tramp$S$$fflush)
                  007f8720    00000010     libmailbox_xwr68xx.ae674 : mailbox.oe674 ($Tramp$S$$Mailbox_close)
                  007f8730    00000010     dss_main.oe674 ($Tramp$S$$Pcount3DDemo_sensorStopEpilog)
                  007f8740    00000010     RADARDEMO_detectionCFAR_priv.oe674 ($Tramp$S$$RADARDEMO_detectionCFAR_OS)
                  007f8750    00000010     RADARDEMO_detectionCFAR_priv.oe674 ($Tramp$S$$RADARDEMO_detectionCFAR_raCAAll)
                  007f8760    00000010     RADARDEMO_detectionCFAR_priv.oe674 ($Tramp$S$$RADARDEMO_detectionCFAR_CAAll)
                  007f8770    00000010     objectdetection.oe674 ($Tramp$S$$DPC_ObjDetDSP_preStartConfig)
                  007f8780    00000010     rts6740_elf.lib : fixfu.c.obj ($Tramp$S$$__c6xabi_fixfu)
                  007f8790    00000010                     : llshift.c.obj ($Tramp$S$$__c6xabi_llshru)
                  007f87a0    00000010                     : imath64.c.obj ($Tramp$S$$_subcull)
                  007f87b0    00000010                     : llshift.c.obj ($Tramp$S$$__c6xabi_llshl)
                  007f87c0    00000010     RADARDEMO_aoaEst2DCaponBF_angleEst.oe674 ($Tramp$S$$RADARDEMO_aoaEst2DCaponBF_aeEstElevAzim)
                  007f87d0    00000010     RADARDEMO_aoaEst2DCaponBF_heatmapEst.oe674 ($Tramp$S$$RADARDEMO_aoaEst2DCaponBF_raHeatmap)
                  007f87e0    00000010     RADARDEMO_aoaEst2DCaponBF_rnEstInv.oe674 ($Tramp$S$$RADARDEMO_aoaEst2DCaponBF_covInv)
                  007f87f0    00000010     RADARDEMO_aoaEst2DCaponBF_staticRemoval.oe674 ($Tramp$S$$RADARDEMO_aoaEst2DCaponBF_clutterRemoval)
                  007f8800    00000010     copyTranspose.oe674 ($Tramp$S$$copyTranspose)
                  007f8810    00000010     rts6740_elf.lib : divu.asm.obj ($Tramp$S$$__c6xabi_divu)
                  007f8820    00000010                     : remu.asm.obj ($Tramp$S$$__c6xabi_remu)
                  007f8830    00000010                     : divf.c.obj ($Tramp$S$$__c6xabi_divf)

.stack     0    007fa718    00000800     UNINITIALIZED
                  007fa718    00000008     boot.ae674 : boot.oe674 (.stack)
                  007fa720    000007f8     --HOLE--

.neardata 
*          0    007fba3c    00000008     
                  007fba3c    00000004     libdpm_xwr68xx.ae674 : dpm_mailbox.oe674 (.neardata)
                  007fba40    00000004     libedma_xwr68xx.ae674 : edma_low_level.oe674 (.neardata)

.cinit     0    00800000    00000000     UNINITIALIZED

.far       0    007f8840    00001ed4     UNINITIALIZED
                  007f8840    00001900     (.common:xdc_runtime_LoggerBuf_Instance_State_0_entryArr__A)
                  007fa140    00000320     pcount3D_dss_pe674.oe674 (.far:taskStackSection)
                  007fa460    00000140     (.common:__TI_tmpnams)
                  007fa5a0    000000d0     (.common:gPcount3DDssMCB)
                  007fa670    00000070     (.common:gRadarOsal_heapObj)
                  007fa6e0    00000018     (.common:resultBuffer)
                  007fa6f8    00000010     (.common:edmaDbg)
                  007fa708    00000008     (.common:parmbuf)
                  007fa710    00000004     (.common:ti_sysbios_knl_Task_Instance_State_0_hookEnv__A)

.cio       0    007fb880    00000120     UNINITIALIZED
                  007fb880    00000120     rts6740_elf.lib : trgmsg.c.obj (.cio)

.switch    0    007fb9a0    0000009c     
                  007fb9a0    00000038     rts6740_elf.lib : _printfi.c.obj (.switch:__TI_printfi)
                  007fb9d8    0000001c     libsoc_xwr68xx.ae674 : soc_xwr68xx.oe674 (.switch:SOC_ungateClock)
                  007fb9f4    00000018     libdpm_xwr68xx.ae674 : dpm_msg.oe674 (.switch:DPM_msgResponseHandler)
                  007fba0c    00000010                          : dpm_core.oe674 (.switch:DPM_ioctl)
                  007fba1c    00000010     libsoc_xwr68xx.ae674 : soc_xwr68xx_dss.oe674 (.switch:SOC_getInAddr_LUTType)
                  007fba2c    00000010                          : soc_xwr68xx_dss.oe674 (.switch:SOC_getOutAddr_LUTType)

.ovly      0    007fba48    00000020     
                  007fba48    00000010     (.ovly:_pcount3DDemo_configCode_HSRAM_copy_table)
                  007fba58    00000010     (.ovly:_pcount3DDemo_fastCode_L1PSRAM_copy_table)

.dpc_l2Heap 
*          0    00800000    00019f00     UNINITIALIZED
                  00800000    00019f00     dss_main.oe674 (.dpc_l2Heap)

.const     0    00819f00    00003022     
                  00819f00    00001a59     pcount3D_dss_pe674.oe674 (.const:xdc_runtime_Text_charTab__A)
                  0081b959    00000001     --HOLE-- [fill = 0]
                  0081b95a    00000002     pcount3D_dss_pe674.oe674 (.const:ti_sysbios_family_c64p_Cache_Module__id__C)
                  0081b95c    00000630     sysbios.ae674 : BIOS.obj (.const:.string)
                  0081bf8c    00000300     radarOsal_malloc.oe674 (.const:.string)
                  0081c28c    000001bc     radarProcess.oe674 (.const:.string)
                  0081c448    00000101     rts6740_elf.lib : ctype.c.obj (.const:.string:_ctypes_)
                  0081c549    00000001     --HOLE-- [fill = 0]
                  0081c54a    00000002     pcount3D_dss_pe674.oe674 (.const:ti_sysbios_family_c64p_EventCombiner_Module__id__C)
                  0081c54c    00000004     pcount3D_dss_pe674.oe674 (.const:ti_sysbios_family_c62_TaskSupport_stackAlignment__C)
                  0081c550    000000e0     pcount3D_dss_pe674.oe674 (.const:xdc_runtime_Text_nodeTab__A)
                  0081c630    000000a4     dss_main.oe674 (.const:.string)
                  0081c6d4    00000094     objectdetection.oe674 (.const:.string)
                  0081c768    00000074     pcount3D_dss_pe674.oe674 (.const:.string)
                  0081c7dc    00000058     libedma_xwr68xx.ae674 : edma.oe674 (.const:.string)
                  0081c834    0000004c     libmailbox_xwr68xx.ae674 : mailbox.oe674 (.const:.string)
                  0081c880    00000044     pcount3D_dss_pe674.oe674 (.const:ti_sysbios_knl_Task_Object__PARAMS__C)
                  0081c8c4    0000003c     libsoc_xwr68xx.ae674 : soc_xwr68xx_dss.oe674 (.const:.string)
                  0081c900    0000003c     pcount3D_dss_pe674.oe674 (.const:xdc_runtime_LoggerBuf_Module__FXNS__C)
                  0081c93c    00000004     pcount3D_dss_pe674.oe674 (.const:ti_sysbios_family_c64p_Cache_E_invalidL1CacheSize__C)
                  0081c940    00000038     libedma_xwr68xx.ae674 : edma_xwr1xxx.oe674 (.const:gEdmaHwAttrs)
                  0081c978    00000034     pcount3D_dss_pe674.oe674 (.const:xdc_runtime_Startup_sfxnTab__A)
                  0081c9ac    00000004     pcount3D_dss_pe674.oe674 (.const:ti_sysbios_family_c64p_Cache_E_invalidL2CacheSize__C)
                  0081c9b0    00000028     libdpm_xwr68xx.ae674 : dpm_msg.oe674 (.const:gDPMMessageFxnTable)
                  0081c9d8    00000028     pcount3D_dss_pe674.oe674 (.const:ti_sysbios_heaps_HeapMem_Module__FXNS__C)
                  0081ca00    00000028     pcount3D_dss_pe674.oe674 (.const:xdc_runtime_LoggerBuf_Object__PARAMS__C)
                  0081ca28    00000024     rts6740_elf.lib : _printfi.c.obj (.const:.string)
                  0081ca4c    00000024     libmailbox_xwr68xx.ae674 : mailbox.oe674 (.const:Mailbox_defaultCfg)
                  0081ca70    00000024     pcount3D_dss_pe674.oe674 (.const:ti_sysbios_gates_GateHwi_Module__FXNS__C)
                  0081ca94    00000024     pcount3D_dss_pe674.oe674 (.const:ti_sysbios_gates_GateMutex_Module__FXNS__C)
                  0081cab8    00000024     pcount3D_dss_pe674.oe674 (.const:ti_sysbios_heaps_HeapMem_Object__PARAMS__C)
                  0081cadc    00000024     pcount3D_dss_pe674.oe674 (.const:ti_sysbios_knl_Semaphore_Object__PARAMS__C)
                  0081cb00    00000020     libosal_xwr68xx.ae674 : SemaphoreP_tirtos.oe674 (.const:.string)
                  0081cb20    00000020     pcount3D_dss_pe674.oe674 (.const:ti_sysbios_gates_GateHwi_Object__DESC__C)
                  0081cb40    00000020     pcount3D_dss_pe674.oe674 (.const:ti_sysbios_gates_GateMutex_Object__DESC__C)
                  0081cb60    00000020     pcount3D_dss_pe674.oe674 (.const:ti_sysbios_heaps_HeapMem_Object__DESC__C)
                  0081cb80    00000020     pcount3D_dss_pe674.oe674 (.const:ti_sysbios_knl_Queue_Object__DESC__C)
                  0081cba0    00000020     pcount3D_dss_pe674.oe674 (.const:ti_sysbios_knl_Semaphore_Object__DESC__C)
                  0081cbc0    00000020     pcount3D_dss_pe674.oe674 (.const:ti_sysbios_knl_Task_Object__DESC__C)
                  0081cbe0    00000020     pcount3D_dss_pe674.oe674 (.const:xdc_runtime_LoggerBuf_Object__DESC__C)
                  0081cc00    0000001c     libosal_xwr68xx.ae674 : HwiP_tirtos.oe674 (.const:.string)
                  0081cc1c    00000004     pcount3D_dss_pe674.oe674 (.const:ti_sysbios_family_c64p_Cache_MAR0_31__C)
                  0081cc20    0000001a     pcount3D_dss_pe674.oe674 (.const:xdc_runtime_Startup_sfxnRts__A)
                  0081cc3a    00000002     pcount3D_dss_pe674.oe674 (.const:ti_sysbios_family_c64p_Exception_Module__id__C)
                  0081cc3c    00000018     pcount3D_dss_pe674.oe674 (.const:ti_sysbios_gates_GateHwi_Object__PARAMS__C)
                  0081cc54    00000018     pcount3D_dss_pe674.oe674 (.const:ti_sysbios_gates_GateMutex_Object__PARAMS__C)
                  0081cc6c    00000018     pcount3D_dss_pe674.oe674 (.const:ti_sysbios_knl_Queue_Object__PARAMS__C)
                  0081cc84    00000004     pcount3D_dss_pe674.oe674 (.const:ti_sysbios_family_c64p_Cache_MAR128_159__C)
                  0081cc88    00000018     pcount3D_dss_pe674.oe674 (.const:ti_sysbios_knl_Task_hooks__A)
                  0081cca0    00000014     libdpm_xwr68xx.ae674 : dpm_mailbox.oe674 (.const:.string)
                  0081ccb4    00000010                          : dpm_core.oe674 (.const:.string)
                  0081ccc4    00000010                          : dpm_msg.oe674 (.const:.string)
                  0081ccd4    00000010                          : dpm_pipe.oe674 (.const:.string)
                  0081cce4    00000004     pcount3D_dss_pe674.oe674 (.const:ti_sysbios_family_c64p_Cache_MAR160_191__C)
                  0081cce8    00000010     libedma_xwr68xx.ae674 : edma.oe674 (.const:EDMA_config$1)
                  0081ccf8    00000010     pcount3D_dss_pe674.oe674 (.const:ti_sysbios_family_c64p_EventCombiner_EVTMASK__C)
                  0081cd08    0000000c     pcount3D_dss_pe674.oe674 (.const:ti_sysbios_knl_Idle_funcList__A)
                  0081cd14    00000008     pcount3D_dss_pe674.oe674 (.const:ti_sysbios_knl_Idle_funcList__C)
                  0081cd1c    00000008     pcount3D_dss_pe674.oe674 (.const:ti_sysbios_knl_Task_hooks__C)
                  0081cd24    00000004     pcount3D_dss_pe674.oe674 (.const:ti_sysbios_family_c64p_Cache_MAR192_223__C)
                  0081cd28    00000008     pcount3D_dss_pe674.oe674 (.const:xdc_runtime_Startup_firstFxns__A)
                  0081cd30    00000008     pcount3D_dss_pe674.oe674 (.const:xdc_runtime_Startup_firstFxns__C)
                  0081cd38    00000008     pcount3D_dss_pe674.oe674 (.const:xdc_runtime_Startup_lastFxns__C)
                  0081cd40    00000004     pcount3D_dss_pe674.oe674 (.const:ti_sysbios_family_c64p_Cache_MAR224_255__C)
                  0081cd44    00000004     pcount3D_dss_pe674.oe674 (.const:ti_sysbios_family_c64p_Cache_MAR32_63__C)
                  0081cd48    00000004     pcount3D_dss_pe674.oe674 (.const:ti_sysbios_family_c64p_Cache_MAR64_95__C)
                  0081cd4c    00000004     pcount3D_dss_pe674.oe674 (.const:ti_sysbios_family_c64p_Cache_MAR96_127__C)
                  0081cd50    00000004     pcount3D_dss_pe674.oe674 (.const:ti_sysbios_family_c64p_EventCombiner_A_invalidEventId__C)
                  0081cd54    00000004     pcount3D_dss_pe674.oe674 (.const:ti_sysbios_family_c64p_EventCombiner_EVTRegs__C)
                  0081cd58    00000004     pcount3D_dss_pe674.oe674 (.const:ti_sysbios_family_c64p_EventCombiner_E_unpluggedEvent__C)
                  0081cd5c    00000004     pcount3D_dss_pe674.oe674 (.const:ti_sysbios_family_c64p_EventCombiner_Module__diagsEnabled__C)
                  0081cd60    00000004     pcount3D_dss_pe674.oe674 (.const:ti_sysbios_family_c64p_EventCombiner_Module__diagsIncluded__C)
                  0081cd64    00000004     pcount3D_dss_pe674.oe674 (.const:ti_sysbios_family_c64p_EventCombiner_Module__diagsMask__C)
                  0081cd68    00000004     pcount3D_dss_pe674.oe674 (.const:ti_sysbios_family_c64p_Exception_E_exceptionMax__C)
                  0081cd6c    00000004     pcount3D_dss_pe674.oe674 (.const:ti_sysbios_family_c64p_Exception_exceptionHook__C)
                  0081cd70    00000004     pcount3D_dss_pe674.oe674 (.const:ti_sysbios_family_c64p_Exception_externalHook__C)
                  0081cd74    00000004     pcount3D_dss_pe674.oe674 (.const:ti_sysbios_family_c64p_Exception_internalHook__C)
                  0081cd78    00000004     pcount3D_dss_pe674.oe674 (.const:ti_sysbios_family_c64p_Exception_nmiHook__C)
                  0081cd7c    00000004     pcount3D_dss_pe674.oe674 (.const:ti_sysbios_family_c64p_Hwi_INTRMUX1Address__C)
                  0081cd80    00000004     pcount3D_dss_pe674.oe674 (.const:ti_sysbios_gates_GateMutex_A_badContext__C)
                  0081cd84    00000004     pcount3D_dss_pe674.oe674 (.const:ti_sysbios_gates_GateMutex_Instance_State_sem__O)
                  0081cd88    00000004     pcount3D_dss_pe674.oe674 (.const:ti_sysbios_gates_GateMutex_Module__diagsEnabled__C)
                  0081cd8c    00000004     pcount3D_dss_pe674.oe674 (.const:ti_sysbios_gates_GateMutex_Module__diagsIncluded__C)
                  0081cd90    00000004     pcount3D_dss_pe674.oe674 (.const:ti_sysbios_gates_GateMutex_Module__diagsMask__C)
                  0081cd94    00000004     pcount3D_dss_pe674.oe674 (.const:ti_sysbios_hal_Hwi_E_stackOverflow__C)
                  0081cd98    00000004     pcount3D_dss_pe674.oe674 (.const:ti_sysbios_heaps_HeapBuf_Instance_State_freeList__O)
                  0081cd9c    00000004     pcount3D_dss_pe674.oe674 (.const:ti_sysbios_heaps_HeapBuf_Object__count__C)
                  0081cda0    00000004     pcount3D_dss_pe674.oe674 (.const:ti_sysbios_heaps_HeapBuf_numConstructedHeaps__C)
                  0081cda4    00000004     pcount3D_dss_pe674.oe674 (.const:ti_sysbios_heaps_HeapMem_A_align__C)
                  0081cda8    00000004     pcount3D_dss_pe674.oe674 (.const:ti_sysbios_heaps_HeapMem_A_heapSize__C)
                  0081cdac    00000004     pcount3D_dss_pe674.oe674 (.const:ti_sysbios_heaps_HeapMem_A_invalidFree__C)
                  0081cdb0    00000004     pcount3D_dss_pe674.oe674 (.const:ti_sysbios_heaps_HeapMem_A_zeroBlock__C)
                  0081cdb4    00000004     pcount3D_dss_pe674.oe674 (.const:ti_sysbios_heaps_HeapMem_E_memory__C)
                  0081cdb8    00000004     pcount3D_dss_pe674.oe674 (.const:ti_sysbios_heaps_HeapMem_Module__diagsEnabled__C)
                  0081cdbc    00000004     pcount3D_dss_pe674.oe674 (.const:ti_sysbios_heaps_HeapMem_Module__diagsIncluded__C)
                  0081cdc0    00000004     pcount3D_dss_pe674.oe674 (.const:ti_sysbios_heaps_HeapMem_Module__diagsMask__C)
                  0081cdc4    00000004     pcount3D_dss_pe674.oe674 (.const:ti_sysbios_heaps_HeapMem_Module__gateObj__C)
                  0081cdc8    00000004     pcount3D_dss_pe674.oe674 (.const:ti_sysbios_heaps_HeapMem_Object__count__C)
                  0081cdcc    00000004     pcount3D_dss_pe674.oe674 (.const:ti_sysbios_heaps_HeapMem_reqAlign__C)
                  0081cdd0    00000004     pcount3D_dss_pe674.oe674 (.const:ti_sysbios_knl_Clock_Module_State_clockQ__O)
                  0081cdd4    00000004     pcount3D_dss_pe674.oe674 (.const:ti_sysbios_knl_Semaphore_A_badContext__C)
                  0081cdd8    00000004     pcount3D_dss_pe674.oe674 (.const:ti_sysbios_knl_Semaphore_A_noEvents__C)
                  0081cddc    00000004     pcount3D_dss_pe674.oe674 (.const:ti_sysbios_knl_Semaphore_A_overflow__C)
                  0081cde0    00000004     pcount3D_dss_pe674.oe674 (.const:ti_sysbios_knl_Semaphore_A_pendTaskDisabled__C)
                  0081cde4    00000004     pcount3D_dss_pe674.oe674 (.const:ti_sysbios_knl_Semaphore_Instance_State_pendQ__O)
                  0081cde8    00000004     pcount3D_dss_pe674.oe674 (.const:ti_sysbios_knl_Semaphore_Module__diagsEnabled__C)
                  0081cdec    00000004     pcount3D_dss_pe674.oe674 (.const:ti_sysbios_knl_Semaphore_Module__diagsIncluded__C)
                  0081cdf0    00000004     pcount3D_dss_pe674.oe674 (.const:ti_sysbios_knl_Semaphore_Module__diagsMask__C)
                  0081cdf4    00000004     pcount3D_dss_pe674.oe674 (.const:ti_sysbios_knl_Swi_Object__count__C)
                  0081cdf8    00000004     pcount3D_dss_pe674.oe674 (.const:ti_sysbios_knl_Task_A_badPriority__C)
                  0081cdfc    00000004     pcount3D_dss_pe674.oe674 (.const:ti_sysbios_knl_Task_A_badTaskState__C)
                  0081ce00    00000004     pcount3D_dss_pe674.oe674 (.const:ti_sysbios_knl_Task_A_badThreadType__C)
                  0081ce04    00000004     pcount3D_dss_pe674.oe674 (.const:ti_sysbios_knl_Task_A_badTimeout__C)
                  0081ce08    00000004     pcount3D_dss_pe674.oe674 (.const:ti_sysbios_knl_Task_A_noPendElem__C)
                  0081ce0c    00000004     pcount3D_dss_pe674.oe674 (.const:ti_sysbios_knl_Task_A_sleepTaskDisabled__C)
                  0081ce10    00000004     pcount3D_dss_pe674.oe674 (.const:ti_sysbios_knl_Task_E_spOutOfBounds__C)
                  0081ce14    00000004     pcount3D_dss_pe674.oe674 (.const:ti_sysbios_knl_Task_E_stackOverflow__C)
                  0081ce18    00000004     pcount3D_dss_pe674.oe674 (.const:ti_sysbios_knl_Task_Module_State_inactiveQ__O)
                  0081ce1c    00000004     pcount3D_dss_pe674.oe674 (.const:ti_sysbios_knl_Task_Module__diagsEnabled__C)
                  0081ce20    00000004     pcount3D_dss_pe674.oe674 (.const:ti_sysbios_knl_Task_Module__diagsIncluded__C)
                  0081ce24    00000004     pcount3D_dss_pe674.oe674 (.const:ti_sysbios_knl_Task_Module__diagsMask__C)
                  0081ce28    00000004     pcount3D_dss_pe674.oe674 (.const:ti_sysbios_knl_Task_Object__count__C)
                  0081ce2c    00000004     pcount3D_dss_pe674.oe674 (.const:ti_sysbios_knl_Task_Object__heap__C)
                  0081ce30    00000004     pcount3D_dss_pe674.oe674 (.const:ti_sysbios_knl_Task_allBlockedFunc__C)
                  0081ce34    00000004     pcount3D_dss_pe674.oe674 (.const:ti_sysbios_knl_Task_defaultStackHeap__C)
                  0081ce38    00000004     pcount3D_dss_pe674.oe674 (.const:ti_sysbios_knl_Task_defaultStackSize__C)
                  0081ce3c    00000004     pcount3D_dss_pe674.oe674 (.const:ti_sysbios_knl_Task_numConstructedTasks__C)
                  0081ce40    00000004     pcount3D_dss_pe674.oe674 (.const:ti_sysbios_timers_rti_Timer_E_cannotSupport__C)
                  0081ce44    00000004     pcount3D_dss_pe674.oe674 (.const:ti_sysbios_timers_rti_Timer_Module__diagsEnabled__C)
                  0081ce48    00000004     pcount3D_dss_pe674.oe674 (.const:ti_sysbios_timers_rti_Timer_Module__diagsIncluded__C)
                  0081ce4c    00000004     pcount3D_dss_pe674.oe674 (.const:ti_sysbios_timers_rti_Timer_Module__diagsMask__C)
                  0081ce50    00000004     pcount3D_dss_pe674.oe674 (.const:ti_sysbios_timers_rti_Timer_numTimerDevices__C)
                  0081ce54    00000004     pcount3D_dss_pe674.oe674 (.const:ti_sysbios_timers_rti_Timer_startupNeeded__C)
                  0081ce58    00000004     pcount3D_dss_pe674.oe674 (.const:ti_sysbios_utils_Load_Module_State_taskList__O)
                  0081ce5c    00000004     pcount3D_dss_pe674.oe674 (.const:ti_sysbios_utils_Load_Module__diagsEnabled__C)
                  0081ce60    00000004     pcount3D_dss_pe674.oe674 (.const:ti_sysbios_utils_Load_Module__diagsIncluded__C)
                  0081ce64    00000004     pcount3D_dss_pe674.oe674 (.const:ti_sysbios_utils_Load_Module__diagsMask__C)
                  0081ce68    00000004     pcount3D_dss_pe674.oe674 (.const:ti_sysbios_utils_Load_postUpdate__C)
                  0081ce6c    00000004     pcount3D_dss_pe674.oe674 (.const:ti_sysbios_utils_Load_windowInMs__C)
                  0081ce70    00000004     pcount3D_dss_pe674.oe674 (.const:xdc_runtime_Assert_E_assertFailed__C)
                  0081ce74    00000004     pcount3D_dss_pe674.oe674 (.const:xdc_runtime_Core_A_initializedParams__C)
                  0081ce78    00000004     pcount3D_dss_pe674.oe674 (.const:xdc_runtime_Core_Module__diagsEnabled__C)
                  0081ce7c    00000004     pcount3D_dss_pe674.oe674 (.const:xdc_runtime_Core_Module__diagsIncluded__C)
                  0081ce80    00000004     pcount3D_dss_pe674.oe674 (.const:xdc_runtime_Core_Module__diagsMask__C)
                  0081ce84    00000004     pcount3D_dss_pe674.oe674 (.const:xdc_runtime_Error_E_memory__C)
                  0081ce88    00000004     pcount3D_dss_pe674.oe674 (.const:xdc_runtime_Error_policyFxn__C)
                  0081ce8c    00000004     pcount3D_dss_pe674.oe674 (.const:xdc_runtime_Error_policy__C)
                  0081ce90    00000004     pcount3D_dss_pe674.oe674 (.const:xdc_runtime_Error_raiseHook__C)
                  0081ce94    00000004     pcount3D_dss_pe674.oe674 (.const:xdc_runtime_IFilterLogger_Interface__BASE__C)
                  0081ce98    00000004     pcount3D_dss_pe674.oe674 (.const:xdc_runtime_IGateProvider_Interface__BASE__C)
                  0081ce9c    00000004     pcount3D_dss_pe674.oe674 (.const:xdc_runtime_IHeap_Interface__BASE__C)
                  0081cea0    00000004     pcount3D_dss_pe674.oe674 (.const:xdc_runtime_ILogger_Interface__BASE__C)
                  0081cea4    00000004     pcount3D_dss_pe674.oe674 (.const:xdc_runtime_IModule_Interface__BASE__C)
                  0081cea8    00000004     pcount3D_dss_pe674.oe674 (.const:xdc_runtime_LoggerBuf_E_badLevel__C)
                  0081ceac    00000004     pcount3D_dss_pe674.oe674 (.const:xdc_runtime_LoggerBuf_Module__gateObj__C)
                  0081ceb0    00000004     pcount3D_dss_pe674.oe674 (.const:xdc_runtime_LoggerBuf_Object__count__C)
                  0081ceb4    00000004     pcount3D_dss_pe674.oe674 (.const:xdc_runtime_LoggerBuf_statusLogger__C)
                  0081ceb8    00000004     pcount3D_dss_pe674.oe674 (.const:xdc_runtime_Memory_defaultHeapInstance__C)
                  0081cebc    00000004     pcount3D_dss_pe674.oe674 (.const:xdc_runtime_Startup_execImpl__C)
                  0081cec0    00000004     pcount3D_dss_pe674.oe674 (.const:xdc_runtime_Startup_maxPasses__C)
                  0081cec4    00000004     pcount3D_dss_pe674.oe674 (.const:xdc_runtime_Startup_sfxnRts__C)
                  0081cec8    00000004     pcount3D_dss_pe674.oe674 (.const:xdc_runtime_Startup_sfxnTab__C)
                  0081cecc    00000004     pcount3D_dss_pe674.oe674 (.const:xdc_runtime_System_Module__gateObj__C)
                  0081ced0    00000004     pcount3D_dss_pe674.oe674 (.const:xdc_runtime_System_abortFxn__C)
                  0081ced4    00000004     pcount3D_dss_pe674.oe674 (.const:xdc_runtime_System_exitFxn__C)
                  0081ced8    00000004     pcount3D_dss_pe674.oe674 (.const:xdc_runtime_System_extendFxn__C)
                  0081cedc    00000004     pcount3D_dss_pe674.oe674 (.const:xdc_runtime_System_maxAtexitHandlers__C)
                  0081cee0    00000004     pcount3D_dss_pe674.oe674 (.const:xdc_runtime_Text_charTab__C)
                  0081cee4    00000004     pcount3D_dss_pe674.oe674 (.const:xdc_runtime_Text_nameEmpty__C)
                  0081cee8    00000004     pcount3D_dss_pe674.oe674 (.const:xdc_runtime_Text_nameStatic__C)
                  0081ceec    00000004     pcount3D_dss_pe674.oe674 (.const:xdc_runtime_Text_nameUnknown__C)
                  0081cef0    00000004     pcount3D_dss_pe674.oe674 (.const:xdc_runtime_Text_nodeTab__C)
                  0081cef4    00000004     pcount3D_dss_pe674.oe674 (.const:xdc_runtime_Text_visitRopeFxn__C)
                  0081cef8    00000002     pcount3D_dss_pe674.oe674 (.const:ti_sysbios_family_c64p_Exception_useInternalBuffer__C)
                  0081cefa    00000002     pcount3D_dss_pe674.oe674 (.const:ti_sysbios_gates_GateMutex_Module__id__C)
                  0081cefc    00000002     pcount3D_dss_pe674.oe674 (.const:ti_sysbios_hal_Hwi_Module__id__C)
                  0081cefe    00000002     pcount3D_dss_pe674.oe674 (.const:ti_sysbios_heaps_HeapMem_Module__id__C)
                  0081cf00    00000002     pcount3D_dss_pe674.oe674 (.const:ti_sysbios_knl_Semaphore_Module__id__C)
                  0081cf02    00000002     pcount3D_dss_pe674.oe674 (.const:ti_sysbios_knl_Task_Module__id__C)
                  0081cf04    00000002     pcount3D_dss_pe674.oe674 (.const:ti_sysbios_timers_rti_Timer_Module__id__C)
                  0081cf06    00000002     pcount3D_dss_pe674.oe674 (.const:ti_sysbios_timers_rti_Timer_continueOnSuspend__C)
                  0081cf08    00000002     pcount3D_dss_pe674.oe674 (.const:ti_sysbios_utils_Load_Module__id__C)
                  0081cf0a    00000002     pcount3D_dss_pe674.oe674 (.const:ti_sysbios_utils_Load_autoAddTasks__C)
                  0081cf0c    00000002     pcount3D_dss_pe674.oe674 (.const:ti_sysbios_utils_Load_updateInIdle__C)
                  0081cf0e    00000002     pcount3D_dss_pe674.oe674 (.const:xdc_runtime_Core_Module__id__C)
                  0081cf10    00000002     pcount3D_dss_pe674.oe674 (.const:xdc_runtime_Error_maxDepth__C)
                  0081cf12    00000002     pcount3D_dss_pe674.oe674 (.const:xdc_runtime_LoggerBuf_Module__id__C)
                  0081cf14    00000002     pcount3D_dss_pe674.oe674 (.const:xdc_runtime_LoggerBuf_filterByLevel__C)
                  0081cf16    00000002     pcount3D_dss_pe674.oe674 (.const:xdc_runtime_Main_Module__id__C)
                  0081cf18    00000002     pcount3D_dss_pe674.oe674 (.const:xdc_runtime_Memory_Module__id__C)
                  0081cf1a    00000002     pcount3D_dss_pe674.oe674 (.const:xdc_runtime_Text_charCnt__C)
                  0081cf1c    00000002     pcount3D_dss_pe674.oe674 (.const:xdc_runtime_Text_isLoaded__C)
                  0081cf1e    00000002     pcount3D_dss_pe674.oe674 (.const:xdc_runtime_Text_registryModsLastId__C)
                  0081cf20    00000002     pcount3D_dss_pe674.oe674 (.const:xdc_runtime_Text_unnamedModsLastId__C)

systemHeap 
*          0    0081cf28    00002c00     UNINITIALIZED
                  0081cf28    00002c00     pcount3D_dss_pe674.oe674 (systemHeap)

.dpc_l1Heap 
*          0    00f00000    00004000     UNINITIALIZED
                  00f00000    00004000     dss_main.oe674 (.dpc_l1Heap)

.fastCode 
*          0    20090000    00006da0     RUN ADDR = 00e00000
                  20090000    00001960     RADARDEMO_detectionCFAR_priv.oe674 (.text:RADARDEMO_detectionCFAR_raCAAll)
                  20091960    000043c0     RADARDEMO_aoaEst2DCaponBF_heatmapEst.oe674 (.text:RADARDEMO_aoaEst2DCaponBF_raHeatmap)
                  20095d20    000006a0     RADARDEMO_aoaEst2DCaponBF_rnEstInv.oe674 (.text:RADARDEMO_aoaEst2DCaponBF_covInv)
                  200963c0    00000580     MATRIX_cholesky.oe674 (.text:MATRIX_cholesky_flp_inv)
                  20096940    00000380     RADARDEMO_aoaEst2DCaponBF_staticRemoval.oe674 (.text:RADARDEMO_aoaEst2DCaponBF_clutterRemoval)
                  20096cc0    000000c0     copyTranspose.oe674 (.text:copyTranspose)
                  20096d80    00000010     rts6740_elf.lib : push.asm.obj ($Tramp$S$$__c6xabi_pop_rts)
                  20096d90    00000010                     : push.asm.obj ($Tramp$S$$__c6xabi_push_rts)

.hsramCode 
*          0    20096da0    00004b80     RUN ADDR = 21080000
                  20096da0    00000180     libdpm_xwr68xx.ae674 : dpm_core.oe674 (.text:DPM_deinit)
                  20096f20    00000160     libmailbox_xwr68xx.ae674 : mailbox.oe674 (.text:Mailbox_close)
                  20097080    00000080     libdpm_xwr68xx.ae674 : dpm_pipe.oe674 (.text:DPM_pipeDeinit)
                  20097100    00000080     dss_main.oe674 (.text:Pcount3DDemo_sensorStopEpilog)
                  20097180    00000020     rts6740_elf.lib : printf.c.obj (.text:_outc)
                  200971a0    00000020                     : printf.c.obj (.text:_outs)
                  200971c0    000000e0                     : printf.c.obj (.text:printf)
                  200972a0    00000200                     : _printfi.c.obj (.text:_ltostr)
                  200974a0    00000040                     : _printfi.c.obj (.text:__c6xabi_isnan)
                  200974e0    000000a0                     : _printfi.c.obj (.text:_ecpy)
                  20097580    00000100                     : _printfi.c.obj (.text:_mcpy)
                  20097680    00000400                     : _printfi.c.obj (.text:_pconv_g)
                  20097a80    000002a0                     : _printfi.c.obj (.text:fcvt)
                  20097d20    00000120                     : _printfi.c.obj (.text:_pconv_f)
                  20097e40    000002a0                     : _printfi.c.obj (.text:_pconv_e)
                  200980e0    00000660                     : _printfi.c.obj (.text:_pconv_a)
                  20098740    00002040                     : _printfi.c.obj (.text:__TI_printfi)
                  2009a780    00000320                     : fputs.c.obj (.text:fputs)
                  2009aaa0    000001c0                     : fputc.c.obj (.text:fputc)
                  2009ac60    000001c0                     : imath40.c.obj (.text:__c6xabi_divul)
                  2009ae20    000005e0                     : divd.c.obj (.text:__c6xabi_divd)
                  2009b400    00000010                     : llshift.c.obj ($Tramp$S$$__c6xabi_llshru)
                  2009b410    00000010                     : frcmpyd_div.c.obj ($Tramp$S$$__TI_frcmpyd_div)
                  2009b420    000001c0                     : frexp.c.obj (.text:frexp)
                  2009b5e0    00000180                     : ldexp.c.obj (.text:ldexp)
                  2009b760    00000010                     : write.c.obj ($Tramp$S$$write)
                  2009b770    00000010                     : fflush.c.obj ($Tramp$S$$__TI_doflush)
                  2009b780    00000010                     : memcpy64.asm.obj ($Tramp$S$$memcpy)
                  2009b790    00000010                     : _io_perm.c.obj ($Tramp$S$$__TI_wrt_ok)
                  2009b7a0    00000010                     : errno.c.obj ($Tramp$S$$__c6xabi_errno_addr)
                  2009b7b0    00000010                     : wcslen.c.obj ($Tramp$S$$wcslen)
                  2009b7c0    00000010                     : memccpy.c.obj ($Tramp$S$$memccpy)
                  2009b7d0    00000010                     : signbit.c.obj ($Tramp$S$$_signbit)
                  2009b7e0    00000010                     : isinf.c.obj ($Tramp$S$$__c6xabi_isinf)
                  2009b7f0    00000010                     : memset.c.obj ($Tramp$S$$memset)
                  2009b800    00000010                     : atoi.c.obj ($Tramp$S$$atoi)
                  2009b810    00000010                     : _ltoa.c.obj ($Tramp$S$$__TI_ltoa)
                  2009b820    00000010                     : divu.asm.obj ($Tramp$S$$__c6xabi_divu)
                  2009b830    00000010                     : imath64.c.obj ($Tramp$S$$__c6xabi_divull)
                  2009b840    00000010     sysbios.ae674 : BIOS.obj ($Tramp$S$$ti_sysbios_family_c64p_Hwi_getStackInfo__E)
                  2009b850    00000010                   : BIOS.obj ($Tramp$S$$ti_sysbios_knl_Task_stat__E)
                  2009b860    00000010     libdpm_xwr68xx.ae674 : dpm_listlib.oe674 ($Tramp$S$$DPM_listAdd)
                  2009b870    00000010                          : dpm_pipe.oe674 ($Tramp$S$$DPM_pipeDequeue)
                  2009b880    00000010     rts6740_elf.lib : push.asm.obj ($Tramp$S$$__c6xabi_pop_rts)
                  2009b890    00000010     libosal_xwr68xx.ae674 : HwiP_tirtos.oe674 ($Tramp$S$$HwiP_restore)
                  2009b8a0    00000010                           : HwiP_tirtos.oe674 ($Tramp$S$$HwiP_disable)
                  2009b8b0    00000010                           : HwiP_tirtos.oe674 ($Tramp$S$$HwiP_delete)
                  2009b8c0    00000010     rts6740_elf.lib : push.asm.obj ($Tramp$S$$__c6xabi_push_rts)
                  2009b8d0    00000010     libosal_xwr68xx.ae674 : MemoryP_tirtos.oe674 ($Tramp$S$$MemoryP_ctrlFree)
                  2009b8e0    00000010                           : SemaphoreP_tirtos.oe674 ($Tramp$S$$SemaphoreP_delete)
                  2009b8f0    00000010                           : DebugP_tirtos.oe674 ($Tramp$S$$_DebugP_assert)
                  2009b900    00000010     libsoc_xwr68xx.ae674 : soc.oe674 ($Tramp$S$$SOC_deregisterSysIntListener)
                  2009b910    00000010     --HOLE-- [fill = 00000000]

.overlaidCode 
*          0    2009b920    00007f00     
                  2009b920    000025c0     RADARDEMO_aoaEst2DCaponBF.oe674 (.text:RADARDEMO_aoaEst2DCaponBF_create)
                  2009dee0    00000280     RADARDEMO_detectionCFAR.oe674 (.text:RADARDEMO_detectionCFAR_create)
                  2009e160    00000860     RADARDEMO_aoaEst2DCaponBF_utils.oe674 (.text:tw_gen_float)
                  2009e9c0    00000e40     radarProcess.oe674 (.text:DPU_radarProcess_init)
                  2009f800    00000060     objectdetection.oe674 (.text:DPC_ObjectDetection_deinit)
                  2009f860    000001c0     radarOsal_malloc.oe674 (.text:radarOsal_memAlloc)
                  2009fa20    00000100     radarOsal_malloc.oe674 (.text:radarOsal_memInit)
                  2009fb20    00000020     radarOsal_malloc.oe674 (.text:radarOsal_memDeInit)
                  2009fb40    00000280     radarOsal_malloc.oe674 (.text:radarOsal_printHeapStats)
                  2009fdc0    00000200     objectdetection.oe674 (.text:DPC_ObjectDetection_init)
                  2009ffc0    000001c0     RADARDEMO_aoaEst2DCaponBF_utils.oe674 (.text:cosdp_i)
                  200a0180    00000960     RADARDEMO_aoaEst2DCaponBF_angleEst.oe674 (.text:RADARDEMO_aoaEst2DCaponBF_aeEstElevAzim)
                  200a0ae0    000002c0     libedma_xwr68xx.ae674 : edma.oe674 (.text:EDMA_configChannel)
                  200a0da0    000002c0                           : edma.oe674 (.text:EDMA_configErrorMonitoring)
                  200a1060    000002a0                           : edma.oe674 (.text:EDMA_open)
                  200a1300    00000220                           : edma.oe674 (.text:EDMA_transferComplete_isr)
                  200a1520    000001e0                           : edma.oe674 (.text:EDMA_init)
                  200a1700    000001a0                           : edma.oe674 (.text:EDMA_paramConfig_assist)
                  200a18a0    00000160                           : edma.oe674 (.text:EDMA_getErrorStatusInfo)
                  200a1a00    00000140                           : edma_low_level.oe674 (.text:EDMA3Init)
                  200a1b40    00000140                           : edma.oe674 (.text:EDMA_clearErrors)
                  200a1c80    000000e0                           : edma.oe674 (.text:EDMA_isTransferComplete)
                  200a1d60    000000e0                           : edma.oe674 (.text:EDMA_transferController_error_isr)
                  200a1e40    000000c0                           : edma.oe674 (.text:EDMA_error_isr)
                  200a1f00    000000c0                           : edma.oe674 (.text:EDMA_startDmaTransfer)
                  200a1fc0    000000a0                           : edma_low_level.oe674 (.text:EDMA3EnableChInShadowReg)
                  200a2060    000000a0                           : edma.oe674 (.text:EDMA_disableChannel)
                  200a2100    000000a0                           : edma.oe674 (.text:EDMA_enableChannel)
                  200a21a0    00000080                           : edma_low_level.oe674 (.text:EDMA3MapChToEvtQ)
                  200a2220    00000080                           : edma.oe674 (.text:EDMA_getTransferControllerErrorStatusInfo)
                  200a22a0    00000060                           : edma_low_level.oe674 (.text:EDMA3ClrEvt)
                  200a2300    00000060                           : edma_low_level.oe674 (.text:EDMA3ClrIntr)
                  200a2360    00000060                           : edma_low_level.oe674 (.text:EDMA3ClrMissEvt)
                  200a23c0    00000060                           : edma_low_level.oe674 (.text:EDMA3DisableEvtIntr)
                  200a2420    00000060                           : edma_low_level.oe674 (.text:EDMA3EnableDmaEvt)
                  200a2480    00000060                           : edma_low_level.oe674 (.text:EDMA3EnableEvtIntr)
                  200a24e0    00000060                           : edma_low_level.oe674 (.text:EDMA3SetEvt)
                  200a2540    00000060                           : edma.oe674 (.text:EDMA_configTransferControllerError)
                  200a25a0    00000060                           : edma.oe674 (.text:EDMA_isError)
                  200a2600    00000060                           : edma.oe674 (.text:EDMA_validate_channelIdchannelType)
                  200a2660    00000040                           : edma_low_level.oe674 (.text:EDMA3DisableDmaEvt)
                  200a26a0    00000040                           : edma_low_level.oe674 (.text:EDMA3MapQdmaChToPaRAM)
                  200a26e0    00000040                           : edma_low_level.oe674 (.text:EDMA3SetPaRAM)
                  200a2720    00000040                           : edma_low_level.oe674 (.text:EDMA3SetQdmaTrigWord)
                  200a2760    00000020                           : edma_low_level.oe674 (.text:EDMA3ChannelToParamMap)
                  200a2780    00000020                           : edma_low_level.oe674 (.text:EDMA3ClrCCErr)
                  200a27a0    00000020                           : edma_low_level.oe674 (.text:EDMA3DisableQdmaEvt)
                  200a27c0    00000020                           : edma_low_level.oe674 (.text:EDMA3EnableQdmaEvt)
                  200a27e0    00000020                           : edma_low_level.oe674 (.text:EDMA3ErrIntrHighStatusGet)
[...]
0081cd44  ti_sysbios_family_c64p_Cache_MAR32_63__C                     
0081cd48  ti_sysbios_family_c64p_Cache_MAR64_95__C                     
0081cd4c  ti_sysbios_family_c64p_Cache_MAR96_127__C                    
0081cd50  ti_sysbios_family_c64p_EventCombiner_A_invalidEventId__C     
0081cd54  ti_sysbios_family_c64p_EventCombiner_EVTRegs__C              
0081cd58  ti_sysbios_family_c64p_EventCombiner_E_unpluggedEvent__C     
0081cd5c  ti_sysbios_family_c64p_EventCombiner_Module__diagsEnabled__C 
0081cd60  ti_sysbios_family_c64p_EventCombiner_Module__diagsIncluded__C
0081cd64  ti_sysbios_family_c64p_EventCombiner_Module__diagsMask__C    
0081cd68  ti_sysbios_family_c64p_Exception_E_exceptionMax__C           
0081cd6c  ti_sysbios_family_c64p_Exception_exceptionHook__C            
0081cd70  ti_sysbios_family_c64p_Exception_externalHook__C             
0081cd74  ti_sysbios_family_c64p_Exception_internalHook__C             
0081cd78  ti_sysbios_family_c64p_Exception_nmiHook__C                  
0081cd7c  ti_sysbios_family_c64p_Hwi_INTRMUX1Address__C                
0081cd80  ti_sysbios_gates_GateMutex_A_badContext__C                   
0081cd84  ti_sysbios_gates_GateMutex_Instance_State_sem__O             
0081cd88  ti_sysbios_gates_GateMutex_Module__diagsEnabled__C           
0081cd8c  ti_sysbios_gates_GateMutex_Module__diagsIncluded__C          
0081cd90  ti_sysbios_gates_GateMutex_Module__diagsMask__C              
0081cd94  ti_sysbios_hal_Hwi_E_stackOverflow__C                        
0081cd98  ti_sysbios_heaps_HeapBuf_Instance_State_freeList__O          
0081cd9c  ti_sysbios_heaps_HeapBuf_Object__count__C                    
0081cda0  ti_sysbios_heaps_HeapBuf_numConstructedHeaps__C              
0081cda4  ti_sysbios_heaps_HeapMem_A_align__C                          
0081cda8  ti_sysbios_heaps_HeapMem_A_heapSize__C                       
0081cdac  ti_sysbios_heaps_HeapMem_A_invalidFree__C                    
0081cdb0  ti_sysbios_heaps_HeapMem_A_zeroBlock__C                      
0081cdb4  ti_sysbios_heaps_HeapMem_E_memory__C                         
0081cdb8  ti_sysbios_heaps_HeapMem_Module__diagsEnabled__C             
0081cdbc  ti_sysbios_heaps_HeapMem_Module__diagsIncluded__C            
0081cdc0  ti_sysbios_heaps_HeapMem_Module__diagsMask__C                
0081cdc4  ti_sysbios_heaps_HeapMem_Module__gateObj__C                  
0081cdc8  ti_sysbios_heaps_HeapMem_Object__count__C                    
0081cdcc  ti_sysbios_heaps_HeapMem_reqAlign__C                         
0081cdd0  ti_sysbios_knl_Clock_Module_State_clockQ__O                  
0081cdd4  ti_sysbios_knl_Semaphore_A_badContext__C                     
0081cdd8  ti_sysbios_knl_Semaphore_A_noEvents__C                       
0081cddc  ti_sysbios_knl_Semaphore_A_overflow__C                       
0081cde0  ti_sysbios_knl_Semaphore_A_pendTaskDisabled__C               
0081cde4  ti_sysbios_knl_Semaphore_Instance_State_pendQ__O             
0081cde8  ti_sysbios_knl_Semaphore_Module__diagsEnabled__C             
0081cdec  ti_sysbios_knl_Semaphore_Module__diagsIncluded__C            
0081cdf0  ti_sysbios_knl_Semaphore_Module__diagsMask__C                
0081cdf4  ti_sysbios_knl_Swi_Object__count__C                          
0081cdf8  ti_sysbios_knl_Task_A_badPriority__C                         
0081cdfc  ti_sysbios_knl_Task_A_badTaskState__C                        
0081ce00  ti_sysbios_knl_Task_A_badThreadType__C                       
0081ce04  ti_sysbios_knl_Task_A_badTimeout__C                          
0081ce08  ti_sysbios_knl_Task_A_noPendElem__C                          
0081ce0c  ti_sysbios_knl_Task_A_sleepTaskDisabled__C                   
0081ce10  ti_sysbios_knl_Task_E_spOutOfBounds__C                       
0081ce14  ti_sysbios_knl_Task_E_stackOverflow__C                       
0081ce18  ti_sysbios_knl_Task_Module_State_inactiveQ__O                
0081ce1c  ti_sysbios_knl_Task_Module__diagsEnabled__C                  
0081ce20  ti_sysbios_knl_Task_Module__diagsIncluded__C                 
0081ce24  ti_sysbios_knl_Task_Module__diagsMask__C                     
0081ce28  ti_sysbios_knl_Task_Object__count__C                         
0081ce2c  ti_sysbios_knl_Task_Object__heap__C                          
0081ce30  ti_sysbios_knl_Task_allBlockedFunc__C                        
0081ce34  ti_sysbios_knl_Task_defaultStackHeap__C                      
0081ce38  ti_sysbios_knl_Task_defaultStackSize__C                      
0081ce3c  ti_sysbios_knl_Task_numConstructedTasks__C                   
0081ce40  ti_sysbios_timers_rti_Timer_E_cannotSupport__C               
0081ce44  ti_sysbios_timers_rti_Timer_Module__diagsEnabled__C          
0081ce48  ti_sysbios_timers_rti_Timer_Module__diagsIncluded__C         
0081ce4c  ti_sysbios_timers_rti_Timer_Module__diagsMask__C             
0081ce50  ti_sysbios_timers_rti_Timer_numTimerDevices__C               
0081ce54  ti_sysbios_timers_rti_Timer_startupNeeded__C                 
0081ce58  ti_sysbios_utils_Load_Module_State_taskList__O               
0081ce5c  ti_sysbios_utils_Load_Module__diagsEnabled__C                
0081ce60  ti_sysbios_utils_Load_Module__diagsIncluded__C               
0081ce64  ti_sysbios_utils_Load_Module__diagsMask__C                   
0081ce68  ti_sysbios_utils_Load_postUpdate__C                          
0081ce6c  ti_sysbios_utils_Load_windowInMs__C                          
0081ce70  xdc_runtime_Assert_E_assertFailed__C                         
0081ce74  xdc_runtime_Core_A_initializedParams__C                      
0081ce78  xdc_runtime_Core_Module__diagsEnabled__C                     
0081ce7c  xdc_runtime_Core_Module__diagsIncluded__C                    
0081ce80  xdc_runtime_Core_Module__diagsMask__C                        
0081ce84  xdc_runtime_Error_E_memory__C                                
0081ce88  xdc_runtime_Error_policyFxn__C                               
0081ce8c  xdc_runtime_Error_policy__C                                  
0081ce90  xdc_runtime_Error_raiseHook__C                               
0081ce94  xdc_runtime_IFilterLogger_Interface__BASE__C                 
0081ce98  xdc_runtime_IGateProvider_Interface__BASE__C                 
0081ce9c  xdc_runtime_IHeap_Interface__BASE__C                         
0081cea0  xdc_runtime_ILogger_Interface__BASE__C                       
0081cea4  xdc_runtime_IModule_Interface__BASE__C                       
0081cea8  xdc_runtime_LoggerBuf_E_badLevel__C                          
0081ceac  xdc_runtime_LoggerBuf_Module__gateObj__C                     
0081ceb0  xdc_runtime_LoggerBuf_Object__count__C                       
0081ceb4  xdc_runtime_LoggerBuf_statusLogger__C                        
0081ceb8  xdc_runtime_Memory_defaultHeapInstance__C                    
0081cebc  xdc_runtime_Startup_execImpl__C                              
0081cec0  xdc_runtime_Startup_maxPasses__C                             
0081cec4  xdc_runtime_Startup_sfxnRts__C                               
0081cec8  xdc_runtime_Startup_sfxnTab__C                               
0081cecc  xdc_runtime_System_Module__gateObj__C                        
0081ced0  xdc_runtime_System_abortFxn__C                               
0081ced4  xdc_runtime_System_exitFxn__C                                
0081ced8  xdc_runtime_System_extendFxn__C                              
0081cedc  xdc_runtime_System_maxAtexitHandlers__C                      
0081cee0  xdc_runtime_Text_charTab__C                                  
0081cee4  xdc_runtime_Text_nameEmpty__C                                
0081cee8  xdc_runtime_Text_nameStatic__C                               
0081ceec  xdc_runtime_Text_nameUnknown__C                              
0081cef0  xdc_runtime_Text_nodeTab__C                                  
0081cef4  xdc_runtime_Text_visitRopeFxn__C                             
0081cef8  ti_sysbios_family_c64p_Exception_useInternalBuffer__C        
0081cefa  ti_sysbios_gates_GateMutex_Module__id__C                     
0081cefc  ti_sysbios_hal_Hwi_Module__id__C                             
0081cefe  ti_sysbios_heaps_HeapMem_Module__id__C                       
0081cf00  ti_sysbios_knl_Semaphore_Module__id__C                       
0081cf02  ti_sysbios_knl_Task_Module__id__C                            
0081cf04  ti_sysbios_timers_rti_Timer_Module__id__C                    
0081cf06  ti_sysbios_timers_rti_Timer_continueOnSuspend__C             
0081cf08  ti_sysbios_utils_Load_Module__id__C                          
0081cf0a  ti_sysbios_utils_Load_autoAddTasks__C                        
0081cf0c  ti_sysbios_utils_Load_updateInIdle__C                        
0081cf0e  xdc_runtime_Core_Module__id__C                               
0081cf10  xdc_runtime_Error_maxDepth__C                                
0081cf12  xdc_runtime_LoggerBuf_Module__id__C                          
0081cf14  xdc_runtime_LoggerBuf_filterByLevel__C                       
0081cf16  xdc_runtime_Main_Module__id__C                               
0081cf18  xdc_runtime_Memory_Module__id__C                             
0081cf1a  xdc_runtime_Text_charCnt__C                                  
0081cf1c  xdc_runtime_Text_isLoaded__C                                 
0081cf1e  xdc_runtime_Text_registryModsLastId__C                       
0081cf20  xdc_runtime_Text_unnamedModsLastId__C                        
0081cf28  ti_sysbios_heaps_HeapMem_Instance_State_0_buf__A             
0081fb28  ti_sysbios_family_c64p_EventCombiner_Module__state__V        
0081ff28  _stream                                                      
0081ffc8  ti_sysbios_family_c64p_Exception_Module__state__V            
0081fff8  gDPMHwAttrib                                                 
00e00000  RADARDEMO_detectionCFAR_raCAAll                              
00e01960  RADARDEMO_aoaEst2DCaponBF_raHeatmap                          
00e05d20  RADARDEMO_aoaEst2DCaponBF_covInv                             
00e063c0  MATRIX_cholesky_flp_inv                                      
00e06940  RADARDEMO_aoaEst2DCaponBF_clutterRemoval                     
00e06cc0  copyTranspose                                                
00f00000  l1ScratchMem                                                 
00f01200  l1HeapMem                                                    
20090000  _L3data_start                                                
20090000  memHeapL3                                                    
2009b920  RADARDEMO_aoaEst2DCaponBF_create                             
2009dee0  RADARDEMO_detectionCFAR_create                               
2009e160  tw_gen_float                                                 
2009e9c0  DPU_radarProcess_init                                        
2009f860  radarOsal_memAlloc                                           
2009fa20  radarOsal_memInit                                            
2009fb20  radarOsal_memDeInit                                          
2009fb40  radarOsal_printHeapStats                                     
200a0180  RADARDEMO_aoaEst2DCaponBF_aeEstElevAzim                      
200a0ae0  EDMA_configChannel                                           
200a0da0  EDMA_configErrorMonitoring                                   
200a1060  EDMA_open                                                    
200a1520  EDMA_init                                                    
200a1a00  EDMA3Init                                                    
200a1c80  EDMA_isTransferComplete                                      
200a1f00  EDMA_startDmaTransfer                                        
200a1fc0  EDMA3EnableChInShadowReg                                     
200a2060  EDMA_disableChannel                                          
200a2100  EDMA_enableChannel                                           
200a21a0  EDMA3MapChToEvtQ                                             
200a22a0  EDMA3ClrEvt                                                  
200a2300  EDMA3ClrIntr                                                 
200a2360  EDMA3ClrMissEvt                                              
200a23c0  EDMA3DisableEvtIntr                                          
200a2420  EDMA3EnableDmaEvt                                            
200a2480  EDMA3EnableEvtIntr                                           
200a24e0  EDMA3SetEvt                                                  
200a2660  EDMA3DisableDmaEvt                                           
200a26a0  EDMA3MapQdmaChToPaRAM                                        
200a26e0  EDMA3SetPaRAM                                                
200a2720  EDMA3SetQdmaTrigWord                                         
200a2760  EDMA3ChannelToParamMap                                       
200a2780  EDMA3ClrCCErr                                                
200a27a0  EDMA3DisableQdmaEvt                                          
200a27c0  EDMA3EnableQdmaEvt                                           
200a27e0  EDMA3ErrIntrHighStatusGet                                    
200a2800  EDMA3GetCCErrStatus                                          
200a2820  EDMA3GetErrIntrStatus                                        
200a2840  EDMA3GetIntrStatus                                           
200a2860  EDMA3IntrStatusHighGet                                       
200a2880  EDMA3QdmaClrMissEvt                                          
200a28a0  EDMA3QdmaGetErrIntrStatus                                    
200a28c0  EDMAsetRegion                                                
200a2a00  MmwDemo_edmaInit                                             
200a2d00  cache_setMar                                                 
200a2d60  MmwDemo_EDMA_errorCallbackFxn                                
200a2da0  MmwDemo_EDMA_transferControllerErrorCallbackFxn              
200a32c0  main                                                         
200a3820  RADARDEMO_detectionCFAR_CAAll                                
200a4bc0  RADARDEMO_detectionCFAR_OS                                   
200bd540  Mailbox_init                                                 
200bd620  DPM_init                                                     
200bd980  Mailbox_open                                                 
200bdda0  SOC_deviceInit                                               
200bdf40  SemaphoreP_create                                            
200bdfc0  DPM_pipeInit                                                 
200be040  SOC_init                                                     
200be280  __c6xabi_divf                                                
200be500  setvbuf                                                      
200be6c0  HOSTrename                                                   
200be860  getdevice                                                    
200be980  __TI_closefile                                               
200bea80  atoi                                                         
200beb80  fflush                                                       
200bec80  fseek                                                        
200bed80  HOSTlseek                                                    
200bee60  HOSTopen                                                     
200bef40  HOSTwrite                                                    
200bf020  __TI_ltoa                                                    
200bf100  __TI_wrt_ok                                                  
200bf1e0  close                                                        
200bf2c0  HOSTread                                                     
200bf380  HOSTunlink                                                   
200bf440  __TI_doflush                                                 
200bf500  __c6xabi_divu                                                
200bf500  __divu                                                       
200bf5c0  modf                                                         
200bf5c0  modfl                                                        
200bf680  HOSTclose                                                    
200bf720  __TI_cleanup                                                 
200bf7c0  __c6xabi_fixfu                                               
200bf860  __c6xabi_remu                                                
200bf860  __remu                                                       
200bf900  finddevice                                                   
200bf9a0  __TI_readmsg                                                 
200bfa20  __c6xabi_fixdu                                               
200bfaa0  __c6xabi_llshl                                               
200bfb20  remove                                                       
200bfb20  unlink                                                       
200bfba0  __TI_writemsg                                                
200bfbf8  C$$IO$$                                                      
200bfc00  __c6xabi_llshru                                              
200bfc60  _subcull                                                     
200bfcc0  lseek                                                        
200bfd20  write                                                        
200bfd80  __TI_frcmpyd_div                                             
200bfdc0  __c6xabi_isinf                                               
200bfe00  wcslen                                                       
21080000  DPM_deinit                                                   
21080180  Mailbox_close                                                
210802e0  DPM_pipeDeinit                                               
21080420  printf                                                       
210819a0  __TI_printfi                                                 
210839e0  fputs                                                        
21083d00  fputc                                                        
21083d00  putc                                                         
21083ec0  __c6xabi_divul                                               
21084080  __c6xabi_divd                                                
21084680  frexp                                                        
21084680  frexpl                                                       
21084840  ldexp                                                        
21084840  ldexpl                                                       
21084840  scalbn                                                       
21084840  scalbnl                                                      
ffffffff  __TI_pprof_out_hndl                                          
ffffffff  __TI_prof_data_size                                          
ffffffff  __TI_prof_data_start                                         
ffffffff  __binit__                                                    
ffffffff  __c_args__                                                   
ffffffff  binit                                                        
UNDEFED   __TI_CINIT_Base                                              
UNDEFED   __TI_CINIT_Limit                                             
UNDEFED   __TI_Handler_Table_Base                                      
UNDEFED   __TI_Handler_Table_Limit                                     
UNDEFED   __TI_INITARRAY_Base                                          
UNDEFED   __TI_INITARRAY_Limit                                         
UNDEFED   __TI_TLS_INIT_Base                                           
UNDEFED   __TI_TLS_INIT_Limit                                          

[779 symbols]
