******************************************************************************
                  TI ARM Linker PC v16.9.6                     
******************************************************************************
>> Linked Tue Nov 05 17:29:37 2019

OUTPUT FILE NAME:   <3D_people_count_68xx_mss.xer4f>
ENTRY POINT SYMBOL: "_c_int00"  address: 0001b634


MEMORY CONFIGURATION

         name            origin    length      used     unused   attr    fill
----------------------  --------  ---------  --------  --------  ----  --------
PAGE 0:
  VECTORS               00000000   00000100  0000003c  000000c4     X
  PROG_RAM              00000100   0007ff00  0002393c  0005c5c4  R  X
  DATA_RAM              08000000   00030000  0002b37e  00004c82  RW  
  L3_RAM                51000000   00090000  00090000  00000000  RW  
  HWA_RAM               52030000   00010000  00000000  00010000  RW  
  HS_RAM                52080000   00008000  00000000  00008000  RW  

PAGE 1:
  L3_RAM                51000000   00090000  00000000  00090000  RW  


SEGMENT ALLOCATION MAP

run origin  load origin   length   init length attrs members
----------  ----------- ---------- ----------- ----- -------
00000000    00000000    0000003c   0000003c    r--
  00000000    00000000    0000003c   0000003c    r-- .vecs
00000100    00000100    00023948   00023948    r-x
  00000100    00000100    00021142   00021142    r-x .text
  00021248    00021248    000022ca   000022ca    r-- .const
  00023518    00023518    00000530   00000530    r-- .cinit
08000000    08000000    0002b388   00000000    rw-
  08000000    08000000    00020800   00000000    rw- systemHeap
  08020800    08020800    0000671c   00000000    rw- .bss
  08026f1c    08026f1c    00002000   00000000    rw- .dpcLocalRam
  08028f20    08028f20    00001462   00000000    rw- .data
  0802a388    0802a388    00000800   00000000    rw- .myFiqStack
  0802ab88    0802ab88    00000800   00000000    rw- .stack
51000000    51000000    00090000   00000000    rw-
  51000000    51000000    00090000   00000000    rw- .l3ram


SECTION ALLOCATION MAP

 output                                  attributes/
section   page    origin      length       input sections
--------  ----  ----------  ----------   ----------------
systemHeap 
*          0    08000000    00020800     UNINITIALIZED
                  08000000    00020800     pcount3D_mss_per4ft.oer4ft (systemHeap)

.dpcLocalRam 
*          0    08026f1c    00002000     UNINITIALIZED
                  08026f1c    00002000     mss_main.oer4f (.dpcLocalRam)

.vecs      0    00000000    0000003c     
                  00000000    0000003c     pcount3D_mss_per4ft.oer4ft (.vecs)

.text      0    00000100    00021142     
                  00000100    0000107a     rtsv7R4_T_le_v3D16_eabi.lib : _printfi.obj (.text)
                  0000117a    00000002     libadcbuf_xwr68xx.aer4f : adcbuf_mmwave.oer4f (.text:ADCBUF_MMWave_init)
                  0000117c    00000cac     libgtrack3D.aer4f : gtrack_unit_update.oer4f (.text:gtrack_unitUpdate)
                  00001e28    000007d0     mss_main.oer4f (.text:Pcount3DDemo_dataPathConfig)
                  000025f8    0000071c     mss_main.oer4f (.text:Pcount3DDemo_initTask)
                  00002d14    00000712     pcount3D_cli.oer4f (.text:Pcount3DDemo_CLIInit)
                  00003426    00000002     libdma_xwr68xx.aer4f : dma.oer4f (.text:DMA_init)
                  00003428    00000620     libgtrack3D.aer4f : gtrack_create.oer4f (.text:gtrack_create)
                  00003a48    000005fc     rtsv7R4_T_le_v3D16_eabi.lib : k_rem_pio2.obj (.text)
                  00004044    00000590                                 : e_powf.obj (.text)
                  000045d4    00000578     libhwa_xwr68xx.aer4f : hwa.oer4f (.text:HWA_configParamSet)
                  00004b4c    00000560     rangeprochwa.oer4f (.text:DPU_RangeProcHWA_process)
                  000050ac    0000055c     mmwdemo_rfparser.oer4f (.text:MmwDemo_RFParser_parseCtrlConfig)
                  00005608    00000500     mss_main.oer4f (.text:Pcount3DDemo_handleObjectDetResult)
                  00005b08    00000008     libosal_xwr68xx.aer4f : HwiP_tirtos.oer4f (.text:HwiP_disable)
                  00005b10    000004e1     sysbios.aer4ft : BIOS.obj (.text:xdc_runtime_System_doPrint__I)
                  00005ff1    00000001     --HOLE-- [fill = 0]
                  00005ff2    00000002     libhwa_xwr68xx.aer4f : hwa.oer4f (.text:HWA_init)
                  00005ff4    000004a8     libadcbuf_xwr68xx.aer4f : adcbuf_mmwave.oer4f (.text:ADCBUF_MMWave_control)
                  0000649c    00000465     libgtrack3D.aer4f : gtrack_unit_update.oer4f (.text:gtrack_velocityStateHandling)
                  00006901    00000001     --HOLE-- [fill = 0]
                  00006902    00000002     libmmwave_xwr68xx.aer4f : mmwave_link.oer4f (.text:MMWave_maskHostIRQ)
                  00006904    0000043a     pcount3D_cli.oer4f (.text:Pcount3DDemo_CLISensorStart)
                  00006d3e    00000002     libuart_xwr68xx.aer4f : uartsci.oer4f (.text:UartSci_init)
                  00006d40    00000414     rangeprochwa.oer4f (.text:DPU_RangeProcHWA_config)
                  00007154    00000408     libcli_xwr68xx.aer4f : cli_mmwave.oer4f (.text:CLI_MMWaveVersion)
                  0000755c    000003f4     rtsv7R4_T_le_v3D16_eabi.lib : s_cos.obj (.text)
                  00007950    00000374     libgtrack3D.aer4f : gtrack_module.oer4f (.text:gtrack_moduleAllocate)
                  00007cc4    00000332                       : gtrack_utilities_3d.oer4f (.text:gtrack_matrixInv)
                  00007ff6    00000002     rtsv7R4_T_le_v3D16_eabi.lib : i_div0.obj (.text)
                  00007ff8    00000314                                 : s_tanf.obj (.text)
                  0000830c    00000304     rangeprochwa.oer4f (.text:rangeProcHWA_ConfigEDMA_DataOut_nonInterleave)
                  00008610    00000300     libsoc_xwr68xx.aer4f : soc_xwr68xx_mss.oer4f (.text:SOC_deviceInit)
                  00008910    000002f4     sysbios.aer4ft : BIOS.obj (.text:ti_sysbios_knl_Semaphore_pend__E)
                  00008c04    000002dc     mss_main.oer4f (.text:Pcount3DDemo_DPC_ObjectDetection_reportFxn)
                  00008ee0    000002d0     mss_main.oer4f (.text:Pcount3DDemo_sensorStopEpilog)
                  000091b0    000002cc     sysbios.aer4ft : BIOS.obj (.text:ti_sysbios_knl_Task_Instance_finalize__E)
                  0000947c    000002b8     rtsv7R4_T_le_v3D16_eabi.lib : ull_div32.obj (.text)
                  00009734    000002b3     libgtrack3D.aer4f : gtrack_unit_event.oer4f (.text:gtrack_unitEvent)
                  000099e7    00000001     --HOLE-- [fill = 0]
                  000099e8    000002b0     libdma_xwr68xx.aer4f : dma.oer4f (.text:DMA_open)
                  00009c98    00000008     libmmwave_xwr68xx.aer4f : mmwave.oer4f (.text:MMWave_decodeErrorLevel)
                  00009ca0    000002a4     sysbios.aer4ft : BIOS.obj (.text:ti_sysbios_heaps_HeapMem_freeUnprotected__E)
                  00009f44    00000288     libgtrack3D.aer4f : gtrack_step.oer4f (.text:gtrack_step)
                  0000a1cc    00000284     libmmwave_xwr68xx.aer4f : mmwave_dualcore.oer4f (.text:MMWave_deviceExecuteFxn)
                  0000a450    00000280     objdetrangehwa.oer4f (.text:DPC_ObjDetRangeHwa_rangeConfig)
                  0000a6d0    00000280     sysbios.aer4ft : BIOS.obj (.text:ti_sysbios_family_arm_exc_Exception_excDumpContext__I)
                  0000a950    00000264     objdetrangehwa.oer4f (.text:DPC_ObjectDetection_ioctl)
                  0000abb4    00000260     libmailbox_xwr68xx.aer4f : mailbox.oer4f (.text:Mailbox_open)
                  0000ae14    00000254     libcli_xwr68xx.aer4f : cli_mmwave.oer4f (.text:CLI_MMWaveProfileCfg)
                  0000b068    0000024d     libgtrack3D.aer4f : gtrack_unit_score.oer4f (.text:gtrack_unitScore)
                  0000b2b5    00000001     --HOLE-- [fill = 0]
                  0000b2b6    00000002     pcount3D_mss_per4ft.oer4ft (.text:ti_sysbios_BIOS_nullFunc__I)
                  0000b2b8    00000234     mss_main.oer4f (.text:Pcount3DDemo_eventCallbackFxn)
                  0000b4ec    00000234     rangeprochwa.oer4f (.text:rangeProcHWA_ConfigHWA)
                  0000b720    00000228     sysbios.aer4ft : BIOS.obj (.text:ti_sysbios_heaps_HeapMem_allocUnprotected__E)
                  0000b948    00000008     libmmwave_xwr68xx.aer4f : mmwave_link.oer4f (.text:MMWave_mboxCallbackFxn)
                  0000b950    00000224     sysbios.aer4ft : BIOS.obj (.text:ti_sysbios_timers_rti_Timer_Module_startup__E)
                  0000bb74    00000214     libuart_xwr68xx.aer4f : uartsci.oer4f (.text:UartSci_open)
                  0000bd88    00000206     libgtrack3D.aer4f : gtrack_unit_predict.oer4f (.text:gtrack_unitPredict)
                  0000bf8e    00000002     pcount3D_mss_per4ft.oer4ft (.text:xdc_runtime_Startup_reset__I)
                  0000bf90    00000204     libcli_xwr68xx.aer4f : cli_mmwave.oer4f (.text:CLI_MMWaveChirpCfg)
                  0000c194    0000000c                          : cli_mmwave.oer4f (.text:CLI_getMMWaveExtensionConfig)
                  0000c1a0    00000204     sysbios.aer4ft : BIOS.obj (.text:ti_sysbios_knl_Task_sleep__E)
                  0000c3a4    00000200     libcrc_xwr68xx.aer4f : crc.oer4f (.text:CRC_open)
                  0000c5a4    0000000c     libedma_xwr68xx.aer4f : edma_low_level.oer4f (.text:EDMA3ChannelToParamMap)
                  0000c5b0    00000200     sysbios.aer4ft : BIOS.obj (.text:ti_sysbios_knl_Task_Instance_init__E)
                  0000c7b0    000001f2     libhwa_xwr68xx.aer4f : hwa.oer4f (.text:HWA_configCommon)
                  0000c9a2    00000002     --HOLE-- [fill = 0]
                  0000c9a4    000001f0     libdma_xwr68xx.aer4f : dma.oer4f (.text:DMA_setChannelParams)
                  0000cb94    000001ec     mss_main.oer4f (.text:Pcount3DDemo_startSensor)
                  0000cd80    000001e4     pcount3D_cli.oer4f (.text:Pcount3DDemo_CLIDynAngleEstCfg)
                  0000cf64    000001e4     libgtrack3D.aer4f : gtrack_utilities.oer4f (.text:gtrack_computeJacobian)
                  0000d148    000001e4     rtsv7R4_T_le_v3D16_eabi.lib : e_logf.obj (.text)
                  0000d32c    000001e4                                 : strtod.obj (.text)
                  0000d510    000001d4     pcount3D_mss_per4ft.oer4ft (.text:xdc_runtime_System_printfExtend__I)
                  0000d6e4    000001d0     mss_main.oer4f (.text:Pcount3DDemo_stopSensor)
                  0000d8b4    0000000c     libedma_xwr68xx.aer4f : edma_low_level.oer4f (.text:EDMAsetRegion)
                  0000d8c0    000001cc     sysbios.aer4ft : BIOS.obj (.text:ti_sysbios_family_arm_v7r_vim_Hwi_dispatchIRQC__I)
                  0000da8c    000001c8     libmmwavelink_xwr68xx.aer4f : rl_driver.oer4f (.text:rlDriverRxHdrRead)
                  0000dc54    000001c8     rtsv7R4_T_le_v3D16_eabi.lib : fopen.obj (.text)
                  0000de1c    000001c4     mss_main.oer4f (.text:main)
                  0000dfe0    000001c0     libedma_xwr68xx.aer4f : edma.oer4f (.text:EDMA_open)
                  0000e1a0    000001bc     mss_main.oer4f (.text:MmwDemo_uartTxTask)
                  0000e35c    000001b4     objdetrangehwa.oer4f (.text:DPC_ObjectDetection_init)
                  0000e510    000001b0     libmmwavelink_xwr68xx.aer4f : rl_driver.oer4f (.text:rlDriverMsgRead)
                  0000e6c0    000001a8     libcli_xwr68xx.aer4f : cli_mmwave.oer4f (.text:CLI_MMWaveSubFrameCfg)
                  0000e868    000001a6     objdetrangehwa.oer4f (.text:DPC_ObjectDetection_execute)
                  0000ea0e    00000002     --HOLE-- [fill = 0]
                  0000ea10    000001a4     libmmwave_xwr68xx.aer4f : mmwave_dualcore.oer4f (.text:MMWave_serializeCfg)
                  0000ebb4    0000019c     trackerproc_3d.oer4f (.text:DPU_TrackerProc_process)
                  0000ed50    0000019c     sysbios.aer4ft : BIOS.obj (.text:xdc_runtime_Error_policyDefault__E)
                  0000eeec    00000198     libgtrack3D.aer4f : gtrack_unit_start.oer4f (.text:gtrack_unitStart)
                  0000f084    00000190     libmmwavelink_xwr68xx.aer4f : rl_driver.oer4f (.text:rlDriverCmdInvoke)
                  0000f214    00000188     trackerproc_3d.oer4f (.text:DPU_TrackerProc_config)
                  0000f39c    00000188     libedma_xwr68xx.aer4f : edma.oer4f (.text:EDMA_configChannel)
                  0000f524    00000188     libhwa_xwr68xx.aer4f : hwa.oer4f (.text:HWA_open)
                  0000f6ac    00000004     libosal_xwr68xx.aer4f : HwiP_tirtos.oer4f (.text:HwiP_disableInterrupt)
                  0000f6b0    00000184     sysbios.aer4ft : BIOS.obj (.text:xdc_runtime_LoggerBuf_write8__E)
                  0000f834    00000180     libdpm_xwr68xx.aer4f : dpm_core.oer4f (.text:DPM_init)
                  0000f9b4    00000180                          : dpm_msg.oer4f (.text:DPM_msgRecv)
                  0000fb34    00000170     libgpio_xwr68xx.aer4f : gpio.oer4f (.text:GPIO_setConfig)
                  0000fca4    0000000c     libmmwave_xwr68xx.aer4f : mmwave_dualcore.oer4f (.text:MMWave_deviceMailboxCallbackFxn)
                  0000fcb0    0000016c     sysbios.aer4ft : BIOS.obj (.text:ti_sysbios_knl_Semaphore_post__E)
                  0000fe1c    00000004     libosal_xwr68xx.aer4f : HwiP_tirtos.oer4f (.text:HwiP_enableInterrupt)
                  0000fe20    00000168     sysbios.aer4ft : BIOS.obj (.text:ti_sysbios_family_arm_exc_Exception_excHandler__I)
                  0000ff88    00000164     tracker_utils.oer4f (.text:MmwDemo_CLITrackingCfg)
                  000100ec    00000004     libmmwave_xwr68xx.aer4f : mmwave_link.oer4f (.text:MMWave_disableDevice)
                  000100f0    00000160     sysbios.aer4ft : BIOS.obj (.text:ti_sysbios_family_arm_v7r_vim_Hwi_reconfig__E)
                  00010250    0000015c     mss_main.oer4f (.text:MmwDemo_trackerDPUTask)
                  000103ac    00000158     pcount3D_cli.oer4f (.text:Pcount3DDemo_CLIDynRACfarCfg)
                  00010504    00000158     pcount3D_cli.oer4f (.text:Pcount3DDemo_CLIStaticRACfarCfg)
                  0001065c    00000158     mss_main.oer4f (.text:Pcount3DDemo_openSensor)
                  000107b4    0000000c     libmmwave_xwr68xx.aer4f : mmwave_osal.oer4f (.text:MMWave_osalMutexUnlock)
                  000107c0    00000158     sysbios.aer4ft : BIOS.obj (.text:ti_sysbios_knl_Task_postInit__I)
                  00010918    00000154     rtsv7R4_T_le_v3D16_eabi.lib : s_atanf.obj (.text)
                  00010a6c    0000014c     libcli_xwr68xx.aer4f : cli_mmwave.oer4f (.text:CLI_MMWaveFrameCfg)
                  00010bb8    0000014c                          : cli.oer4f (.text:CLI_task)
                  00010d04    0000014c     libmmwave_xwr68xx.aer4f : mmwave_link.oer4f (.text:MMWave_initMMWaveLink)
                  00010e50    0000014a     libuart_xwr68xx.aer4f : uartsci.oer4f (.text:UartSci_ISR)
                  00010f9a    00000002     --HOLE-- [fill = 0]
                  00010f9c    00000148     libmmwavelink_xwr68xx.aer4f : rl_driver.oer4f (.text:rlDriverCmdSendRetry)
                  000110e4    0000000c     libmmwave_xwr68xx.aer4f : mmwave_osal.oer4f (.text:MMWave_osalSemSignal)
                  000110f0    00000140     sysbios.aer4ft : BIOS.obj (.text:ti_sysbios_heaps_HeapMem_Instance_init__E)
                  00011230    00000140                    : BIOS.obj (.text:xdc_runtime_Core_createObject__I)
                  00011370    0000013c                    : BIOS.obj (.text:ti_sysbios_knl_Clock_workFunc__E)
                  000114ac    00000138     rtsv7R4_T_le_v3D16_eabi.lib : fputs.obj (.text)
                  000115e4    00000134     libadcbuf_xwr68xx.aer4f : adcbuf_mmwave.oer4f (.text:ADCBUF_MMWave_open)
                  00011718    00000134     libmmwave_xwr68xx.aer4f : mmwave_link.oer4f (.text:MMWave_openLink)
                  0001184c    00000004                             : mmwave_link.oer4f (.text:MMWave_enableDevice)
                  00011850    00000134     sysbios.aer4ft : BIOS.obj (.text:xdc_runtime_Startup_startMods__I)
                  00011984    00000130     libgtrack3D.aer4f : gtrack_utilities.oer4f (.text:gtrack_cartesian2spherical)
                  00011ab4    0000012c     mss_main.oer4f (.text:Pcount3DDemo_CfgUpdate)
                  00011be0    0000012c     rangeprochwa.oer4f (.text:rangeProcHWA_ConfigEDMADummyThreeLinks)
                  00011d0c    00000128     libmathutils.aer4f : mathutils.oer4f (.text:mathUtils_genWindow)
                  00011e34    0000000c     libuart_xwr68xx.aer4f : UART.oer4f (.text:UART_Params_init)
                  00011e40    00000128     sysbios.aer4ft : BIOS.obj (.text:ti_sysbios_utils_Load_updateThreadContexts__E)
                  00011f68    00000124     libcli_xwr68xx.aer4f : cli_mmwave.oer4f (.text:CLI_MMWaveAdvFrameCfg)
                  0001208c    00000124                          : cli_mmwave.oer4f (.text:CLI_MMWaveContModeCfg)
                  000121b0    00000124     libedma_xwr68xx.aer4f : edma.oer4f (.text:EDMA_init)
                  000122d4    0000000c     libuart_xwr68xx.aer4f : uartsci_dma.oer4f (.text:UartSci_isDMAEnabled)
                  000122e0    00000120     sysbios.aer4ft : BIOS.obj (.text:xdc_runtime_LoggerBuf_write4__E)
                  00012400    00000118                    : BIOS.obj (.text:ti_sysbios_family_arm_v7r_vim_Hwi_Instance_init__E)
                  00012518    00000114     libedma_xwr68xx.aer4f : edma.oer4f (.text:EDMA_configErrorMonitoring)
                  0001262c    00000110                           : edma.oer4f (.text:EDMA_transferComplete_isr)
                  0001273c    0000010c     libdpedma_hwa_xwr68xx.aer4f : dpedma.oer4f (.text:DPEDMA_configSyncAB)
                  00012848    0000010c     libdpm_xwr68xx.aer4f : dpm_msg.oer4f (.text:DPM_msgResultHandler)
                  00012954    0000010c     libmmwave_xwr68xx.aer4f : mmwave_link.oer4f (.text:MMWave_asyncEventHandler)
                  00012a60    0000010c                             : mmwave_dualcore.oer4f (.text:MMWave_deviceInitFxn)
                  00012b6c    00000004                             : mmwave_listlib.oer4f (.text:MMWave_listGetHead)
                  00012b70    0000010c     sysbios.aer4ft : BIOS.obj (.text:ti_sysbios_knl_Task_schedule__I)
                  00012c7c    00000004     libmmwave_xwr68xx.aer4f : mmwave_listlib.oer4f (.text:MMWave_listGetNext)
                  00012c80    0000010c     sysbios.aer4ft : BIOS.obj (.text:xdc_runtime_Core_constructObject__I)
                  00012d8c    00000108     libdma_xwr68xx.aer4f : dma.oer4f (.text:DMA_disableInterrupt)
                  00012e94    00000108     libmailbox_xwr68xx.aer4f : mailbox.oer4f (.text:Mailbox_write)
                  00012f9c    00000104     libdpedma_hwa_xwr68xx.aer4f : dpedma.oer4f (.text:DPEDMA_configSyncA_singleFrame)
                  000130a0    00000104     mss_main.oer4f (.text:Pcount3DDemo_edmaOpen)
                  000131a4    0000000c     sysbios.aer4ft : arm_IntrinsicsSupport_asm.obj (.text:_ti_sysbios_family_arm_IntrinsicsSupport_maxbitA)
                  000131b0    00000104                    : BIOS.obj (.text:ti_sysbios_timers_rti_Timer_getFreq__E)
                  000132b4    00000100     libcli_xwr68xx.aer4f : cli_mmwave.oer4f (.text:CLI_MMWaveBPMCfgAdvanced)
                  000133b4    00000100     libdma_xwr68xx.aer4f : dma.oer4f (.text:DMA_clearChannelInterruptFlag)
                  000134b4    00000100     libmmwave_xwr68xx.aer4f : mmwave_link.oer4f (.text:MMWave_startLink)
                  000135b4    00000100     libgtrack3D.aer4f : gtrack_utilities.oer4f (.text:gtrack_spherical2cartesian)
                  000136b4    00000100     libmmwavelink_xwr68xx.aer4f : rl_driver.oer4f (.text:rlDriverInit)
                  000137b4    000000fc     libcrc_xwr68xx.aer4f : crc.oer4f (.text:CRC_computeSignature)
                  000138b0    000000fc     pcount3D_cli.oer4f (.text:Pcount3DDemo_CLIADCBufCfg)
                  000139ac    00000004     libmmwave_xwr68xx.aer4f : mmwave_link.oer4f (.text:MMWave_mboxClose)
                  000139b0    000000fc     sysbios.aer4ft : BIOS.obj (.text:ti_sysbios_knl_Task_exit__E)
                  00013aac    000000f8     mss_main.oer4f (.text:Pcount3DDemo_configSensor)
                  00013ba4    000000f8     libmmwavelink_xwr68xx.aer4f : rl_driver.oer4f (.text:rlDriverRdVerifyMsg)
                  00013c9c    000000f4     tracker_utils.oer4f (.text:MmwDemo_CLISensorPositionCfg)
                  00013d90    000000f0     sysbios.aer4ft : BIOS.obj (.text:ti_sysbios_family_arm_v7r_vim_Hwi_Module_startup__E)
                  00013e80    000000f0                    : BIOS.obj (.text:ti_sysbios_knl_Task_startCore__E)
                  00013f70    000000f0                    : BIOS.obj (.text:ti_sysbios_utils_Load_taskCreateHook__E)
                  00014060    000000ec     rtsv7R4_T_le_v3D16_eabi.lib : s_scalbn.obj (.text)
                  0001414c    00000004     libmmwave_xwr68xx.aer4f : mmwave_link.oer4f (.text:MMWave_mboxRead)
                  00014150    000000ec     sysbios.aer4ft : BIOS.obj (.text:ti_sysbios_heaps_HeapBuf_Module_startup__E)
                  0001423c    000000ea     libdpedma_hwa_xwr68xx.aer4f : dpedmahwa.oer4f (.text:DPEDMAHWA_configTwoHotSignature)
                  00014326    000000e2     libedma_xwr68xx.aer4f : edma.oer4f (.text:EDMA_paramConfig_assist)
                  00014408    000000e0     libcli_xwr68xx.aer4f : cli.oer4f (.text:CLI_open)
                  000144e8    000000e0     libdma_xwr68xx.aer4f : dma.oer4f (.text:DMA_enableInterrupt)
                  000145c8    000000e0     libgtrack3D.aer4f : gtrack_unit_create.oer4f (.text:gtrack_unitCreate)
                  000146a8    000000e0     rtsv7R4_T_le_v3D16_eabi.lib : s_floor.obj (.text)
                  00014788    000000dc     libmmwave_xwr68xx.aer4f : mmwave.oer4f (.text:MMWave_init)
                  00014864    000000dc     rtsv7R4_T_le_v3D16_eabi.lib : setvbuf.obj (.text)
                  00014940    000000d4     libmailbox_xwr68xx.aer4f : mailbox.oer4f (.text:Mailbox_read)
                  00014a14    000000d4     pcount3D_cli.oer4f (.text:Pcount3DDemo_CLIDopplerCFARCfg)
                  00014ae8    000000d4     rangeprochwa.oer4f (.text:rangeProcHWA_ConfigEDMA_DataIn)
                  00014bbc    000000d4     libmmwavelink_xwr68xx.aer4f : rl_sensor.oer4f (.text:rlSetMultiBpmChirpConfig)
                  00014c90    000000d4     rtsv7R4_T_le_v3D16_eabi.lib : s_scalbnf.obj (.text)
                  00014d64    0000000c                                 : copy_zero_init.obj (.text:decompress:ZI)
                  00014d70    000000d4     sysbios.aer4ft : BIOS.obj (.text:ti_sysbios_utils_Load_logLoads__I)
                  00014e44    000000d2     objdetrangehwa.oer4f (.text:DPC_ObjectDetection_frameStart)
                  00014f16    00000002     --HOLE-- [fill = 0]
                  00014f18    000000d2     libgtrack3D.aer4f : gtrack_math.oer4f (.text:gtrack_matrixPrint2)
                  00014fea    00000002     --HOLE-- [fill = 0]
                  00014fec    000000d0     rangeprochwa.oer4f (.text:DPU_RangeProcHWA_control)
                  000150bc    000000d0     sysbios.aer4ft : exc_Exception_asm.obj (.text:ti_sysbios_family_arm_exc_Exception_excHandlerAsm__I)
                  0001518c    00000004     libmmwave_xwr68xx.aer4f : mmwave_link.oer4f (.text:MMWave_registerInterruptHandler)
                  00015190    000000d0     sysbios.aer4ft : BIOS.obj (.text:ti_sysbios_utils_Load_idleFxn__E)
                  00015260    000000d0                    : BIOS.obj (.text:xdc_runtime_LoggerBuf_Instance_init__E)
                  00015330    000000cc     libhwa_xwr68xx.aer4f : hwa.oer4f (.text:HWA_enableParamSetInterrupt)
                  000153fc    000000cc     libmmwavelink_xwr68xx.aer4f : rl_sensor.oer4f (.text:rlRfCalibDataRestore)
                  000154c8    000000cc                                 : rl_sensor.oer4f (.text:rlSetChirpConfig)
                  00015594    000000cc     rtsv7R4_T_le_v3D16_eabi.lib : fflush.obj (.text)
                  00015660    000000cc     sysbios.aer4ft : BIOS.obj (.text:ti_sysbios_knl_Task_checkStacks__E)
                  0001572c    000000c8     libmmwave_xwr68xx.aer4f : mmwave_fullcfg.oer4f (.text:MMWave_addChirp)
                  000157f4    000000c8                             : mmwave_link.oer4f (.text:MMWave_configBPM)
                  000158bc    000000c8                             : mmwave_fullcfg.oer4f (.text:MMWave_flushCfg)
                  00015984    000000c8                             : mmwave_fullcfg.oer4f (.text:MMWave_getChirpHandle)
                  00015a4c    000000c8     libsoc_xwr68xx.aer4f : soc_xwr68xx.oer4f (.text:SOC_ungateClock)
                  00015b14    000000c8     libmmwavelink_xwr68xx.aer4f : rl_sensor.oer4f (.text:rlSetFrameConfig)
                  00015bdc    000000c4     libdpm_xwr68xx.aer4f : dpm_core.oer4f (.text:DPM_deinit)
                  00015ca0    000000c4                          : dpm_core.oer4f (.text:DPM_ioctl)
                  00015d64    000000c4     libmmwavelink_xwr68xx.aer4f : rl_driver.oer4f (.text:rlDriverMsgCmdReply)
                  00015e28    00000008     libosal_xwr68xx.aer4f : MemoryP_tirtos.oer4f (.text:MemoryP_getStats)
                  00015e30    000000c4     sysbios.aer4ft : BIOS.obj (.text:ti_sysbios_family_arm_v7a_Pmu_configureCounter__E)
                  00015ef4    000000c0     rangeprochwa.oer4f (.text:DPU_RangeProcHWA_init)
                  00015fb4    000000c0     libmmwavelink_xwr68xx.aer4f : rl_driver.oer4f (.text:rlDriverMsgWrite)
                  00016074    0000000c                                 : rl_driver.oer4f (.text:rlDriverGetPlatformId)
                  00016080    000000c0     sysbios.aer4ft : BIOS.obj (.text:ti_sysbios_timers_rti_Timer_startup__E)
                  00016140    000000be     objdetrangehwa.oer4f (.text:DPC_ObjectDetection_start)
                  000161fe    00000002     --HOLE-- [fill = 0]
                  00016200    000000bc     libcli_xwr68xx.aer4f : cli.oer4f (.text:CLI_help)
                  000162bc    000000bc     libgpio_xwr68xx.aer4f : gpio.oer4f (.text:GPIO_write)
                  00016378    000000bc     libmmwave_xwr68xx.aer4f : mmwave_link.oer4f (.text:MMWave_computeCRC)
                  00016434    000000bc     rtsv7R4_T_le_v3D16_eabi.lib : open.obj (.text)
                  000164f0    000000ba     libgtrack3D.aer4f : gtrack_delete.oer4f (.text:gtrack_delete)
                  000165aa    00000002     --HOLE-- [fill = 0]
                  000165ac    000000b8     libdma_xwr68xx.aer4f : dma.oer4f (.text:DMA_getChannelInterruptFlag)
                  00016664    000000b8     rtsv7R4_T_le_v3D16_eabi.lib : k_cos.obj (.text)
                  0001671c    000000b6     libsoc_xwr68xx.aer4f : soc_mpu.o (.text)
                  000167d2    00000002     --HOLE-- [fill = 0]
                  000167d4    000000b4     mss_main.oer4f (.text:Pcount3DDemo_mmWaveCtrlTask)
                  00016888    000000b4     libgtrack3D.aer4f : gtrack_utilities_3d.oer4f (.text:gtrack_calcMeasurementSpread)
                  0001693c    00000004     libmmwave_xwr68xx.aer4f : mmwave_link.oer4f (.text:MMWave_unmaskHostIRQ)
                  00016940    000000b4     sysbios.aer4ft : BIOS.obj (.text:ti_sysbios_gates_GateMutex_enter__E)
                  000169f4    0000000c                    : BIOS.obj (.text:ti_sysbios_family_arm_v7a_Pmu_configureCounterI__I)
                  00016a00    000000b4                    : BIOS.obj (.text:xdc_runtime_LoggerBuf_setFilterLevel__E)
                  00016ab4    000000b2     libuart_xwr68xx.aer4f : uartsci_dma.oer4f (.text:UartSci_openDMA)
                  00016b66    00000002     --HOLE-- [fill = 0]
                  00016b68    000000b0     libmmwave_xwr68xx.aer4f : mmwave_fullcfg.oer4f (.text:MMWave_addProfile)
                  00016c18    000000b0     tracker_utils.oer4f (.text:MmwDemo_CLIBoundaryBoxCfg)
                  00016cc8    000000b0     tracker_utils.oer4f (.text:MmwDemo_CLIStaticBoundaryBoxCfg)
                  00016d78    000000b0     mss_main.oer4f (.text:Pcount3DDemo_EDMA_errorCallbackFxn)
                  00016e28    000000b0     mss_main.oer4f (.text:Pcount3DDemo_EDMA_transferControllerErrorCallbackFxn)
                  00016ed8    000000b0     libgtrack3D.aer4f : gtrack_utilities_3d.oer4f (.text:gtrack_calcMeasurementLimits)
                  00016f88    000000b0     libmmwavelink_xwr68xx.aer4f : rl_sensor.oer4f (.text:rlSetProfileConfig)
                  00017038    00000008     libosal_xwr68xx.aer4f : SemaphoreP_tirtos.oer4f (.text:SemaphoreP_Params_init)
                  00017040    000000b0     sysbios.aer4ft : BIOS.obj (.text:ti_sysbios_utils_Load_updateLoads__E)
                  000170f0    000000b0                    : BIOS.obj (.text:xdc_runtime_Text_putMod__E)
                  000171a0    000000ae     mmwdemo_adcconfig.oer4f (.text:MmwDemo_ADCBufConfig)
                  0001724e    000000ae     rtsv7R4_T_le_v3D16_eabi.lib : _io_perm.obj (.text)
                  000172fc    000000ac     libesm_xwr68xx.aer4f : esm.oer4f (.text:ESM_processInterrupt)
                  000173a8    000000ac     pcount3D_cli.oer4f (.text:Pcount3DDemo_CLIDynRngAngleCfg)
                  00017454    0000000c     sysbios.aer4ft : BIOS.obj (.text:ti_sysbios_family_arm_v7a_Pmu_getCountI__E)
                  00017460    000000ac                    : BIOS.obj (.text:ti_sysbios_knl_Task_Module_startup__E)
                  0001750c    00000004     libmmwave_xwr68xx.aer4f : mmwave_link.oer4f (.text:MMWave_waitIRQStatus)
                  00017510    000000ac     sysbios.aer4ft : BIOS.obj (.text:ti_sysbios_utils_Load_startup__E)
                  000175bc    000000a8     libadcbuf_xwr68xx.aer4f : adcbuf_mmwave.oer4f (.text:ADCBUF_MMWave_getChanBufAddr)
                  00017664    000000a8     libcli_xwr68xx.aer4f : cli_mmwave.oer4f (.text:CLI_MMWaveExtensionHelp)
                  0001770c    000000a8     libedma_xwr68xx.aer4f : edma_low_level.oer4f (.text:EDMA3Init)
                  000177b4    000000a8     libmmwave_xwr68xx.aer4f : mmwave_link.oer4f (.text:MMWave_configureProfileChirp)
                  0001785c    000000a8                             : mmwave_fullcfg.oer4f (.text:MMWave_getBpmChirpHandle)
                  00017904    000000a8     libpinmux_xwr68xx.aer4f : pinmux.oer4f (.text:Pinmux_Set_OverrideCtrl)
                  000179ac    000000a8     libsoc_xwr68xx.aer4f : soc.oer4f (.text:SOC_deregisterSysIntListener)
                  00017a54    000000a8     libmmwavelink_xwr68xx.aer4f : rl_driver.oer4f (.text:rlDriverWaitForResponse)
                  00017afc    000000a8                                 : rl_sensor.oer4f (.text:rlSetAdvFrameConfig)
                  00017ba4    000000a6     libgtrack3D.aer4f : gtrack_utilities_3d.oer4f (.text:gtrack_computeMahalanobis)
                  00017c4a    00000002     --HOLE-- [fill = 0]
                  00017c4c    000000a4     libdma_xwr68xx.aer4f : dma.oer4f (.text:DMA_assignChannel)
                  00017cf0    000000a4     libesm_xwr68xx.aer4f : esm.oer4f (.text:ESM_init)
                  00017d94    000000a4     libmmwave_xwr68xx.aer4f : mmwave_fullcfg.oer4f (.text:MMWave_addBpmChirp)
                  00017e38    000000a4                             : mmwave.oer4f (.text:MMWave_start)
                  00017edc    000000a4     tracker_utils.oer4f (.text:MmwDemo_CLIAllocationParamCfg)
                  00017f80    000000a4     libsoc_xwr68xx.aer4f : soc_xwr68xx_mss.oer4f (.text:SOC_unhaltDSS)
                  00018024    000000a4     rtsv7R4_T_le_v3D16_eabi.lib : k_sin.obj (.text)
                  000180c8    00000008     libgtrack3D.aer4f : gtrack_unit_delete.oer4f (.text:gtrack_unitDelete)
                  000180d0    000000a2     sysbios.aer4ft : BIOS.obj (.text:xdc_runtime_Text_putSite__E)
                  00018172    00000002     --HOLE-- [fill = 0]
                  00018174    000000a0     libsoc_xwr68xx.aer4f : soc.oer4f (.text:SOC_registerSysIntListener)
                  00018214    000000a0     auto_init.aer4ft : auto_init.oer4ft (.text)
                  000182b4    0000000c     pcount3D_mss_per4ft.oer4ft (.text:ti_sysbios_knl_Queue_Object__get__S)
                  000182c0    000000a0     sysbios.aer4ft : BIOS.obj (.text:ti_sysbios_knl_Task_blockI__E)
                  00018360    0000009c     libmmwave_xwr68xx.aer4f : mmwave_link.oer4f (.text:MMWave_configLink)
                  000183fc    0000009c                             : mmwave_fullcfg.oer4f (.text:MMWave_getProfileHandle)
                  00018498    0000009c     tracker_utils.oer4f (.text:MmwDemo_CLIGatingParamCfg)
                  00018534    0000009c     libuart_xwr68xx.aer4f : uartsci.oer4f (.text:UartSci_write)
                  000185d0    0000009c     libgtrack3D.aer4f : gtrack_unit_stop.oer4f (.text:gtrack_unitStop)
                  0001866c    0000009c     rtsv7R4_T_le_v3D16_eabi.lib : memcpy_t2.obj (.text)
                  00018708    00000008     rangeprochwa.oer4f (.text:rangeProcHWADoneIsrCallback)
                  00018710    0000009c     sysbios.aer4ft : BIOS.obj (.text:ti_sysbios_family_arm_v7r_vim_Hwi_initIntController__I)
                  000187ac    00000004     mss_main.oer4f (.text:Pcount3DDemo_sleep)
                  000187b0    0000009c     sysbios.aer4ft : BIOS.obj (.text:ti_sysbios_family_arm_v7r_vim_Hwi_mapChannel__I)
                  0001884c    00000004     libgtrack3D.aer4f : gtrack_listlib.oer4f (.text:gtrack_listGetCount)
                  00018850    0000009c     sysbios.aer4ft : BIOS.obj (.text:ti_sysbios_knl_Semaphore_Instance_init__E)
                  000188ec    0000009a     libdpm_xwr68xx.aer4f : dpm_msg.oer4f (.text:DPM_msgResponseHandler)
                  00018986    0000009a     libgtrack3D.aer4f : gtrack_math.oer4f (.text:gtrack_matrixMakeSymmetrical)
                  00018a20    00000098     libmmwave_xwr68xx.aer4f : mmwave_fullcfg.oer4f (.text:MMWave_getChirpCfg)
                  00018ab8    00000098     mmwdemo_rfparser.oer4f (.text:MmwDemo_RFParser_parseConfig)
                  00018b50    00000098     rtsv7R4_T_le_v3D16_eabi.lib : fclose.obj (.text)
                  00018be8    00000098                                 : fputc.obj (.text)
                  00018c80    00000098     sysbios.aer4ft : vim_Hwi_asm_switch.obj (.text)
                  00018d18    00000008     libmmwavelink_xwr68xx.aer4f : rl_driver.oer4f (.text:rlDriverConstructOutMsg)
                  00018d20    00000098     sysbios.aer4ft : BIOS.obj (.text:ti_sysbios_utils_Load_taskDeleteHook__E)
                  00018db8    00000096     libedma_xwr68xx.aer4f : edma.oer4f (.text:EDMA_getErrorStatusInfo)
                  00018e4e    00000096     libhwa_xwr68xx.aer4f : hwa.oer4f (.text:HWA_configRam)
                  00018ee4    00000096     libuart_xwr68xx.aer4f : uartsci.oer4f (.text:UartSci_readChar)
                  00018f7a    00000002     --HOLE-- [fill = 0]
                  00018f7c    00000094     libsoc_xwr68xx.aer4f : soc_xwr68xx.oer4f (.text:SOC_gateClock)
                  00019010    00000094     libgtrack3D.aer4f : gtrack_utilities_3d.oer4f (.text:gtrack_calcDistance)
                  000190a4    00000094                       : gtrack_math.oer4f (.text:gtrack_matrixCovFilter)
                  00019138    00000094     libmmwavelink_xwr68xx.aer4f : rl_driver.oer4f (.text:rlDriverDeInit)
                  000191cc    00000094                                 : rl_driver.oer4f (.text:rlDriverMsgReadCmdCtx)
                  00019260    00000094                                 : rl_driver.oer4f (.text:rlDriverProcRdMsg)
                  000192f4    00000094     sysbios.aer4ft : vim_Hwi_asm.obj (.text:ti_sysbios_family_arm_v7r_vim_Hwi_dispatchIRQ__I)
                  00019388    00000090     libgpio_xwr68xx.aer4f : gpio.oer4f (.text:GPIO_init)
                  00019418    00000090     libmailbox_xwr68xx.aer4f : mailbox.oer4f (.text:Mailbox_close)
                  000194a8    00000090     pcount3D_cli.oer4f (.text:Pcount3DDemo_CLIAntAngleFoV)
                  00019538    00000090     libuart_xwr68xx.aer4f : uartsci_dma.oer4f (.text:UartSci_initiateTxDMA)
                  000195c8    00000090                           : uartsci.oer4f (.text:UartSci_read)
                  00019658    00000008     libmmwavelink_xwr68xx.aer4f : rl_driver.oer4f (.text:rlDriverGetHandle)
                  00019660    00000090     sysbios.aer4ft : BIOS.obj (.text:ti_sysbios_family_arm_v7a_Pmu_startCounter__E)
                  000196f0    00000090                    : BIOS.obj (.text:ti_sysbios_knl_Task_unblockI__E)
                  00019780    00000090                    : BIOS.obj (.text:xdc_runtime_LoggerBuf_getFilterLevel__E)
                  00019810    0000008e     objdetrangehwa.oer4f (.text:DPC_ObjectDetection_stop)
                  0001989e    0000008e     libgtrack3D.aer4f : gtrack_utilities_3d.oer4f (.text:gtrack_matrixComputePJT)
                  0001992c    0000008c     libcli_xwr68xx.aer4f : cli_mmwave.oer4f (.text:CLI_MMWaveDataOutputMode)
                  000199b8    0000008c     libdma_xwr68xx.aer4f : dma.oer4f (.text:DMA_deleteInstance)
                  00019a44    0000008c     pcount3D_cli.oer4f (.text:Pcount3DDemo_CLICompRangeBiasAndRxChanPhaseCfg)
                  00019ad0    0000008c     libsoc_xwr68xx.aer4f : soc_xwr68xx.oer4f (.text:SOC_translateAddress)
                  00019b5c    0000008c     libuart_xwr68xx.aer4f : uartsci_dma.oer4f (.text:UartSci_initiateRxDMA)
                  00019be8    0000008c     libgtrack3D.aer4f : gtrack_math.oer4f (.text:gtrack_matrixMultiply)
                  00019c74    0000008c     libmmwavelink_xwr68xx.aer4f : rl_device.oer4f (.text:rlDevicePowerOn)
                  00019d00    0000008c                                 : rl_driver.oer4f (.text:rlDriverMsgReadSpawnCtx)
                  00019d8c    00000004     libgtrack3D.aer4f : gtrack_listlib.oer4f (.text:gtrack_listGetFirst)
                  00019d90    0000008c     sysbios.aer4ft : BIOS.obj (.text:ti_sysbios_family_arm_v7a_Pmu_getCount__E)
                  00019e1c    00000004     libgtrack3D.aer4f : gtrack_listlib.oer4f (.text:gtrack_listGetNext)
                  00019e20    0000008c     sysbios.aer4ft : BIOS.obj (.text:ti_sysbios_family_arm_v7r_vim_Hwi_Instance_finalize__E)
                  00019eac    00000004     pcount3D_mss_per4ft.oer4ft (.text:ti_sysbios_BIOS_RtsGateProxy_enter__E)
                  00019eb0    0000008c     sysbios.aer4ft : BIOS.obj (.text:xdc_runtime_Memory_alloc__E)
                  00019f3c    00000088     libhwa_xwr68xx.aer4f : hwa.oer4f (.text:HWA_disableParamSetInterrupt)
                  00019fc4    00000088     libmmwave_xwr68xx.aer4f : mmwave_fullcfg.oer4f (.text:MMWave_getProfileCfg)
                  0001a04c    00000088     tracker_utils.oer4f (.text:MmwDemo_CLIStateParamCfg)
                  0001a0d4    00000088     libgtrack3D.aer4f : gtrack_math.oer4f (.text:gtrack_matrixTransposeMultiply)
                  0001a15c    00000088     rtsv7R4_T_le_v3D16_eabi.lib : vsnprintf.obj (.text)
                  0001a1e4    0000000a     libadcbuf_xwr68xx.aer4f : ADCBuf.oer4f (.text:ADCBuf_control)
                  0001a1ee    00000002     --HOLE-- [fill = 0]
                  0001a1f0    00000085     sysbios.aer4ft : BIOS.obj (.text:xdc_runtime_System_formatNum__I)
                  0001a275    00000003     --HOLE-- [fill = 0]
                  0001a278    00000084     libmmwave_xwr68xx.aer4f : mmwave_dualcore.oer4f (.text:MMWave_deviceCfgAsyncEvent)
                  0001a2fc    00000084                             : mmwave_dualcore.oer4f (.text:MMWave_deviceEventFxn)
                  0001a380    00000084                             : mmwave_fullcfg.oer4f (.text:MMWave_getNumBpmChirp)
                  0001a404    00000084                             : mmwave.oer4f (.text:MMWave_open)
                  0001a488    00000084     libsoc_xwr68xx.aer4f : soc.oer4f (.text:SOC_init)
                  0001a50c    00000084     libgtrack3D.aer4f : gtrack_math.oer4f (.text:gtrack_sincosd)
                  0001a590    00000082     libhwa_xwr68xx.aer4f : hwa.oer4f (.text:HWA_paramDoneISR)
                  0001a612    00000002     --HOLE-- [fill = 0]
                  0001a614    00000080     libcli_xwr68xx.aer4f : cli_mmwave.oer4f (.text:CLI_MMWaveChannelCfg)
                  0001a694    00000080     libdpm_xwr68xx.aer4f : dpm_mailbox.oer4f (.text:DPM_mboxRemoteMailboxCallbackFxn)
                  0001a714    00000080     libmmwave_xwr68xx.aer4f : mmwave_fullcfg.oer4f (.text:MMWave_getBpmChirpCfg)
                  0001a794    00000080     pcount3D_cli.oer4f (.text:Pcount3DDemo_CLIBoardAntGeometry0)
                  0001a814    00000080     pcount3D_cli.oer4f (.text:Pcount3DDemo_CLIBoardAntGeometry1)
                  0001a894    00000080     pcount3D_cli.oer4f (.text:Pcount3DDemo_CLIBoardAntPhaseRot)
                  0001a914    00000080     pcount3D_cli.oer4f (.text:Pcount3DDemo_CLIStaticRngAngleCfg)
                  0001a994    00000080     libuart_xwr68xx.aer4f : uartsci.oer4f (.text:UartSci_writePolling)
                  0001aa14    00000080     libgtrack3D.aer4f : gtrack_utilities_3d.oer4f (.text:gtrack_isPointBehindTarget)
                  0001aa94    00000080                       : gtrack_module.oer4f (.text:gtrack_moduleUpdate)
                  0001ab14    00000080                       : gtrack_utilities_3d.oer4f (.text:gtrack_sph2cart)
                  0001ab94    00000080     libmmwavelink_xwr68xx.aer4f : rl_driver.oer4f (.text:rlDriverExecuteGetApi)
                  0001ac14    0000000a     libdpm_xwr68xx.aer4f : dpm_core.oer4f (.text:DPM_chirpISR)
                  0001ac1e    00000002     --HOLE-- [fill = 0]
                  0001ac20    00000080     sysbios.aer4ft : BIOS.obj (.text:ti_sysbios_timers_rti_Timer_initDevice__I)
                  0001aca0    0000007e     libosal_xwr68xx.aer4f : HwiP_tirtos.oer4f (.text:HwiP_create)
                  0001ad1e    00000002     --HOLE-- [fill = 0]
                  0001ad20    0000007e     libgtrack3D.aer4f : gtrack_math.oer4f (.text:gtrack_matrixPrint)
                  0001ad9e    00000002     --HOLE-- [fill = 0]
                  0001ada0    0000007c     libdpm_xwr68xx.aer4f : dpm_pipe.oer4f (.text:DPM_pipeSend)
                  0001ae1c    0000007c     libedma_xwr68xx.aer4f : edma.oer4f (.text:EDMA_clearErrors)
                  0001ae98    0000007c     libmmwave_xwr68xx.aer4f : mmwave_dualcore.oer4f (.text:MMWave_deviceOpenFxn)
                  0001af14    0000007c     libmailbox_xwr68xx.aer4f : mailbox.oer4f (.text:Mailbox_init)
                  0001af90    0000007c     tracker_utils.oer4f (.text:MmwDemoCLIMaxAccelerationParamCfg)
                  0001b00c    0000007c     libuart_xwr68xx.aer4f : uartsci.oer4f (.text:UartSci_readPolling)
                  0001b088    0000007c     sysbios.aer4ft : arm_TaskSupport_asm.obj (.text:_ti_sysbios_family_arm_TaskSupport_buildTaskStack)
                  0001b104    0000007c     rtsv7R4_T_le_v3D16_eabi.lib : s_round.obj (.text)
                  0001b180    0000007c     sysbios.aer4ft : BIOS.obj (.text:xdc_runtime_Core_deleteObject__I)
                  0001b1fc    0000007b     pcount3D_cli.oer4f (.text:Pcount3DDemo_CLIGetSubframe)
                  0001b277    00000001     --HOLE-- [fill = 0]
                  0001b278    0000007a     libgtrack3D.aer4f : gtrack_math.oer4f (.text:gtrack_matrixCovAcc)
                  0001b2f2    0000007a     rtsv7R4_T_le_v3D16_eabi.lib : memset_t2.obj (.text)
                  0001b36c    00000078     libcli_xwr68xx.aer4f : cli_mmwave.oer4f (.text:CLI_MMWaveADCCfg)
                  0001b3e4    00000078     libedma_xwr68xx.aer4f : edma.oer4f (.text:EDMA_configParamSet)
                  0001b45c    00000078     libmmwave_xwr68xx.aer4f : mmwave_fullcfg.oer4f (.text:MMWave_getNumChirps)
                  0001b4d4    00000078     libsoc_xwr68xx.aer4f : soc.oer4f (.text:SOC_getDeviceRFFreqScaleFactor)
                  0001b54c    00000074     libmmwave_xwr68xx.aer4f : mmwave.oer4f (.text:MMWave_config)
                  0001b5c0    00000074                             : mmwave_dualcore.oer4f (.text:MMWave_deviceStartFxn)
                  0001b634    00000074     boot.aer4ft : boot.oer4ft (.text)
                  0001b6a8    00000074     libmmwavelink_xwr68xx.aer4f : rl_driver.oer4f (.text:rlDriverAsyncEventHandler)
                  0001b71c    00000074     rtsv7R4_T_le_v3D16_eabi.lib : getdevice.obj (.text)
                  0001b790    00000074                                 : s_frexp.obj (.text)
                  0001b804    00000072     libgtrack3D.aer4f : gtrack_listlib.oer4f (.text:gtrack_listRemoveElement)
                  0001b876    00000072     libmmwavelink_xwr68xx.aer4f : rl_driver.oer4f (.text:rlDriverClientCbCheck)
                  0001b8e8    00000070     libgpio_xwr68xx.aer4f : gpio.oer4f (.text:GPIO_toggle)
                  0001b958    00000070     libhwa_xwr68xx.aer4f : hwa.oer4f (.text:HWA_getDriverAccess)
                  0001b9c8    00000070     libmmwave_xwr68xx.aer4f : mmwave_dualcore.oer4f (.text:MMWave_deviceCfgFxn)
                  0001ba38    00000070     rtsv7R4_T_le_v3D16_eabi.lib : printf.obj (.text)
                  0001baa8    00000008     sysbios.aer4ft : BIOS.obj (.text:ti_sysbios_family_arm_v7a_Pmu_getEnabled__E)
                  0001bab0    00000070                    : BIOS.obj (.text:xdc_runtime_Error_print__E)
                  0001bb20    0000006e     libdma_xwr68xx.aer4f : dma.oer4f (.text:DMA_btcISR)
                  0001bb8e    00000002     --HOLE-- [fill = 0]
                  0001bb90    0000006c                          : dma.oer4f (.text:DMA_disableChannel)
                  0001bbfc    0000006c                          : dma.oer4f (.text:DMA_enableChannel)
                  0001bc68    0000006c     libdpm_xwr68xx.aer4f : dpm_core.oer4f (.text:DPM_relayResult)
                  0001bcd4    0000006c     libmmwave_xwr68xx.aer4f : mmwave_link.oer4f (.text:MMWave_spawn)
                  0001bd40    0000006c                             : mmwave_link.oer4f (.text:MMWave_stopLink)
                  0001bdac    0000006c     libpinmux_xwr68xx.aer4f : pinmux.oer4f (.text:Pinmux_Set_FuncSel)
                  0001be18    0000006c     rtsv7R4_T_le_v3D16_eabi.lib : copy_decompress_lzss.obj (.text:decompress:lzss)
                  0001be84    0000006c     libgtrack3D.aer4f : gtrack_math.oer4f (.text:gtrack_matrixCovNormalize)
                  0001bef0    0000006c     rtsv7R4_T_le_v3D16_eabi.lib : trgmsg.obj (.text)
                  0001bf5c    0000006a     libdma_xwr68xx.aer4f : dma.oer4f (.text:DMA_berISR)
                  0001bfc6    00000002     --HOLE-- [fill = 0]
                  0001bfc8    0000006a                          : dma.oer4f (.text:DMA_ftcISR)
                  0001c032    00000002     --HOLE-- [fill = 0]
                  0001c034    0000006a                          : dma.oer4f (.text:DMA_hbcISR)
                  0001c09e    00000002     --HOLE-- [fill = 0]
                  0001c0a0    0000006a                          : dma.oer4f (.text:DMA_lfsISR)
                  0001c10a    0000006a     libuart_xwr68xx.aer4f : uartsci.oer4f (.text:UartSci_control)
                  0001c174    00000068     libdpm_xwr68xx.aer4f : dpm_msg.oer4f (.text:DPM_msgDPCCfgHandler)
                  0001c1dc    00000068     libmmwave_xwr68xx.aer4f : mmwave_dualcore.oer4f (.text:MMWave_deviceStopFxn)
                  0001c244    00000068     libmailbox_xwr68xx.aer4f : mailbox.oer4f (.text:Mailbox_readFlush)
                  0001c2ac    00000068     libgtrack3D.aer4f : gtrack_utilities_3d.oer4f (.text:gtrack_isPointInsideBox)
                  0001c314    00000068     rangeprochwa.oer4f (.text:rangeProcHWA_ConfigEDMATranspose)
                  0001c37c    00000068     rangeprochwa.oer4f (.text:rangeProcHWA_ConfigHWACommon)
                  0001c3e4    00000068     libmmwavelink_xwr68xx.aer4f : rl_driver.oer4f (.text:rlDriverExecuteSetApi)
                  0001c44c    00000068                                 : rl_driver.oer4f (.text:rlDriverHostIrqHandler)
                  0001c4b4    00000068     rtsv7R4_T_le_v3D16_eabi.lib : hostlseek.obj (.text)
                  0001c51c    00000068                                 : hostrename.obj (.text)
                  0001c584    00000066     libgtrack3D.aer4f : gtrack_utilities_3d.oer4f (.text:gtrack_computeMahalanobisPartial)
                  0001c5ea    00000066     libmmwavelink_xwr68xx.aer4f : rl_device.oer4f (.text:rlDevicePowerOff)
                  0001c650    00000064     libcli_xwr68xx.aer4f : cli_mmwave.oer4f (.text:CLI_MMWaveLowPowerCfg)
                  0001c6b4    00000064     libedma_xwr68xx.aer4f : edma.oer4f (.text:EDMA_getTransferControllerErrorStatusInfo)
                  0001c718    00000064     libhwa_xwr68xx.aer4f : hwa.oer4f (.text:HWA_getDMAChanIndex)
                  0001c77c    00000064     libosal_xwr68xx.aer4f : SemaphoreP_tirtos.oer4f (.text:SemaphoreP_create)
                  0001c7e0    00000064     rtsv7R4_T_le_v3D16_eabi.lib : fseek.obj (.text)
                  0001c844    00000064                                 : sprintf.obj (.text)
                  0001c8a8    00000064     sysbios.aer4ft : exc_Exception_asm.obj (.text:ti_sysbios_family_arm_exc_Exception_initCore0__I)
                  0001c90c    00000004     pcount3D_mss_per4ft.oer4ft (.text:ti_sysbios_BIOS_RtsGateProxy_leave__E)
                  0001c910    00000064     sysbios.aer4ft : BIOS.obj (.text:ti_sysbios_family_arm_v7r_vim_Hwi_phantomIntHandler__I)
                  0001c974    0000000a     libdpm_xwr68xx.aer4f : dpm_core.oer4f (.text:DPM_frameStartISR)
                  0001c97e    00000002     --HOLE-- [fill = 0]
                  0001c980    00000064     sysbios.aer4ft : BIOS.obj (.text:ti_sysbios_knl_Clock_logTick__E)
                  0001c9e4    0000000a     libosal_xwr68xx.aer4f : MemoryP_tirtos.oer4f (.text:MemoryP_ctrlFree)
                  0001c9ee    00000002     --HOLE-- [fill = 0]
                  0001c9f0    00000064     sysbios.aer4ft : BIOS.obj (.text:ti_sysbios_utils_Load_logCPULoad__I)
                  0001ca54    0000000a     libosal_xwr68xx.aer4f : SemaphoreP_tirtos.oer4f (.text:SemaphoreP_post)
                  0001ca5e    00000002     --HOLE-- [fill = 0]
                  0001ca60    00000064     sysbios.aer4ft : BIOS.obj (.text:xdc_runtime_Startup_exec__E)
                  0001cac4    00000060     libcli_xwr68xx.aer4f : cli_mmwave.oer4f (.text:CLI_MMWaveExtensionHandler)
                  0001cb24    0000000a     libuart_xwr68xx.aer4f : UART.oer4f (.text:UART_read)
                  0001cb2e    00000002     --HOLE-- [fill = 0]
                  0001cb30    00000060     sysbios.aer4ft : BIOS.obj (.text:ti_sysbios_heaps_HeapMem_alloc__E)
                  0001cb90    00000060                    : BIOS.obj (.text:xdc_runtime_Assert_raise__I)
                  0001cbf0    0000005f                    : BIOS.obj (.text:xdc_runtime_Text_putLab__E)
                  0001cc4f    00000001     --HOLE-- [fill = 0]
                  0001cc50    0000005e     libuart_xwr68xx.aer4f : uartsci.oer4f (.text:UartSci_writeChar)
                  0001ccae    0000005e     libgtrack3D.aer4f : gtrack_utilities.oer4f (.text:gtrack_unrollRadialVelocity)
                  0001cd0c    0000005c     libmmwave_xwr68xx.aer4f : mmwave_link.oer4f (.text:MMWave_mboxOpen)
                  0001cd68    0000005c                             : mmwave.oer4f (.text:MMWave_stop)
                  0001cdc4    0000005c     rtsv7R4_T_le_v3D16_eabi.lib : hostopen.obj (.text)
                  0001ce20    0000005c                                 : hostread.obj (.text)
                  0001ce7c    00000004     pcount3D_mss_per4ft.oer4ft (.text:ti_sysbios_family_arm_TaskSupport_Module__startupDone__S)
                  0001ce80    0000005c     sysbios.aer4ft : BIOS.obj (.text:ti_sysbios_utils_Load_updateCurrentThreadTime__E)
                  0001cedc    0000005a     libuart_xwr68xx.aer4f : uartsci.oer4f (.text:UartSci_readCancel)
                  0001cf36    0000005a     libgtrack3D.aer4f : gtrack_unit_report.oer4f (.text:gtrack_unitReport)
                  0001cf90    0000005a     libmmwavelink_xwr68xx.aer4f : rl_driver.oer4f (.text:rlDriverCalChkSum)
                  0001cfea    00000002     --HOLE-- [fill = 0]
                  0001cfec    00000058     libdpm_xwr68xx.aer4f : dpm_core.oer4f (.text:DPM_execute)
                  0001d044    00000058                          : dpm_mailbox.oer4f (.text:DPM_mboxInit)
                  0001d09c    00000058     trackerproc_3d.oer4f (.text:DPU_trackerProc_updateParamTables)
                  0001d0f4    00000058     libedma_xwr68xx.aer4f : edma_low_level.oer4f (.text:EDMA3EnableChInShadowReg)
                  0001d14c    00000058     libesm_xwr68xx.aer4f : esm.oer4f (.text:ESM_highpriority_FIQ)
                  0001d1a4    00000058     libhwa_xwr68xx.aer4f : hwa.oer4f (.text:HWA_getDMAconfig)
                  0001d1fc    00000058     libmmwave_xwr68xx.aer4f : mmwave.oer4f (.text:MMWave_execute)
                  0001d254    00000058                             : mmwave_link.oer4f (.text:MMWave_initCRC)
                  0001d2ac    00000058     libuart_xwr68xx.aer4f : uartsci_dma.oer4f (.text:UartSci_closeDMA)
                  0001d304    00000058     rtsv7R4_T_le_v3D16_eabi.lib : close.obj (.text)
                  0001d35c    00000058                                 : hostwrite.obj (.text)
                  0001d3b4    00000056     libmmwavelink_xwr68xx.aer4f : rl_driver.oer4f (.text:rlDriverOsiCbCheck)
                  0001d40a    00000002     --HOLE-- [fill = 0]
                  0001d40c    00000054     libcrc_xwr68xx.aer4f : crc.oer4f (.text:CRC_getTransactionId)
                  0001d460    00000054     libdma_xwr68xx.aer4f : dma.oer4f (.text:DMA_freeChannel)
                  0001d4b4    00000054     libedma_xwr68xx.aer4f : edma.oer4f (.text:EDMA_error_isr)
                  0001d508    00000054     libmmwave_xwr68xx.aer4f : mmwave_link.oer4f (.text:MMWave_initLink)
                  0001d55c    00000054     libgtrack3D.aer4f : gtrack_unit_update.oer4f (.text:gtrack_setTargetStatic)
                  0001d5b0    00000054     rtsv7R4_T_le_v3D16_eabi.lib : ltoa.obj (.text)
                  0001d604    00000054     pcount3D_mss_per4ft.oer4ft (.text:ti_sysbios_family_arm_v7r_vim_Hwi_create)
                  0001d658    00000008     pcount3D_mss_per4ft.oer4ft (.text:xdc_runtime_Text_visitRope__I)
                  0001d660    00000054     sysbios.aer4ft : BIOS.obj (.text:ti_sysbios_heaps_HeapMem_getStats__E)
                  0001d6b4    0000000a     libuart_xwr68xx.aer4f : UART.oer4f (.text:UART_write)
                  0001d6be    00000002     --HOLE-- [fill = 0]
                  0001d6c0    00000054     sysbios.aer4ft : BIOS.obj (.text:xdc_runtime_Core_assignLabel__I)
                  0001d714    00000052     libdpedma_hwa_xwr68xx.aer4f : dpedma.oer4f (.text:DPEDMA_setup_shadow_link)
                  0001d766    00000052     libgtrack3D.aer4f : gtrack_utilities_3d.oer4f (.text:gtrack_calcDim)
                  0001d7b8    00000050     libcrc_xwr68xx.aer4f : crc.oer4f (.text:CRC_getSignature)
                  0001d808    00000050     libdpm_xwr68xx.aer4f : dpm_core.oer4f (.text:DPM_synch)
                  0001d858    00000050     libedma_xwr68xx.aer4f : edma_low_level.oer4f (.text:EDMA3MapChToEvtQ)
                  0001d8a8    00000050     libmmwave_xwr68xx.aer4f : mmwave.oer4f (.text:MMWave_sync)
                  0001d8f8    00000050     pcount3D_cli.oer4f (.text:Pcount3DDemo_CLISensorStop)
                  0001d948    00000050     libgtrack3D.aer4f : gtrack_module.oer4f (.text:gtrack_modulePredict)
                  0001d998    00000050     mss_main.oer4f (.text:mmwDemo_mssDPMTask)
                  0001d9e8    00000050     libmmwavelink_xwr68xx.aer4f : rl_driver.oer4f (.text:rlDeviceIdentifyCmdDir)
                  0001da38    00000050                                 : rl_driver.oer4f (.text:rlDriverVerifyCRC)
                  0001da88    00000050     rtsv7R4_T_le_v3D16_eabi.lib : atoi.obj (.text)
                  0001dad8    00000050                                 : exit.obj (.text)
                  0001db28    00000050                                 : u_div32.obj (.text)
                  0001db78    00000006     libosal_xwr68xx.aer4f : CycleprofilerP_tirtos.oer4f (.text:CycleprofilerP_getTimeStamp)
                  0001db7e    00000002     --HOLE-- [fill = 0]
                  0001db80    00000050     sysbios.aer4ft : BIOS.obj (.text:xdc_runtime_System_exit__E)
                  0001dbd0    0000004c     libcli_xwr68xx.aer4f : cli.oer4f (.text:CLI_write)
                  0001dc1c    0000004c     libedma_xwr68xx.aer4f : edma.oer4f (.text:EDMA_disableChannel)
                  0001dc68    0000004c                           : edma.oer4f (.text:EDMA_enableChannel)
                  0001dcb4    0000004c     libhwa_xwr68xx.aer4f : hwa.oer4f (.text:HWA_enableDoneInterrupt)
                  0001dd00    0000004c     libmailbox_xwr68xx.aer4f : mailbox.oer4f (.text:Mailbox_boxEmptyISRProcessing)
                  0001dd4c    0000004c     libuart_xwr68xx.aer4f : uartsci.oer4f (.text:UartSci_writeCancel)
                  0001dd98    0000004c     rtsv7R4_T_le_v3D16_eabi.lib : cpy_tbl.obj (.text)
                  0001dde4    0000000a     libuart_xwr68xx.aer4f : UART.oer4f (.text:UART_writePolling)
                  0001ddee    00000002     --HOLE-- [fill = 0]
                  0001ddf0    0000004c     sysbios.aer4ft : BIOS.obj (.text:ti_sysbios_family_arm_v7r_vim_Hwi_getStackInfo__E)
                  0001de3c    0000004c     pcount3D_mss_per4ft.oer4ft (.text:ti_sysbios_knl_Task_create)
                  0001de88    00000006     objdetrangehwa.oer4f (.text:DPC_ObjDetRangeHwa_GetRangeWinGenLen)
                  0001de8e    00000002     --HOLE-- [fill = 0]
                  0001de90    0000004c     sysbios.aer4ft : BIOS.obj (.text:ti_sysbios_knl_Task_stat__E)
                  0001dedc    00000004     pcount3D_mss_per4ft.oer4ft (.text:ti_sysbios_family_arm_v7r_vim_Hwi_delete)
                  0001dee0    0000004c     sysbios.aer4ft : BIOS.obj (.text:ti_sysbios_utils_Load_taskSwitchHook__E)
                  0001df2c    0000004a     libdpm_xwr68xx.aer4f : dpm_mailbox.oer4f (.text:DPM_mboxSendResult)
                  0001df76    0000004a     libmailbox_xwr68xx.aer4f : mailbox.oer4f (.text:Mailbox_boxFullISRProcessing)
                  0001dfc0    0000004a     sysbios.aer4ft : BIOS.obj (.text:xdc_runtime_Core_assignParams__I)
                  0001e00a    00000006     libdpm_xwr68xx.aer4f : dpm_mailbox.oer4f (.text:DPM_mboxSynch)
                  0001e010    0000004a     sysbios.aer4ft : BIOS.obj (.text:xdc_runtime_Text_xprintf__I)
                  0001e05a    00000048     libdpm_xwr68xx.aer4f : dpm_pipe.oer4f (.text:DPM_pipeRecv)
                  0001e0a2    00000002     --HOLE-- [fill = 0]
                  0001e0a4    00000048     libhwa_xwr68xx.aer4f : hwa.oer4f (.text:HWA_deleteInstance)
                  0001e0ec    00000048     libgtrack3D.aer4f : gtrack_module.oer4f (.text:gtrack_moduleAssociate)
                  0001e134    00000048     libmmwavelink_xwr68xx.aer4f : rl_device.oer4f (.text:rlDeviceGetVersion)
                  0001e17c    00000048                                 : rl_driver.oer4f (.text:rlDriverOsiInit)
                  0001e1c4    00000048     pcount3D_mss_per4ft.oer4ft (.text:xdc_runtime_LoggerBuf_Object__create__S)
                  0001e20c    00000046     libmailbox_xwr68xx.aer4f : mailbox.oer4f (.text:CSL_FINSR)
                  0001e252    00000002     --HOLE-- [fill = 0]
                  0001e254    00000044     libadcbuf_xwr68xx.aer4f : adcbuf_mmwave.oer4f (.text:ADCBUF_MMWave_close)
                  0001e298    00000044     libcrc_xwr68xx.aer4f : crc.oer4f (.text:CRC_resetSignature)
                  0001e2dc    00000044     libdpm_xwr68xx.aer4f : dpm_core.oer4f (.text:DPM_start)
                  0001e320    00000044                          : dpm_core.oer4f (.text:DPM_stop)
                  0001e364    00000044     libmailbox_xwr68xx.aer4f : mailbox.oer4f (.text:Mailbox_boxFullISRMssDss)
                  0001e3a8    00000044     libgtrack3D.aer4f : gtrack_module.oer4f (.text:gtrack_moduleReport)
                  0001e3ec    00000044     rtsv7R4_T_le_v3D16_eabi.lib : hostclose.obj (.text)
                  0001e430    00000044                                 : hostunlink.obj (.text)
                  0001e474    0000000a     libgtrack3D.aer4f : gtrack_listlib.oer4f (.text:gtrack_listInit)
                  0001e47e    00000002     --HOLE-- [fill = 0]
                  0001e480    00000044     sysbios.aer4ft : BIOS.obj (.text:ti_sysbios_family_arm_v7r_tms570_Core_Module_startup__E)
                  0001e4c4    0000000a     libmathutils.aer4f : mathutils.oer4f (.text:mathUtils_floorLog2)
                  0001e4ce    00000002     --HOLE-- [fill = 0]
                  0001e4d0    00000044     sysbios.aer4ft : BIOS.obj (.text:ti_sysbios_knl_Task_allBlockedFunction__I)
                  0001e514    0000000a                    : tms570_Core_asm.obj (.text:ti_sysbios_family_arm_v7r_tms570_Core_getId__E)
                  0001e51e    00000002     --HOLE-- [fill = 0]
                  0001e520    00000044                    : BIOS.obj (.text:xdc_runtime_LoggerBuf_Module_startup__E)
                  0001e564    0000000a     pcount3D_mss_per4ft.oer4ft (.text:xdc_runtime_IHeap_alloc)
                  0001e56e    00000002     --HOLE-- [fill = 0]
                  0001e570    00000044     sysbios.aer4ft : BIOS.obj (.text:xdc_runtime_System_atexit__E)
                  0001e5b4    00000042     libedma_xwr68xx.aer4f : edma.oer4f (.text:EDMA_transferController_error_isr)
                  0001e5f6    00000042     libhwa_xwr68xx.aer4f : hwa.oer4f (.text:HWA_reset)
                  0001e638    00000042     libmmwave_xwr68xx.aer4f : mmwave_link.oer4f (.text:MMWave_executeLink)
                  0001e67a    00000042     libmmwavelink_xwr68xx.aer4f : rl_controller.oer4f (.text:rlGetSubBlock)
                  0001e6bc    00000040     libedma_xwr68xx.aer4f : edma.oer4f (.text:EDMA_linkParamSets)
                  0001e6fc    00000040     libhwa_xwr68xx.aer4f : hwa.oer4f (.text:HWA_getHWAMemInfo)
                  0001e73c    00000040     libgtrack3D.aer4f : gtrack_math.oer4f (.text:gtrack_matrixSetDiag)
                  0001e77c    00000040     libmmwavelink_xwr68xx.aer4f : rl_driver.oer4f (.text:rlDriverValidateHdr)
                  0001e7bc    00000040     rtsv7R4_T_le_v3D16_eabi.lib : strtok.obj (.text)
                  0001e7fc    00000004     pcount3D_mss_per4ft.oer4ft (.text:ti_sysbios_heaps_HeapMem_Module_GateProxy_enter__E)
                  0001e800    00000040     sysbios.aer4ft : BIOS.obj (.text:ti_sysbios_timers_rti_Timer_stop__E)
                  0001e840    0000003e     libadcbuf_xwr68xx.aer4f : adcbuf_mmwave.oer4f (.text:CSL_FINSR)
                  0001e87e    0000003e     libcrc_xwr68xx.aer4f : crc.oer4f (.text:CSL_FINSR)
                  0001e8bc    0000003e     libdma_xwr68xx.aer4f : dma.oer4f (.text:CSL_FINSR)
                  0001e8fa    0000003e     libgpio_xwr68xx.aer4f : gpio.oer4f (.text:CSL_FINSR)
                  0001e938    0000003e     libhwa_xwr68xx.aer4f : hwa.oer4f (.text:CSL_FINSR)
                  0001e976    0000003e     libpinmux_xwr68xx.aer4f : pinmux.oer4f (.text:CSL_FINSR)
                  0001e9b4    0000003e     libsoc_xwr68xx.aer4f : soc.oer4f (.text:CSL_FINSR)
                  0001e9f2    0000003e                          : soc_xwr68xx.oer4f (.text:CSL_FINSR)
                  0001ea30    0000003e                          : soc_xwr68xx_mss.oer4f (.text:CSL_FINSR)
                  0001ea6e    0000003e     libuart_xwr68xx.aer4f : uartsci.oer4f (.text:CSL_FINSR)
                  0001eaac    0000003e     libdpm_xwr68xx.aer4f : dpm_msg.oer4f (.text:DPM_msgStopHandler)
                  0001eaea    0000003e     libhwa_xwr68xx.aer4f : hwa.oer4f (.text:HWA_enable)
                  0001eb28    0000003e     libmmwave_xwr68xx.aer4f : mmwave.oer4f (.text:MMWave_decodeError)
                  0001eb66    0000003e     libuart_xwr68xx.aer4f : uartsci.oer4f (.text:UartSci_close)
                  0001eba4    0000003c     libcli_xwr68xx.aer4f : cli_mmwave.oer4f (.text:CLI_MMWaveFlushCfg)
                  0001ebe0    0000003c     libmailbox_xwr68xx.aer4f : mailbox.oer4f (.text:Mailbox_writeReset)
                  0001ec1c    0000003c     mss_main.oer4f (.text:Pcount3DDemo_isAllCfgInNonPendingState)
                  0001ec58    0000003c     mss_main.oer4f (.text:Pcount3DDemo_isAllCfgInPendingState)
                  0001ec94    0000003c     libsoc_xwr68xx.aer4f : soc.oer4f (.text:SOC_unhaltBSS)
                  0001ecd0    0000003c     sysbios.aer4ft : vim_Hwi_asm.obj (.text:ti_sysbios_family_arm_v7r_vim_Hwi_init__I)
                  0001ed0c    00000004     pcount3D_mss_per4ft.oer4ft (.text:ti_sysbios_heaps_HeapMem_Module_GateProxy_leave__E)
                  0001ed10    0000003c     sysbios.aer4ft : BIOS.obj (.text:ti_sysbios_hal_Hwi_checkStack)
                  0001ed4c    00000004     pcount3D_mss_per4ft.oer4ft (.text:ti_sysbios_knl_Clock_TimerProxy_getMaxTicks__E)
                  0001ed50    0000003c     sysbios.aer4ft : BIOS.obj (.text:ti_sysbios_heaps_HeapMem_init__I)
                  0001ed8c    0000003a     libhwa_xwr68xx.aer4f : hwa.oer4f (.text:HWA_setDMA2ACCManualTrig)
                  0001edc6    00000002     --HOLE-- [fill = 0]
                  0001edc8    0000003a     libosal_xwr68xx.aer4f : HwiP_tirtos.oer4f (.text:HwiP_delete)
                  0001ee02    00000002     --HOLE-- [fill = 0]
                  0001ee04    00000038     libcli_xwr68xx.aer4f : cli_mmwave.oer4f (.text:CLI_MMWaveExtensionInit)
                  0001ee3c    00000038     objdetrangehwa.oer4f (.text:DPC_ObjectDetection_deinit)
                  0001ee74    00000038     libdpm_xwr68xx.aer4f : dpm_core.oer4f (.text:DPM_notifyExecute)
                  0001eeac    00000038     libedma_xwr68xx.aer4f : edma_low_level.oer4f (.text:EDMA3ClrMissEvt)
                  0001eee4    00000038     libuart_xwr68xx.aer4f : UART.oer4f (.text:UART_init)
                  0001ef1c    00000036     libmmwavelink_xwr68xx.aer4f : rl_controller.oer4f (.text:rlAppendSubBlock)
                  0001ef52    00000036     rtsv7R4_T_le_v3D16_eabi.lib : strncpy.obj (.text)
                  0001ef88    00000036                                 : ull_tofs_t2.obj (.text)
                  0001efbe    00000002     --HOLE-- [fill = 0]
                  0001efc0    00000034     libadcbuf_xwr68xx.aer4f : ADCBuf.oer4f (.text:ADCBuf_open)
                  0001eff4    00000034     libedma_xwr68xx.aer4f : edma.oer4f (.text:EDMA_configTransferControllerError)
                  0001f028    00000034     libhwa_xwr68xx.aer4f : hwa.oer4f (.text:HWA_disableDoneInterrupt)
                  0001f05c    00000034     libmmwave_xwr68xx.aer4f : mmwave_link.oer4f (.text:MMWave_mboxWrite)
                  0001f090    00000034     libsoc_xwr68xx.aer4f : soc_xwr68xx.oer4f (.text:SOC_enableHWA)
                  0001f0c4    00000034                          : soc_xwr68xx.oer4f (.text:SOC_setMMWaveDSSLinkState)
                  0001f0f8    00000034                          : soc_xwr68xx.oer4f (.text:SOC_setMMWaveMSSLinkState)
                  0001f12c    00000034                          : soc_xwr68xx.oer4f (.text:SOC_setMSSLinkState)
                  0001f160    00000034     libuart_xwr68xx.aer4f : UART.oer4f (.text:UART_open)
                  0001f194    0000000a     pcount3D_mss_per4ft.oer4ft (.text:xdc_runtime_IHeap_free)
                  0001f19e    00000002     --HOLE-- [fill = 0]
                  0001f1a0    00000034     sysbios.aer4ft : BIOS.obj (.text:ti_sysbios_family_arm_a15_TimestampProvider_get64__E)
                  0001f1d4    00000034     pcount3D_mss_per4ft.oer4ft (.text:ti_sysbios_knl_Semaphore_create)
                  0001f208    00000032     libcrc_xwr68xx.aer4f : crc.oer4f (.text:CRC_getCRCDataSelectBitValue)
                  0001f23a    00000002     --HOLE-- [fill = 0]
                  0001f23c    00000032                          : crc.oer4f (.text:CRC_getCRCTypeBitValue)
                  0001f26e    00000032     libedma_xwr68xx.aer4f : edma.oer4f (.text:EDMA_configQueueThreshold)
                  0001f2a0    00000032     libhwa_xwr68xx.aer4f : hwa.oer4f (.text:HWA_allParamDoneISR)
                  0001f2d2    0000000e     libosal_xwr68xx.aer4f : SemaphoreP_tirtos.oer4f (.text:SemaphoreP_delete)
                  0001f2e0    00000032     sysbios.aer4ft : BIOS.obj (.text:ti_sysbios_hal_Hwi_initStack)
                  0001f312    00000002     --HOLE-- [fill = 0]
                  0001f314    00000030     libadcbuf_xwr68xx.aer4f : ADCBuf.oer4f (.text:ADCBuf_init)
                  0001f344    00000030     libmmwave_xwr68xx.aer4f : mmwave_listlib.oer4f (.text:MMWave_listRemoveNode)
                  0001f374    00000030     mss_main.oer4f (.text:Pcount3DDemo_resetStaticCfgPendingState)
                  0001f3a4    00000030     libsoc_xwr68xx.aer4f : soc.oer4f (.text:SOC_getDevicePartNumber)
                  0001f3d4    00000030     libgtrack3D.aer4f : gtrack_math.oer4f (.text:gtrack_matrixAdd)
                  0001f404    00000030                       : gtrack_math.oer4f (.text:gtrack_matrixSub)
                  0001f434    00000030     libmmwavelink_xwr68xx.aer4f : rl_sensor.oer4f (.text:rlSensorStart)
                  0001f464    00000030     pcount3D_mss_per4ft.oer4ft (.text:ti_sysbios_BIOS_startFunc__I)
                  0001f494    0000000a     pcount3D_mss_per4ft.oer4ft (.text:xdc_runtime_IHeap_getStats)
                  0001f49e    00000002     --HOLE-- [fill = 0]
                  0001f4a0    00000030     sysbios.aer4ft : BIOS.obj (.text:ti_sysbios_family_arm_TaskSupport_start__E)
                  0001f4d0    00000030     pcount3D_mss_per4ft.oer4ft (.text:ti_sysbios_gates_GateHwi_Object__create__S)
                  0001f500    00000030     pcount3D_mss_per4ft.oer4ft (.text:ti_sysbios_gates_GateMutex_Object__create__S)
                  0001f530    00000030     pcount3D_mss_per4ft.oer4ft (.text:ti_sysbios_heaps_HeapMem_Object__create__S)
                  0001f560    00000030     sysbios.aer4ft : BIOS.obj (.text:ti_sysbios_heaps_HeapMem_free__E)
                  0001f590    00000030     pcount3D_mss_per4ft.oer4ft (.text:ti_sysbios_knl_Semaphore_construct)
                  0001f5c0    0000002f     sysbios.aer4ft : BIOS.obj (.text:xdc_runtime_Text_printVisFxn__I)
                  0001f5ef    00000001     --HOLE-- [fill = 0]
                  0001f5f0    0000002e     libdpm_xwr68xx.aer4f : dpm_msg.oer4f (.text:DPM_msgStartHandler)
                  0001f61e    0000002e     objdetrangehwa.oer4f (.text:_DPC_Objdet_Assert)
                  0001f64c    00000004     pcount3D_mss_per4ft.oer4ft (.text:ti_sysbios_knl_Semaphore_delete)
                  0001f650    0000002e     sysbios.aer4ft : BIOS.obj (.text:ti_sysbios_knl_Semaphore_pendTimeout__I)
                  0001f67e    0000002e     pcount3D_mss_per4ft.oer4ft (.text:ti_sysbios_rts_MemAlloc_alloc)
                  0001f6ac    0000002c     libdpm_xwr68xx.aer4f : dpm_pipe.oer4f (.text:DPM_pipeInit)
                  0001f6d8    0000002c     trackerproc_3d.oer4f (.text:DPU_TrackerProc_init)
                  0001f704    0000002c     libedma_xwr68xx.aer4f : edma.oer4f (.text:EDMA_validate_channelIdchannelType)
                  0001f730    0000002c     libgpio_xwr68xx.aer4f : gpio.oer4f (.text:GPIO_HighPriorityISR)
                  0001f75c    0000002c                           : gpio.oer4f (.text:GPIO_LowPriorityISR)
                  0001f788    0000002c     libmmwave_xwr68xx.aer4f : mmwave_osal.oer4f (.text:MMWave_osalMutexCreate)
                  0001f7b4    0000002c                             : mmwave_osal.oer4f (.text:MMWave_osalSemCreate)
                  0001f7e0    0000002c     libsoc_xwr68xx.aer4f : soc_xwr68xx_mss.oer4f (.text:SOC_waitBSSPowerUp)
                  0001f80c    0000002c     libmmwavelink_xwr68xx.aer4f : rl_device.oer4f (.text:rlDeviceGetMssVersion)
                  0001f838    0000002c                                 : rl_sensor.oer4f (.text:rlSensorStop)
                  0001f864    0000002c     rtsv7R4_T_le_v3D16_eabi.lib : e_sqrt.obj (.text)
                  0001f890    0000002c                                 : unlink.obj (.text)
                  0001f8bc    0000002c     pcount3D_mss_per4ft.oer4ft (.text:ti_sysbios_BIOS_atExitFunc__I)
                  0001f8e8    0000002c     pcount3D_mss_per4ft.oer4ft (.text:ti_sysbios_knl_Clock_doTick__I)
                  0001f914    0000002c     pcount3D_mss_per4ft.oer4ft (.text:ti_sysbios_knl_Queue_construct)
                  0001f940    0000002c     sysbios.aer4ft : BIOS.obj (.text:ti_sysbios_timers_rti_Timer_periodicStub__E)
                  0001f96c    0000002a     objdetrangehwa.oer4f (.text:DPC_ObjDetRangeHwa_MemPoolAlloc)
                  0001f996    0000002a     libdpm_xwr68xx.aer4f : dpm_pipe.oer4f (.text:DPM_pipeDeinit)
                  0001f9c0    0000002a     libedma_xwr68xx.aer4f : edma.oer4f (.text:EDMA_isError)
                  0001f9ea    0000002a     mmwdemo_adcconfig.oer4f (.text:MmwDemo_ADCBufOpen)
                  0001fa14    0000002a     libsoc_xwr68xx.aer4f : soc.oer4f (.text:SOC_SystemISR)
                  0001fa3e    0000002a     libmmwavelink_xwr68xx.aer4f : rl_device.oer4f (.text:rlDeviceGetMmWaveLinkVersion)
                  0001fa68    0000002a     rtsv7R4_T_le_v3D16_eabi.lib : strspn.obj (.text)
                  0001fa92    00000028     objdetrangehwa.oer4f (.text:DPC_ObjDetRangeHwa_reconfigSubFrame)
                  0001faba    00000002     --HOLE-- [fill = 0]
                  0001fabc    00000028     libdpm_xwr68xx.aer4f : dpm_mailbox.oer4f (.text:DPM_mboxDeinit)
                  0001fae4    00000028                          : dpm_msg.oer4f (.text:DPM_msgInitHeader)
                  0001fb0c    00000028     rangeprochwa.oer4f (.text:DPU_RangeProcHWA_deinit)
                  0001fb34    00000028     libmailbox_xwr68xx.aer4f : mailbox.oer4f (.text:Mailbox_Config_init)
                  0001fb5c    00000028     libuart_xwr68xx.aer4f : uartsci_dma.oer4f (.text:UartSci_RxDMACallbackFxn)
                  0001fb84    00000028                           : uartsci_dma.oer4f (.text:UartSci_TxDMACallbackFxn)
                  0001fbac    00000028     libmmwavelink_xwr68xx.aer4f : rl_driver.oer4f (.text:rlDriverConstructInMsg)
                  0001fbd4    00000028     rtsv7R4_T_le_v3D16_eabi.lib : e_sqrtf.obj (.text)
                  0001fbfc    00000028                                 : lseek.obj (.text)
                  0001fc24    00000028                                 : write.obj (.text)
                  0001fc4c    00000004     pcount3D_mss_per4ft.oer4ft (.text:xdc_runtime_LoggerBuf_Module_GateProxy_enter__E)
                  0001fc50    00000028     sysbios.aer4ft : BIOS.obj (.text:ti_sysbios_knl_Idle_run__E)
                  0001fc78    00000006     libedma_xwr68xx.aer4f : edma_low_level.oer4f (.text:EDMA3ClrCCErr)
                  0001fc7e    00000002     --HOLE-- [fill = 0]
                  0001fc80    00000028     sysbios.aer4ft : BIOS.obj (.text:xdc_runtime_SysStd_abort__E)
                  0001fca8    00000006     libedma_xwr68xx.aer4f : edma_low_level.oer4f (.text:EDMA3ErrIntrHighStatusGet)
                  0001fcae    00000002     --HOLE-- [fill = 0]
                  0001fcb0    00000028     sysbios.aer4ft : BIOS.obj (.text:xdc_runtime_System_aprintf_va__F)
                  0001fcd8    00000026     libgtrack3D.aer4f : gtrack_listlib.oer4f (.text:gtrack_listEnqueue)
                  0001fcfe    00000026                       : gtrack_math.oer4f (.text:gtrack_vectorAdd)
                  0001fd24    00000026                       : gtrack_math.oer4f (.text:gtrack_vectorSub)
                  0001fd4a    00000026     libmmwavelink_xwr68xx.aer4f : rl_sensor.oer4f (.text:rlRfInitCalibConfig)
                  0001fd70    00000026                                 : rl_sensor.oer4f (.text:rlRfRunTimeCalibConfig)
                  0001fd96    00000026                                 : rl_sensor.oer4f (.text:rlRfSetDeviceCfg)
                  0001fdbc    00000026                                 : rl_sensor.oer4f (.text:rlSetAdcOutConfig)
                  0001fde2    00000026                                 : rl_sensor.oer4f (.text:rlSetBpmCommonConfig)
                  0001fe08    00000026                                 : rl_sensor.oer4f (.text:rlSetChannelConfig)
                  0001fe2e    00000026                                 : rl_sensor.oer4f (.text:rlSetContModeConfig)
                  0001fe54    00000026     rtsv7R4_T_le_v3D16_eabi.lib : memcmp.obj (.text)
                  0001fe7a    00000006     libedma_xwr68xx.aer4f : edma_low_level.oer4f (.text:EDMA3GetCCErrStatus)
                  0001fe80    00000026     sysbios.aer4ft : BIOS.obj (.text:xdc_runtime_System_printf_va__F)
                  0001fea6    00000002     --HOLE-- [fill = 0]
                  0001fea8    00000025     mss_main.oer4f (.text:_Pcount3DDemo_debugAssert)
                  0001fecd    00000001     --HOLE-- [fill = 0]
                  0001fece    00000024     libcrc_xwr68xx.aer4f : crc.oer4f (.text:CRC_isTransactionIdValid)
                  0001fef2    00000002     --HOLE-- [fill = 0]
                  0001fef4    00000024     libedma_xwr68xx.aer4f : edma_low_level.oer4f (.text:EDMA3ClrEvt)
                  0001ff18    00000024                           : edma_low_level.oer4f (.text:EDMA3ClrIntr)
                  0001ff3c    00000024                           : edma_low_level.oer4f (.text:EDMA3DisableEvtIntr)
                  0001ff60    00000024                           : edma_low_level.oer4f (.text:EDMA3EnableDmaEvt)
                  0001ff84    00000024                           : edma_low_level.oer4f (.text:EDMA3EnableEvtIntr)
                  0001ffa8    00000024                           : edma.oer4f (.text:EDMA_clearTransferControllerErrors)
                  0001ffcc    00000024     libgpio_xwr68xx.aer4f : gpio.oer4f (.text:GPIO_processInterrupt)
[...]
00023390  ti_sysbios_knl_Task_A_badPriority__C                                 
00023394  ti_sysbios_knl_Task_A_badTaskState__C                                
00023398  ti_sysbios_knl_Task_A_badThreadType__C                               
0002339c  ti_sysbios_knl_Task_A_badTimeout__C                                  
000233a0  ti_sysbios_knl_Task_A_noPendElem__C                                  
000233a4  ti_sysbios_knl_Task_A_sleepTaskDisabled__C                           
000233a8  ti_sysbios_knl_Task_E_spOutOfBounds__C                               
000233ac  ti_sysbios_knl_Task_E_stackOverflow__C                               
000233b0  ti_sysbios_knl_Task_LD_block__C                                      
000233b4  ti_sysbios_knl_Task_LD_exit__C                                       
000233b8  ti_sysbios_knl_Task_LD_ready__C                                      
000233bc  ti_sysbios_knl_Task_LM_sleep__C                                      
000233c0  ti_sysbios_knl_Task_LM_switch__C                                     
000233c4  ti_sysbios_knl_Task_Module_State_inactiveQ__O                        
000233c8  ti_sysbios_knl_Task_Module__diagsEnabled__C                          
000233cc  ti_sysbios_knl_Task_Module__diagsIncluded__C                         
000233d0  ti_sysbios_knl_Task_Module__diagsMask__C                             
000233d4  ti_sysbios_knl_Task_Module__loggerFxn2__C                            
000233d8  ti_sysbios_knl_Task_Module__loggerFxn4__C                            
000233dc  ti_sysbios_knl_Task_Module__loggerObj__C                             
000233e0  ti_sysbios_knl_Task_Object__count__C                                 
000233e4  ti_sysbios_knl_Task_Object__heap__C                                  
000233e8  ti_sysbios_knl_Task_allBlockedFunc__C                                
000233ec  ti_sysbios_knl_Task_defaultStackHeap__C                              
000233f0  ti_sysbios_knl_Task_defaultStackSize__C                              
000233f4  ti_sysbios_knl_Task_numConstructedTasks__C                           
000233f8  ti_sysbios_timers_rti_Timer_E_cannotSupport__C                       
000233fc  ti_sysbios_timers_rti_Timer_Module__diagsEnabled__C                  
00023400  ti_sysbios_timers_rti_Timer_Module__diagsIncluded__C                 
00023404  ti_sysbios_timers_rti_Timer_Module__diagsMask__C                     
00023408  ti_sysbios_timers_rti_Timer_numTimerDevices__C                       
0002340c  ti_sysbios_timers_rti_Timer_startupNeeded__C                         
00023410  ti_sysbios_utils_Load_LS_cpuLoad__C                                  
00023414  ti_sysbios_utils_Load_LS_taskLoad__C                                 
00023418  ti_sysbios_utils_Load_Module_State_taskList__O                       
0002341c  ti_sysbios_utils_Load_Module__diagsEnabled__C                        
00023420  ti_sysbios_utils_Load_Module__diagsIncluded__C                       
00023424  ti_sysbios_utils_Load_Module__diagsMask__C                           
00023428  ti_sysbios_utils_Load_Module__loggerFxn1__C                          
0002342c  ti_sysbios_utils_Load_Module__loggerFxn4__C                          
00023430  ti_sysbios_utils_Load_Module__loggerObj__C                           
00023434  ti_sysbios_utils_Load_postUpdate__C                                  
00023438  ti_sysbios_utils_Load_windowInMs__C                                  
0002343c  xdc_runtime_Assert_E_assertFailed__C                                 
00023440  xdc_runtime_Core_A_initializedParams__C                              
00023444  xdc_runtime_Core_Module__diagsEnabled__C                             
00023448  xdc_runtime_Core_Module__diagsIncluded__C                            
0002344c  xdc_runtime_Core_Module__diagsMask__C                                
00023450  xdc_runtime_Error_E_memory__C                                        
00023454  xdc_runtime_Error_Module__diagsEnabled__C                            
00023458  xdc_runtime_Error_Module__diagsIncluded__C                           
0002345c  xdc_runtime_Error_Module__diagsMask__C                               
00023460  xdc_runtime_Error_Module__loggerFxn8__C                              
00023464  xdc_runtime_Error_Module__loggerObj__C                               
00023468  xdc_runtime_Error_policyFxn__C                                       
0002346c  xdc_runtime_Error_policy__C                                          
00023470  xdc_runtime_Error_raiseHook__C                                       
00023474  xdc_runtime_IFilterLogger_Interface__BASE__C                         
00023478  xdc_runtime_IGateProvider_Interface__BASE__C                         
0002347c  xdc_runtime_IHeap_Interface__BASE__C                                 
00023480  xdc_runtime_ILogger_Interface__BASE__C                               
00023484  xdc_runtime_IModule_Interface__BASE__C                               
00023488  xdc_runtime_Log_L_error__C                                           
0002348c  xdc_runtime_LoggerBuf_E_badLevel__C                                  
00023490  xdc_runtime_LoggerBuf_Module__gateObj__C                             
00023494  xdc_runtime_LoggerBuf_Object__count__C                               
00023498  xdc_runtime_LoggerBuf_statusLogger__C                                
0002349c  xdc_runtime_Memory_defaultHeapInstance__C                            
000234a0  xdc_runtime_Startup_execImpl__C                                      
000234a4  xdc_runtime_Startup_maxPasses__C                                     
000234a8  xdc_runtime_Startup_sfxnRts__C                                       
000234ac  xdc_runtime_Startup_sfxnTab__C                                       
000234b0  xdc_runtime_System_Module__gateObj__C                                
000234b4  xdc_runtime_System_abortFxn__C                                       
000234b8  xdc_runtime_System_exitFxn__C                                        
000234bc  xdc_runtime_System_extendFxn__C                                      
000234c0  xdc_runtime_System_maxAtexitHandlers__C                              
000234c4  xdc_runtime_Text_charTab__C                                          
000234c8  xdc_runtime_Text_nameEmpty__C                                        
000234cc  xdc_runtime_Text_nameStatic__C                                       
000234d0  xdc_runtime_Text_nameUnknown__C                                      
000234d4  xdc_runtime_Text_visitRopeFxn__C                                     
000234d8  ti_sysbios_family_arm_v7r_tms570_Core_Module__id__C                  
000234da  ti_sysbios_family_arm_v7r_vim_Hwi_Module__id__C                      
000234dc  ti_sysbios_family_arm_v7r_vim_Hwi_Module__loggerDefined__C           
000234de  ti_sysbios_gates_GateMutex_Module__id__C                             
000234e0  ti_sysbios_hal_Hwi_Module__id__C                                     
000234e2  ti_sysbios_heaps_HeapMem_Module__id__C                               
000234e4  ti_sysbios_knl_Clock_Module__id__C                                   
000234e6  ti_sysbios_knl_Clock_Module__loggerDefined__C                        
000234e8  ti_sysbios_knl_Semaphore_Module__id__C                               
000234ea  ti_sysbios_knl_Semaphore_Module__loggerDefined__C                    
000234ec  ti_sysbios_knl_Task_Module__id__C                                    
000234ee  ti_sysbios_knl_Task_Module__loggerDefined__C                         
000234f0  ti_sysbios_timers_rti_Timer_Module__id__C                            
000234f2  ti_sysbios_timers_rti_Timer_continueOnSuspend__C                     
000234f4  ti_sysbios_utils_Load_Module__id__C                                  
000234f6  ti_sysbios_utils_Load_Module__loggerDefined__C                       
000234f8  ti_sysbios_utils_Load_autoAddTasks__C                                
000234fa  ti_sysbios_utils_Load_updateInIdle__C                                
000234fc  xdc_runtime_Core_Module__id__C                                       
000234fe  xdc_runtime_Error_Module__loggerDefined__C                           
00023500  xdc_runtime_Error_maxDepth__C                                        
00023502  xdc_runtime_LoggerBuf_Module__id__C                                  
00023504  xdc_runtime_LoggerBuf_filterByLevel__C                               
00023506  xdc_runtime_Main_Module__id__C                                       
00023508  xdc_runtime_Memory_Module__id__C                                     
0002350a  xdc_runtime_Text_charCnt__C                                          
0002350c  xdc_runtime_Text_isLoaded__C                                         
0002350e  xdc_runtime_Text_registryModsLastId__C                               
00023510  xdc_runtime_Text_unnamedModsLastId__C                                
00023518  __TI_static_base__                                                   
000239e0  __TI_Handler_Table_Base                                              
000239ec  __TI_Handler_Table_Limit                                             
00023a18  __TI_CINIT_Base                                                      
00023a48  __TI_CINIT_Limit                                                     
08000000  ti_sysbios_heaps_HeapMem_Instance_State_0_buf__A                     
08020800  gMmwMssMCB                                                           
08023788  xdc_runtime_LoggerBuf_Instance_State_0_entryArr__A                   
08025088  ti_sysbios_family_arm_exc_Exception_Module_State_0_excStack_0__A     
08026088  edmaDbg                                                              
08026570  ti_sysbios_knl_Task_Instance_State_0_stack__A                        
08026890  gCLI                                                                 
08026a38  gGPIOMCB                                                             
08026bcc  __CIOBUF_                                                            
08026cec  gMMWave_MCB                                                          
08026dec  __TI_tmpnams                                                         
08026e8c  gEsmMCB                                                              
08026efc  gDMADriverPtr                                                        
08026f04  gMMWave_DualcoreMCB                                                  
08026f0c  parmbuf                                                              
08026f14  gObjDetObj                                                           
08026f18  ti_sysbios_knl_Task_Instance_State_0_hookEnv__A                      
08026f1c  gDPCTCM                                                              
08028f20  rl_txMsg                                                             
08029020  rl_rxMsg                                                             
08029308  appStateParamTable                                                   
08029338  appVariationParamTable                                               
08029378  appGatingParamTable                                                  
080293c8  appAllocationParamTable                                              
08029428  appSceneryParamTable                                                 
08029618  gCLI_mmwave_freq_scale_factor                                        
08029620  gCLIMMWaveOpenCfg                                                    
08029648  partInfoStringArray                                                  
080296c8  gCLIMMWaveExtensionTable                                             
08029770  gCLIMMWaveControlCfg                                                 
08029840  ti_sysbios_family_arm_v7r_vim_Hwi_Module_State_0_dispatchTable__A    
08029a40  _ftable                                                              
08029b30  ti_sysbios_utils_Load_Module__state__V                               
08029bc8  ti_sysbios_knl_Task_Module_State_0_readyQ__A                         
08029c48  _device                                                              
08029cc0  gDMAHwCfg                                                            
08029d20  ti_sysbios_knl_Task_Object__table__V                                 
08029d7c  gUartSciHwCfg                                                        
08029dd4  _stream                                                              
08029e24  gMailboxMCB                                                          
08029e74  ti_sysbios_knl_Task_Module__state__V                                 
08029ebc  SOC_TranslateAddr_LUT                                                
08029efc  ti_sysbios_gates_GateMutex_Object__table__V                          
08029f3c  ti_sysbios_timers_rti_Timer_Object__table__V                         
08029f78  ti_sysbios_family_arm_v7r_vim_Hwi_Module__state__V                   
08029fac  gHWAHwCfg                                                            
08029fdc  ti_sysbios_family_arm_v7r_vim_Hwi_Object__table__V                   
0802a008  ti_sysbios_knl_Clock_Module__state__V                                
0802a034  gUartSciFxnTable                                                     
0802a05c  UART_config                                                          
0802a080  gDPC_ObjDetRangeHWACfg                                               
0802a0a4  ti_sysbios_BIOS_Module__state__V                                     
0802a0c8  xdc_runtime_LoggerBuf_Object__table__V                               
0802a0ec  ti_sysbios_knl_Clock_Object__table__V                                
0802a10c  xdc_runtime_Error_IgnoreBlock                                        
0802a12c  xdc_runtime_System_Module_State_0_atexitHandlers__A                  
0802a14c  ti_sysbios_utils_Load_Module_State_0_taskEnv__A                      
0802a168  ADCBuf_config                                                        
0802a180  gMailboxMssBssHwCfg                                                  
0802a198  gMailboxMssDssHwCfg                                                  
0802a1b0  ti_sysbios_heaps_HeapMem_Object__table__V                            
0802a1c8  ti_sysbios_timers_rti_Timer_Module_State_0_device__A                 
0802a1e0  gDPMRemoteTable                                                      
0802a1f4  gSOCHwAttrib                                                         
0802a208  ti_sysbios_family_arm_exc_Exception_Module__state__V                 
0802a21c  DMA_defaultParams                                                    
0802a22c  gHwaEDMAChanMapping                                                  
0802a23c  __TI_ft_end                                                          
0802a240  __aeabi_stdin                                                        
0802a244  __aeabi_stdout                                                       
0802a248  __aeabi_stderr                                                       
0802a24c  ti_sysbios_timers_rti_Timer_Module_State_0_intFreqs__A               
0802a25c  ti_sysbios_timers_rti_Timer_Module__state__V                         
0802a26c  __TI_cleanup_ptr                                                     
0802a270  __TI_dtors_ptr                                                       
0802a274  __TI_enable_exit_profile_output                                      
0802a278  gESMHwCfgAttrs                                                       
0802a284  ti_sysbios_family_arm_v7a_Pmu_Module__state__V                       
0802a290  ti_sysbios_knl_Task_Module__root__V                                  
0802a29c  _lock                                                                
0802a2a0  _unlock                                                              
0802a2a4  MmwDemo_RFParserHwCfg                                                
0802a2ac  gDPMHwAttrib                                                         
0802a2b4  gGPIOHwAtrrib                                                        
0802a2bc  ti_sysbios_family_arm_v7r_vim_Hwi_Module__root__V                    
0802a2c4  ti_sysbios_gates_GateHwi_Module__root__V                             
0802a2cc  ti_sysbios_gates_GateMutex_Module__root__V                           
0802a2d4  ti_sysbios_hal_Hwi_Object__table__V                                  
0802a2dc  ti_sysbios_heaps_HeapMem_Module__root__V                             
0802a2e4  ti_sysbios_knl_Queue_Module__root__V                                 
0802a2ec  ti_sysbios_knl_Semaphore_Module__root__V                             
0802a2f4  ti_sysbios_timers_rti_Timer_Module_State_0_handles__A                
0802a2fc  xdc_runtime_LoggerBuf_Module__root__V                                
0802a304  xdc_runtime_Registry_Module__state__V                                
0802a30c  xdc_runtime_Startup_Module__state__V                                 
0802a314  xdc_runtime_System_Module__state__V                                  
0802a31c  xdc_runtime_LoggerBuf_Module__state__V                               
0802a322  ti_sysbios_family_arm_exc_Exception_Module_State_0_excActive__A      
0802a324  gHWADriverPtr                                                        
0802a32c  gCRCRegister                                                         
0802a330  gDPM                                                                 
0802a334  regionId                                                             
0802a338  gPinmuxRegs                                                          
0802a340  errno                                                                
0802a34c  main_func_sp                                                         
0802a354  ti_sysbios_family_arm_a15_TimestampProvider_Module__state__V         
0802a358  ti_sysbios_family_arm_exc_Exception_Module_State_0_excContext__A     
0802a35c  ti_sysbios_family_arm_exc_Exception_Module_State_0_excStackBuffers__A
0802a360  ti_sysbios_family_arm_exc_Exception_Module_State_0_excStack__A       
0802a364  ti_sysbios_gates_GateHwi_Object__table__V                            
0802a368  ti_sysbios_heaps_HeapBuf_Module__state__V                            
0802a36c  ti_sysbios_knl_Task_Module_State_0_idleTask__A                       
0802a370  ti_sysbios_utils_Load_Module_State_0_runningTask__A                  
0802a374  ti_sysbios_utils_Load_Module_State_0_taskStartTime__A                
0802a378  gGtrackMemoryUsed                                                    
0802a37c  xdc_runtime_Memory_Module__state__V                                  
0802a380  xdc_runtime_Error_Module__state__V                                   
0802a388  ti_sysbios_family_arm_v7r_vim_Hwi_Module_State_0_fiqStack__A         
0802ab88  __stack                                                              
0802b388  __STACK_END                                                          
51000000  gMmwL3                                                               
fffffdec  ti_sysbios_family_arm_v7r_vim_Hwi_vim                                
ffffffff  __TI_pprof_out_hndl                                                  
ffffffff  __TI_prof_data_size                                                  
ffffffff  __TI_prof_data_start                                                 
ffffffff  __binit__                                                            
ffffffff  __c_args__                                                           
ffffffff  binit                                                                
UNDEFED   SHT$$INIT_ARRAY$$Base                                                
UNDEFED   SHT$$INIT_ARRAY$$Limit                                               

[1187 symbols]
